Testing /api/users...
{"statusCode":200,"data":"[{\"id\":\"admin_juliemtrice7\",\"name\":\"Admin\",\"email\":\"juliemtrice7@proton.me\",\"role\":\"ADMIN\",\"avatar\":\"https://ui-avatars.com/api/?name=Admin\",\"joined\":\"2026-04-04T12:03:51.765Z\",\"status\":\"ACTIVE\",\"spend\":null,\"location\":null,\"verificationStatus\":null,\"phone\":null,\"shippingAddress\":null,\"measurements\":null},{\"id\":\"admin_mikelarry00764\",\"name\":\"Admin\",\"email\":\"mikelarry00764@proton.me\",\"role\":\"ADMIN\",\"avatar\":\"https://ui-avatars.com/api/?name=Admin\",\"joined\":\"2026-04-04T12:03:51.864Z\",\"status\":\"ACTIVE\",\"spend\":null,\"location\":null,\"verificationStatus\":null,\"phone\":null,\"shippingAddress\":null,\"measurements\":null},{\"id\":\"u2\",\"name\":\"Michael Chen\",\"email\":\"michael@example.com\",\"role\":\"BUYER\",\"avatar\":\"https://i.pravatar.cc/150?u=u2\",\"joined\":\"2026-04-13T16:34:17.265Z\",\"status\":\"ACTIVE\",\"spend\":\"$850\",\"location\":\"London, UK\",\"verificationStatus\":null,\"phone\":null,\"shippingAddress\":null,\"measurements\":null},{\"id\":\"u3\",\"name\":\"Elena Rodriguez\",\"email\":\"elena@example.com\",\"role\":\"BUYER\",\"avatar\":\"https://i.pravatar.cc/150?u=u3\",\"joined\":\"2026-04-13T16:34:17.265Z\",\"status\":\"ACTIVE\",\"spend\":\"$2,100\",\"location\":\"Madrid, Spain\",\"verificationStatus\":null,\"phone\":null,\"shippingAddress\":null,\"measurements\":null},{\"id\":\"u1\",\"name\":\"Sarah Johnson\",\"email\":\"sarah@example.com\",\"role\":\"BUYER\",\"avatar\":\"https://i.pravatar.cc/150?u=u1\",\"joined\":\"2026-04-13T16:34:17.265Z\",\"status\":\"ACTIVE\",\"spend\":\"$1,200\",\"location\":\"New York, USA\",\"verificationStatus\":null,\"phone\":null,\"shippingAddress\":null,\"measurements\":null}]"}
Testing /api/orders...
{"statusCode":200,"data":"[{\"id\":\"ord_live_1776103040233\",\"customerName\":\"Guest_7269\",\"date\":\"2026-04-13T17:57:20.233Z\",\"total\":250,\"status\":\"Processing\",\"items\":[{\"id\":\"p1\",\"name\":\"Lagos Silk Dress\",\"size\":\"S\",\"image\":\"https://images.unsplash.com/photo-1539533018447-63fcce2678e3?q=80&w=800\",\"price\":250,\"sizes\":[\"S\",\"M\",\"L\"],\"stock\":5,\"video\":null,\"votes\":0,\"images\":null,\"rating\":4.8,\"category\":\"Dresses\",\"designer\":\"Atelier Lagos\",\"dropDate\":null,\"quantity\":1,\"variants\":[],\"vendorId\":null,\"createdAt\":null,\"isPreOrder\":null,\"description\":\"Hand-woven silk dress with asymmetrical cut.\",\"isNewSeason\":null,\"releaseDate\":null}],\"buyerId\":null,\"shippingCost\":0},{\"id\":\"ord_live_1776102971400\",\"customerName\":\"Guest_3419\",\"date\":\"2026-04-13T17:56:11.400Z\",\"total\":150,\"status\":\"Processing\",\"items\":[{\"id\":\"p2\",\"name\":\"Accra Leather Bag\",\"size\":\"One Size\",\"image\":\"https://images.unsplash.com/photo-1516762689617-e1cffcef479d?q=80&w=800\",\"price\":150,\"sizes\":[\"One Size\"],\"stock\":12,\"video\":null,\"votes\":0,\"images\":null,\"rating\":5,\"category\":\"Accessories\",\"designer\":\"Accra Avant-Garde\",\"dropDate\":null,\"quantity\":1,\"variants\":[],\"vendorId\":null,\"createdAt\":null,\"isPreOrder\":null,\"description\":\"Genuine leather bag with metallic hardware.\",\"isNewSeason\":null,\"releaseDate\":null}],\"buyerId\":null,\"shippingCost\":0},{\"id\":\"ord_live_1776101935639\",\"customerName\":\"Guest_2018\",\"date\":\"2026-04-13T17:38:55.639Z\",\"total\":150,\"status\":\"Processing\",\"items\":[{\"id\":\"p2\",\"name\":\"Accra Leather Bag\",\"size\":\"One Size\",\"image\":\"https://images.unsplash.com/photo-1516762689617-e1cffcef479d?q=80&w=800\",\"price\":150,\"sizes\":[\"One Size\"],\"stock\":12,\"video\":null,\"votes\":0,\"images\":null,\"rating\":5,\"category\":\"Accessories\",\"designer\":\"Accra Avant-Garde\",\"dropDate\":null,\"quantity\":1,\"variants\":[],\"vendorId\":null,\"createdAt\":null,\"isPreOrder\":null,\"description\":\"Genuine leather bag with metallic hardware.\",\"isNewSeason\":null,\"releaseDate\":null}],\"buyerId\":null,\"shippingCost\":0},{\"id\":\"ord_live_1776101554541\",\"customerName\":\"Guest_9052\",\"date\":\"2026-04-13T17:32:34.541Z\",\"total\":150,\"status\":\"Processing\",\"items\":[{\"id\":\"p2\",\"name\":\"Accra Leather Bag\",\"size\":\"One Size\",\"image\":\"https://images.unsplash.com/photo-1516762689617-e1cffcef479d?q=80&w=800\",\"price\":150,\"sizes\":[\"One Size\"],\"stock\":12,\"video\":null,\"votes\":0,\"images\":null,\"rating\":5,\"category\":\"Accessories\",\"designer\":\"Accra Avant-Garde\",\"dropDate\":null,\"quantity\":1,\"variants\":[],\"vendorId\":null,\"createdAt\":null,\"isPreOrder\":null,\"description\":\"Genuine leather bag with metallic hardware.\",\"isNewSeason\":null,\"releaseDate\":null}],\"buyerId\":null,\"shippingCost\":0},{\"id\":\"ord_live_1776100398998\",\"customerName\":\"Guest_5885\",\"date\":\"2026-04-13T17:13:18.998Z\",\"total\":450,\"status\":\"Processing\",\"items\":[{\"id\":\"p3\",\"name\":\"Obsidian Wide Trousers\",\"size\":\"28\",\"image\":\"https://images.unsplash.com/photo-1552374196-1ab2a1c593e8?q=80&w=800\",\"price\":450,\"sizes\":[\"28\",\"30\",\"32\",\"34\"],\"stock\":8,\"video\":null,\"votes\":0,\"images\":null,\"rating\":4.5,\"category\":\"Bottoms\",\"designer\":\"Accra Avant-Garde\",\"dropDate\":null,\"quantity\":1,\"variants\":[],\"vendorId\":null,\"createdAt\":null,\"isPreOrder\":null,\"description\":\"High-waisted wide leg trousers in Japanese denim.\",\"isNewSeason\":null,\"releaseDate\":null}],\"buyerId\":null,\"shippingCost\":0},{\"id\":\"ord_live_1776100383998\",\"customerName\":\"Guest_1813\",\"date\":\"2026-04-13T17:13:03.998Z\",\"total\":450,\"status\":\"Processing\",\"items\":[{\"id\":\"p3\",\"name\":\"Obsidian Wide Trousers\",\"size\":\"28\",\"image\":\"https://images.unsplash.com/photo-1552374196-1ab2a1c593e8?q=80&w=800\",\"price\":450,\"sizes\":[\"28\",\"30\",\"32\",\"34\"],\"stock\":8,\"video\":null,\"votes\":0,\"images\":null,\"rating\":4.5,\"category\":\"Bottoms\",\"designer\":\"Accra Avant-Garde\",\"dropDate\":null,\"quantity\":1,\"variants\":[],\"vendorId\":null,\"createdAt\":null,\"isPreOrder\":null,\"description\":\"High-waisted wide leg trousers in Japanese denim.\",\"isNewSeason\":null,\"releaseDate\":null}],\"buyerId\":null,\"shippingCost\":0},{\"id\":\"ord_live_1776100327997\",\"customerName\":\"Guest_1120\",\"date\":\"2026-04-13T17:12:07.997Z\",\"total\":450,\"status\":\"Processing\",\"items\":[{\"id\":\"p3\",\"name\":\"Obsidian Wide Trousers\",\"size\":\"28\",\"image\":\"https://images.unsplash.com/photo-1552374196-1ab2a1c593e8?q=80&w=800\",\"price\":450,\"sizes\":[\"28\",\"30\",\"32\",\"34\"],\"stock\":8,\"video\":null,\"votes\":0,\"images\":null,\"rating\":4.5,\"category\":\"Bottoms\",\"designer\":\"Accra Avant-Garde\",\"dropDate\":null,\"quantity\":1,\"variants\":[],\"vendorId\":null,\"createdAt\":null,\"isPreOrder\":null,\"description\":\"High-waisted wide leg trousers in Japanese denim.\",\"isNewSeason\":null,\"releaseDate\":null}],\"buyerId\":null,\"shippingCost\":0},{\"id\":\"ord_live_1776100247988\",\"customerName\":\"Guest_8005\",\"date\":\"2026-04-13T17:10:47.988Z\",\"total\":150,\"status\":\"Processing\",\"items\":[{\"id\":\"p2\",\"name\":\"Accra Leather Bag\",\"size\":\"One Size\",\"image\":\"https://images.unsplash.com/photo-1516762689617-e1cffcef479d?q=80&w=800\",\"price\":150,\"sizes\":[\"One Size\"],\"stock\":12,\"video\":null,\"votes\":0,\"images\":null,\"rating\":5,\"category\":\"Accessories\",\"designer\":\"Accra Avant-Garde\",\"dropDate\":null,\"quantity\":1,\"variants\":[],\"vendorId\":null,\"createdAt\":null,\"isPreOrder\":null,\"description\":\"Genuine leather bag with metallic hardware.\",\"isNewSeason\":null,\"releaseDate\":null}],\"buyerId\":null,\"shippingCost\":0},{\"id\":\"ord_live_1776100187006\",\"customerName\":\"Guest_2976\",\"date\":\"2026-04-13T17:09:47.006Z\",\"total\":150,\"status\":\"Processing\",\"items\":[{\"id\":\"p2\",\"name\":\"Accra Leather Bag\",\"size\":\"One Size\",\"image\":\"https://images.unsplash.com/photo-1516762689617-e1cffcef479d?q=80&w=800\",\"price\":150,\"sizes\":[\"One Size\"],\"stock\":12,\"video\":null,\"votes\":0,\"images\":null,\"rating\":5,\"category\":\"Accessories\",\"designer\":\"Accra Avant-Garde\",\"dropDate\":null,\"quantity\":1,\"variants\":[],\"vendorId\":null,\"createdAt\":null,\"isPreOrder\":null,\"description\":\"Genuine leather bag with metallic hardware.\",\"isNewSeason\":null,\"releaseDate\":null}],\"buyerId\":null,\"shippingCost\":0},{\"id\":\"ord_live_1776100145987\",\"customerName\":\"Guest_7674\",\"date\":\"2026-04-13T17:09:05.987Z\",\"total\":450,\"status\":\"Processing\",\"items\":[{\"id\":\"p3\",\"name\":\"Obsidian Wide Trousers\",\"size\":\"28\",\"image\":\"https://images.unsplash.com/photo-1552374196-1ab2a1c593e8?q=80&w=800\",\"price\":450,\"sizes\":[\"28\",\"30\",\"32\",\"34\"],\"stock\":8,\"video\":null,\"votes\":0,\"images\":null,\"rating\":4.5,\"category\":\"Bottoms\",\"designer\":\"Accra Avant-Garde\",\"dropDate\":null,\"quantity\":1,\"variants\":[],\"vendorId\":null,\"createdAt\":null,\"isPreOrder\":null,\"description\":\"High-waisted wide leg trousers in Japanese denim.\",\"isNewSeason\":null,\"releaseDate\":null}],\"buyerId\":null,\"shippingCost\":0},{\"id\":\"ord_live_1776100124987\",\"customerName\":\"Guest_6916\",\"date\":\"2026-04-13T17:08:44.987Z\",\"total\":150,\"status\":\"Processing\",\"items\":[{\"id\":\"p2\",\"name\":\"Accra Leather Bag\",\"size\":\"One Size\",\"image\":\"https://images.unsplash.com/photo-1516762689617-e1cffcef479d?q=80&w=800\",\"price\":150,\"sizes\":[\"One Size\"],\"stock\":12,\"video\":null,\"votes\":0,\"images\":null,\"rating\":5,\"category\":\"Accessories\",\"designer\":\"Accra Avant-Garde\",\"dropDate\":null,\"quantity\":1,\"variants\":[],\"vendorId\":null,\"createdAt\":null,\"isPreOrder\":null,\"description\":\"Genuine leather bag with metallic hardware.\",\"isNewSeason\":null,\"releaseDate\":null}],\"buyerId\":null,\"shippingCost\":0},{\"id\":\"ord_live_1776100078096\",\"customerName\":\"Guest_7776\",\"date\":\"2026-04-13T17:07:58.096Z\",\"total\":150,\"status\":\"Processing\",\"items\":[{\"id\":\"p2\",\"name\":\"Accra Leather Bag\",\"size\":\"One Size\",\"image\":\"https://images.unsplash.com/photo-1516762689617-e1cffcef479d?q=80&w=800\",\"price\":150,\"sizes\":[\"One Size\"],\"stock\":12,\"video\":null,\"votes\":0,\"images\":null,\"rating\":5,\"category\":\"Accessories\",\"designer\":\"Accra Avant-Garde\",\"dropDate\":null,\"quantity\":1,\"variants\":[],\"vendorId\":null,\"createdAt\":null,\"isPreOrder\":null,\"description\":\"Genuine leather bag with metallic hardware.\",\"isNewSeason\":null,\"releaseDate\":null}],\"buyerId\":null,\"shippingCost\":0},{\"id\":\"ord_live_1776099371334\",\"customerName\":\"Guest_4243\",\"date\":\"2026-04-13T16:56:11.334Z\",\"total\":150,\"status\":\"Processing\",\"items\":[{\"id\":\"p2\",\"name\":\"Accra Leather Bag\",\"size\":\"One Size\",\"image\":\"https://images.unsplash.com/photo-1516762689617-e1cffcef479d?q=80&w=800\",\"price\":150,\"sizes\":[\"One Size\"],\"stock\":12,\"video\":null,\"votes\":0,\"images\":null,\"rating\":5,\"category\":\"Accessories\",\"designer\":\"Accra Avant-Garde\",\"dropDate\":null,\"quantity\":1,\"variants\":[],\"vendorId\":null,\"createdAt\":null,\"isPreOrder\":null,\"description\":\"Genuine leather bag with metallic hardware.\",\"isNewSeason\":null,\"releaseDate\":null}],\"buyerId\":null,\"shippingCost\":0},{\"id\":\"ord_live_1776099370989\",\"customerName\":\"Guest_7679\",\"date\":\"2026-04-13T16:56:10.989Z\",\"total\":250,\"status\":\"Processing\",\"items\":[{\"id\":\"p1\",\"name\":\"Lagos Silk Dress\",\"size\":\"S\",\"image\":\"https://images.unsplash.com/photo-1539533018447-63fcce2678e3?q=80&w=800\",\"price\":250,\"sizes\":[\"S\",\"M\",\"L\"],\"stock\":5,\"video\":null,\"votes\":0,\"images\":null,\"rating\":4.8,\"category\":\"Dresses\",\"designer\":\"Atelier Lagos\",\"dropDate\":null,\"quantity\":1,\"variants\":[],\"vendorId\":null,\"createdAt\":null,\"isPreOrder\":null,\"description\":\"Hand-woven silk dress with asymmetrical cut.\",\"isNewSeason\":null,\"releaseDate\":null}],\"buyerId\":null,\"shippingCost\":0},{\"id\":\"ord_live_1776099331074\",\"customerName\":\"Guest_4872\",\"date\":\"2026-04-13T16:55:31.074Z\",\"total\":450,\"status\":\"Processing\",\"items\":[{\"id\":\"p3\",\"name\":\"Obsidian Wide Trousers\",\"size\":\"28\",\"image\":\"https://images.unsplash.com/photo-1552374196-1ab2a1c593e8?q=80&w=800\",\"price\":450,\"sizes\":[\"28\",\"30\",\"32\",\"34\"],\"stock\":8,\"video\":null,\"votes\":0,\"images\":null,\"rating\":4.5,\"category\":\"Bottoms\",\"designer\":\"Accra Avant-Garde\",\"dropDate\":null,\"quantity\":1,\"variants\":[],\"vendorId\":null,\"createdAt\":null,\"isPreOrder\":null,\"description\":\"High-waisted wide leg trousers in Japanese denim.\",\"isNewSeason\":null,\"releaseDate\":null}],\"buyerId\":null,\"shippingCost\":0},{\"id\":\"ord_live_1776099132992\",\"customerName\":\"Guest_9121\",\"date\":\"2026-04-13T16:52:12.992Z\",\"total\":250,\"status\":\"Processing\",\"items\":[{\"id\":\"p1\",\"name\":\"Lagos Silk Dress\",\"size\":\"S\",\"image\":\"https://images.unsplash.com/photo-1539533018447-63fcce2678e3?q=80&w=800\",\"price\":250,\"sizes\":[\"S\",\"M\",\"L\"],\"stock\":5,\"video\":null,\"votes\":0,\"images\":null,\"rating\":4.8,\"category\":\"Dresses\",\"designer\":\"Atelier Lagos\",\"dropDate\":null,\"quantity\":1,\"variants\":[],\"vendorId\":null,\"createdAt\":null,\"isPreOrder\":null,\"description\":\"Hand-woven silk dress with asymmetrical cut.\",\"isNewSeason\":null,\"releaseDate\":null}],\"buyerId\":null,\"shippingCost\":0},{\"id\":\"ord_live_1776099126993\",\"customerName\":\"Guest_6250\",\"date\":\"2026-04-13T16:52:06.993Z\",\"total\":250,\"status\":\"Processing\",\"items\":[{\"id\":\"p1\",\"name\":\"Lagos Silk Dress\",\"size\":\"S\",\"image\":\"https://images.unsplash.com/photo-1539533018447-63fcce2678e3?q=80&w=800\",\"price\":250,\"sizes\":[\"S\",\"M\",\"L\"],\"stock\":5,\"video\":null,\"votes\":0,\"images\":null,\"rating\":4.8,\"category\":\"Dresses\",\"designer\":\"Atelier Lagos\",\"dropDate\":null,\"quantity\":1,\"variants\":[],\"vendorId\":null,\"createdAt\":null,\"isPreOrder\":null,\"description\":\"Hand-woven silk dress with asymmetrical cut.\",\"isNewSeason\":null,\"releaseDate\":null}],\"buyerId\":null,\"shippingCost\":0},{\"id\":\"ord_live_1776099053000\",\"customerName\":\"Guest_4494\",\"date\":\"2026-04-13T16:50:53.000Z\",\"total\":450,\"status\":\"Processing\",\"items\":[{\"id\":\"p3\",\"name\":\"Obsidian Wide Trousers\",\"size\":\"28\",\"image\":\"https://images.unsplash.com/photo-1552374196-1ab2a1c593e8?q=80&w=800\",\"price\":450,\"sizes\":[\"28\",\"30\",\"32\",\"34\"],\"stock\":8,\"video\":null,\"votes\":0,\"images\":null,\"rating\":4.5,\"category\":\"Bottoms\",\"designer\":\"Accra Avant-Garde\",\"dropDate\":null,\"quantity\":1,\"variants\":[],\"vendorId\":null,\"createdAt\":null,\"isPreOrder\":null,\"description\":\"High-waisted wide leg trousers in Japanese denim.\",\"isNewSeason\":null,\"releaseDate\":null}],\"buyerId\":null,\"shippingCost\":0},{\"id\":\"ord_live_1776098242990\",\"customerName\":\"Guest_5434\",\"date\":\"2026-04-13T16:37:22.990Z\",\"total\":250,\"status\":\"Processing\",\"items\":[{\"id\":\"p1\",\"name\":\"Lagos Silk Dress\",\"size\":\"S\",\"image\":\"https://images.unsplash.com/photo-1539533018447-63fcce2678e3?q=80&w=800\",\"price\":250,\"sizes\":[\"S\",\"M\",\"L\"],\"stock\":5,\"video\":null,\"votes\":0,\"images\":null,\"rating\":4.8,\"category\":\"Dresses\",\"designer\":\"Atelier Lagos\",\"dropDate\":null,\"quantity\":1,\"variants\":[],\"vendorId\":null,\"createdAt\":null,\"isPreOrder\":null,\"description\":\"Hand-woven silk dress with asymmetrical cut.\",\"isNewSeason\":null,\"releaseDate\":null}],\"buyerId\":null,\"shippingCost\":0},{\"id\":\"ord_live_1776089033177\",\"customerName\":\"Guest_6636\",\"date\":\"2026-04-13T14:03:53.177Z\",\"total\":250,\"status\":\"Processing\",\"items\":[{\"id\":\"p1\",\"name\":\"Lagos Silk Dress\",\"size\":\"S\",\"image\":\"https://images.unsplash.com/photo-1539533018447-63fcce2678e3?q=80&w=800\",\"price\":250,\"sizes\":[\"S\",\"M\",\"L\"],\"stock\":5,\"video\":null,\"votes\":0,\"images\":null,\"rating\":4.8,\"category\":\"Dresses\",\"designer\":\"Atelier Lagos\",\"dropDate\":null,\"quantity\":1,\"variants\":[],\"vendorId\":null,\"createdAt\":null,\"isPreOrder\":null,\"description\":\"Hand-woven silk dress with asymmetrical cut.\",\"isNewSeason\":null,\"releaseDate\":null}],\"buyerId\":null,\"shippingCost\":0},{\"id\":\"ord_live_1776088558142\",\"customerName\":\"Guest_9575\",\"date\":\"2026-04-13T13:55:58.142Z\",\"total\":150,\"status\":\"Processing\",\"items\":[{\"id\":\"p2\",\"name\":\"Accra Leather Bag\",\"size\":\"One Size\",\"image\":\"https://images.unsplash.com/photo-1516762689617-e1cffcef479d?q=80&w=800\",\"price\":150,\"sizes\":[\"One Size\"],\"stock\":12,\"video\":null,\"votes\":0,\"images\":null,\"rating\":5,\"category\":\"Accessories\",\"designer\":\"Accra Avant-Garde\",\"dropDate\":null,\"quantity\":1,\"variants\":[],\"vendorId\":null,\"createdAt\":null,\"isPreOrder\":null,\"description\":\"Genuine leather bag with metallic hardware.\",\"isNewSeason\":null,\"releaseDate\":null}],\"buyerId\":null,\"shippingCost\":0},{\"id\":\"ord_live_1776088002152\",\"customerName\":\"Guest_2599\",\"date\":\"2026-04-13T13:46:42.152Z\",\"total\":450,\"status\":\"Processing\",\"items\":[{\"id\":\"p3\",\"name\":\"Obsidian Wide Trousers\",\"size\":\"28\",\"image\":\"https://images.unsplash.com/photo-1552374196-1ab2a1c593e8?q=80&w=800\",\"price\":450,\"sizes\":[\"28\",\"30\",\"32\",\"34\"],\"stock\":8,\"video\":null,\"votes\":0,\"images\":null,\"rating\":4.5,\"category\":\"Bottoms\",\"designer\":\"Accra Avant-Garde\",\"dropDate\":null,\"quantity\":1,\"variants\":[],\"vendorId\":null,\"createdAt\":null,\"isPreOrder\":null,\"description\":\"High-waisted wide leg trousers in Japanese denim.\",\"isNewSeason\":null,\"releaseDate\":null}],\"buyerId\":null,\"shippingCost\":0},{\"id\":\"ord_live_1776087308142\",\"customerName\":\"Guest_8810\",\"date\":\"2026-04-13T13:35:08.142Z\",\"total\":150,\"status\":\"Processing\",\"items\":[{\"id\":\"p2\",\"name\":\"Accra Leather Bag\",\"size\":\"One Size\",\"image\":\"https://images.unsplash.com/photo-1516762689617-e1cffcef479d?q=80&w=800\",\"price\":150,\"sizes\":[\"One Size\"],\"stock\":12,\"video\":null,\"votes\":0,\"images\":null,\"rating\":5,\"category\":\"Accessories\",\"designer\":\"Accra Avant-Garde\",\"dropDate\":null,\"quantity\":1,\"variants\":[],\"vendorId\":null,\"createdAt\":null,\"isPreOrder\":null,\"description\":\"Genuine leather bag with metallic hardware.\",\"isNewSeason\":null,\"releaseDate\":null}],\"buyerId\":null,\"shippingCost\":0},{\"id\":\"ord_live_1776086997141\",\"customerName\":\"Guest_3457\",\"date\":\"2026-04-13T13:29:57.141Z\",\"total\":250,\"status\":\"Processing\",\"items\":[{\"id\":\"p1\",\"name\":\"Lagos Silk Dress\",\"size\":\"S\",\"image\":\"https://images.unsplash.com/photo-1539533018447-63fcce2678e3?q=80&w=800\",\"price\":250,\"sizes\":[\"S\",\"M\",\"L\"],\"stock\":5,\"video\":null,\"votes\":0,\"images\":null,\"rating\":4.8,\"category\":\"Dresses\",\"designer\":\"Atelier Lagos\",\"dropDate\":null,\"quantity\":1,\"variants\":[],\"vendorId\":null,\"createdAt\":null,\"isPreOrder\":null,\"description\":\"Hand-woven silk dress with asymmetrical cut.\",\"isNewSeason\":null,\"releaseDate\":null}],\"buyerId\":null,\"shippingCost\":0},{\"id\":\"ord_live_1776086933150\",\"customerName\":\"Guest_2056\",\"date\":\"2026-04-13T13:28:53.150Z\",\"total\":450,\"status\":\"Processing\",\"items\":[{\"id\":\"p3\",\"name\":\"Obsidian Wide Trousers\",\"size\":\"28\",\"image\":\"https://images.unsplash.com/photo-1552374196-1ab2a1c593e8?q=80&w=800\",\"price\":450,\"sizes\":[\"28\",\"30\",\"32\",\"34\"],\"stock\":8,\"video\":null,\"votes\":0,\"images\":null,\"rating\":4.5,\"category\":\"Bottoms\",\"designer\":\"Accra Avant-Garde\",\"dropDate\":null,\"quantity\":1,\"variants\":[],\"vendorId\":null,\"createdAt\":null,\"isPreOrder\":null,\"description\":\"High-waisted wide leg trousers in Japanese denim.\",\"isNewSeason\":null,\"releaseDate\":null}],\"buyerId\":null,\"shippingCost\":0},{\"id\":\"ord_live_1776086916137\",\"customerName\":\"Guest_7802\",\"date\":\"2026-04-13T13:28:36.137Z\",\"total\":450,\"status\":\"Processing\",\"items\":[{\"id\":\"p3\",\"name\":\"Obsidian Wide Trousers\",\"size\":\"28\",\"image\":\"https://images.unsplash.com/photo-1552374196-1ab2a1c593e8?q=80&w=800\",\"price\":450,\"sizes\":[\"28\",\"30\",\"32\",\"34\"],\"stock\":8,\"video\":null,\"votes\":0,\"images\":null,\"rating\":4.5,\"category\":\"Bottoms\",\"designer\":\"Accra Avant-Garde\",\"dropDate\":null,\"quantity\":1,\"variants\":[],\"vendorId\":null,\"createdAt\":null,\"isPreOrder\":null,\"description\":\"High-waisted wide leg trousers in Japanese denim.\",\"isNewSeason\":null,\"releaseDate\":null}],\"buyerId\":null,\"shippingCost\":0},{\"id\":\"ord_live_1776086898137\",\"customerName\":\"Guest_1155\",\"date\":\"2026-04-13T13:28:18.137Z\",\"total\":150,\"status\":\"Processing\",\"items\":[{\"id\":\"p2\",\"name\":\"Accra Leather Bag\",\"size\":\"One Size\",\"image\":\"https://images.unsplash.com/photo-1516762689617-e1cffcef479d?q=80&w=800\",\"price\":150,\"sizes\":[\"One Size\"],\"stock\":12,\"video\":null,\"votes\":0,\"images\":null,\"rating\":5,\"category\":\"Accessories\",\"designer\":\"Accra Avant-Garde\",\"dropDate\":null,\"quantity\":1,\"variants\":[],\"vendorId\":null,\"createdAt\":null,\"isPreOrder\":null,\"description\":\"Genuine leather bag with metallic hardware.\",\"isNewSeason\":null,\"releaseDate\":null}],\"buyerId\":null,\"shippingCost\":0},{\"id\":\"ord_live_1776086878149\",\"customerName\":\"Guest_4504\",\"date\":\"2026-04-13T13:27:58.149Z\",\"total\":250,\"status\":\"Processing\",\"items\":[{\"id\":\"p1\",\"name\":\"Lagos Silk Dress\",\"size\":\"S\",\"image\":\"https://images.unsplash.com/photo-1539533018447-63fcce2678e3?q=80&w=800\",\"price\":250,\"sizes\":[\"S\",\"M\",\"L\"],\"stock\":5,\"video\":null,\"votes\":0,\"images\":null,\"rating\":4.8,\"category\":\"Dresses\",\"designer\":\"Atelier Lagos\",\"dropDate\":null,\"quantity\":1,\"variants\":[],\"vendorId\":null,\"createdAt\":null,\"isPreOrder\":null,\"description\":\"Hand-woven silk dress with asymmetrical cut.\",\"isNewSeason\":null,\"releaseDate\":null}],\"buyerId\":null,\"shippingCost\":0},{\"id\":\"ord_live_1776086860141\",\"customerName\":\"Guest_1557\",\"date\":\"2026-04-13T13:27:40.141Z\",\"total\":250,\"status\":\"Processing\",\"items\":[{\"id\":\"p1\",\"name\":\"Lagos Silk Dress\",\"size\":\"S\",\"image\":\"https://images.unsplash.com/photo-1539533018447-63fcce2678e3?q=80&w=800\",\"price\":250,\"sizes\":[\"S\",\"M\",\"L\"],\"stock\":5,\"video\":null,\"votes\":0,\"images\":null,\"rating\":4.8,\"category\":\"Dresses\",\"designer\":\"Atelier Lagos\",\"dropDate\":null,\"quantity\":1,\"variants\":[],\"vendorId\":null,\"createdAt\":null,\"isPreOrder\":null,\"description\":\"Hand-woven silk dress with asymmetrical cut.\",\"isNewSeason\":null,\"releaseDate\":null}],\"buyerId\":null,\"shippingCost\":0},{\"id\":\"ord_live_1776086761140\",\"customerName\":\"Guest_8750\",\"date\":\"2026-04-13T13:26:01.140Z\",\"total\":150,\"status\":\"Processing\",\"items\":[{\"id\":\"p2\",\"name\":\"Accra Leather Bag\",\"size\":\"One Size\",\"image\":\"https://images.unsplash.com/photo-1516762689617-e1cffcef479d?q=80&w=800\",\"price\":150,\"sizes\":[\"One Size\"],\"stock\":12,\"video\":null,\"votes\":0,\"images\":null,\"rating\":5,\"category\":\"Accessories\",\"designer\":\"Accra Avant-Garde\",\"dropDate\":null,\"quantity\":1,\"variants\":[],\"vendorId\":null,\"createdAt\":null,\"isPreOrder\":null,\"description\":\"Genuine leather bag with metallic hardware.\",\"isNewSeason\":null,\"releaseDate\":null}],\"buyerId\":null,\"shippingCost\":0},{\"id\":\"ord_live_1776086712137\",\"customerName\":\"Guest_9312\",\"date\":\"2026-04-13T13:25:12.137Z\",\"total\":450,\"status\":\"Processing\",\"items\":[{\"id\":\"p3\",\"name\":\"Obsidian Wide Trousers\",\"size\":\"28\",\"image\":\"https://images.unsplash.com/photo-1552374196-1ab2a1c593e8?q=80&w=800\",\"price\":450,\"sizes\":[\"28\",\"30\",\"32\",\"34\"],\"stock\":8,\"video\":null,\"votes\":0,\"images\":null,\"rating\":4.5,\"category\":\"Bottoms\",\"designer\":\"Accra Avant-Garde\",\"dropDate\":null,\"quantity\":1,\"variants\":[],\"vendorId\":null,\"createdAt\":null,\"isPreOrder\":null,\"description\":\"High-waisted wide leg trousers in Japanese denim.\",\"isNewSeason\":null,\"releaseDate\":null}],\"buyerId\":null,\"shippingCost\":0},{\"id\":\"ord_live_1776086693151\",\"customerName\":\"Guest_3235\",\"date\":\"2026-04-13T13:24:53.151Z\",\"total\":450,\"status\":\"Processing\",\"items\":[{\"id\":\"p3\",\"name\":\"Obsidian Wide Trousers\",\"size\":\"28\",\"image\":\"https://images.unsplash.com/photo-1552374196-1ab2a1c593e8?q=80&w=800\",\"price\":450,\"sizes\":[\"28\",\"30\",\"32\",\"34\"],\"stock\":8,\"video\":null,\"votes\":0,\"images\":null,\"rating\":4.5,\"category\":\"Bottoms\",\"designer\":\"Accra Avant-Garde\",\"dropDate\":null,\"quantity\":1,\"variants\":[],\"vendorId\":null,\"createdAt\":null,\"isPreOrder\":null,\"description\":\"High-waisted wide leg trousers in Japanese denim.\",\"isNewSeason\":null,\"releaseDate\":null}],\"buyerId\":null,\"shippingCost\":0},{\"id\":\"ord_live_1776086666147\",\"customerName\":\"Guest_2093\",\"date\":\"2026-04-13T13:24:26.147Z\",\"total\":150,\"status\":\"Processing\",\"items\":[{\"id\":\"p2\",\"name\":\"Accra Leather Bag\",\"size\":\"One Size\",\"image\":\"https://images.unsplash.com/photo-1516762689617-e1cffcef479d?q=80&w=800\",\"price\":150,\"sizes\":[\"One Size\"],\"stock\":12,\"video\":null,\"votes\":0,\"images\":null,\"rating\":5,\"category\":\"Accessories\",\"designer\":\"Accra Avant-Garde\",\"dropDate\":null,\"quantity\":1,\"variants\":[],\"vendorId\":null,\"createdAt\":null,\"isPreOrder\":null,\"description\":\"Genuine leather bag with metallic hardware.\",\"isNewSeason\":null,\"releaseDate\":null}],\"buyerId\":null,\"shippingCost\":0},{\"id\":\"ord_live_1776086612138\",\"customerName\":\"Guest_9934\",\"date\":\"2026-04-13T13:23:32.138Z\",\"total\":250,\"status\":\"Processing\",\"items\":[{\"id\":\"p1\",\"name\":\"Lagos Silk Dress\",\"size\":\"S\",\"image\":\"https://images.unsplash.com/photo-1539533018447-63fcce2678e3?q=80&w=800\",\"price\":250,\"sizes\":[\"S\",\"M\",\"L\"],\"stock\":5,\"video\":null,\"votes\":0,\"images\":null,\"rating\":4.8,\"category\":\"Dresses\",\"designer\":\"Atelier Lagos\",\"dropDate\":null,\"quantity\":1,\"variants\":[],\"vendorId\":null,\"createdAt\":null,\"isPreOrder\":null,\"description\":\"Hand-woven silk dress with asymmetrical cut.\",\"isNewSeason\":null,\"releaseDate\":null}],\"buyerId\":null,\"shippingCost\":0},{\"id\":\"ord_live_1776086579151\",\"customerName\":\"Guest_1509\",\"date\":\"2026-04-13T13:22:59.151Z\",\"total\":250,\"status\":\"Processing\",\"items\":[{\"id\":\"p1\",\"name\":\"Lagos Silk Dress\",\"size\":\"S\",\"image\":\"https://images.unsplash.com/photo-1539533018447-63fcce2678e3?q=80&w=800\",\"price\":250,\"sizes\":[\"S\",\"M\",\"L\"],\"stock\":5,\"video\":null,\"votes\":0,\"images\":null,\"rating\":4.8,\"category\":\"Dresses\",\"designer\":\"Atelier Lagos\",\"dropDate\":null,\"quantity\":1,\"variants\":[],\"vendorId\":null,\"createdAt\":null,\"isPreOrder\":null,\"description\":\"Hand-woven silk dress with asymmetrical cut.\",\"isNewSeason\":null,\"releaseDate\":null}],\"buyerId\":null,\"shippingCost\":0},{\"id\":\"ord_live_1776086547152\",\"customerName\":\"Guest_5695\",\"date\":\"2026-04-13T13:22:27.152Z\",\"total\":250,\"status\":\"Processing\",\"items\":[{\"id\":\"p1\",\"name\":\"Lagos Silk Dress\",\"size\":\"S\",\"image\":\"https://images.unsplash.com/photo-1539533018447-63fcce2678e3?q=80&w=800\",\"price\":250,\"sizes\":[\"S\",\"M\",\"L\"],\"stock\":5,\"video\":null,\"votes\":0,\"images\":null,\"rating\":4.8,\"category\":\"Dresses\",\"designer\":\"Atelier Lagos\",\"dropDate\":null,\"quantity\":1,\"variants\":[],\"vendorId\":null,\"createdAt\":null,\"isPreOrder\":null,\"description\":\"Hand-woven silk dress with asymmetrical cut.\",\"isNewSeason\":null,\"releaseDate\":null}],\"buyerId\":null,\"shippingCost\":0},{\"id\":\"ord_live_1776086522143\",\"customerName\":\"Guest_6090\",\"date\":\"2026-04-13T13:22:02.143Z\",\"total\":150,\"status\":\"Processing\",\"items\":[{\"id\":\"p2\",\"name\":\"Accra Leather Bag\",\"size\":\"One Size\",\"image\":\"https://images.unsplash.com/photo-1516762689617-e1cffcef479d?q=80&w=800\",\"price\":150,\"sizes\":[\"One Size\"],\"stock\":12,\"video\":null,\"votes\":0,\"images\":null,\"rating\":5,\"category\":\"Accessories\",\"designer\":\"Accra Avant-Garde\",\"dropDate\":null,\"quantity\":1,\"variants\":[],\"vendorId\":null,\"createdAt\":null,\"isPreOrder\":null,\"description\":\"Genuine leather bag with metallic hardware.\",\"isNewSeason\":null,\"releaseDate\":null}],\"buyerId\":null,\"shippingCost\":0},{\"id\":\"ord_live_1776086474149\",\"customerName\":\"Guest_6290\",\"date\":\"2026-04-13T13:21:14.149Z\",\"total\":450,\"status\":\"Processing\",\"items\":[{\"id\":\"p3\",\"name\":\"Obsidian Wide Trousers\",\"size\":\"28\",\"image\":\"https://images.unsplash.com/photo-1552374196-1ab2a1c593e8?q=80&w=800\",\"price\":450,\"sizes\":[\"28\",\"30\",\"32\",\"34\"],\"stock\":8,\"video\":null,\"votes\":0,\"images\":null,\"rating\":4.5,\"category\":\"Bottoms\",\"designer\":\"Accra Avant-Garde\",\"dropDate\":null,\"quantity\":1,\"variants\":[],\"vendorId\":null,\"createdAt\":null,\"isPreOrder\":null,\"description\":\"High-waisted wide leg trousers in Japanese denim.\",\"isNewSeason\":null,\"releaseDate\":null}],\"buyerId\":null,\"shippingCost\":0},{\"id\":\"ord_live_1776086426142\",\"customerName\":\"Guest_2042\",\"date\":\"2026-04-13T13:20:26.142Z\",\"total\":150,\"status\":\"Processing\",\"items\":[{\"id\":\"p2\",\"name\":\"Accra Leather Bag\",\"size\":\"One Size\",\"image\":\"https://images.unsplash.com/photo-1516762689617-e1cffcef479d?q=80&w=800\",\"price\":150,\"sizes\":[\"One Size\"],\"stock\":12,\"video\":null,\"votes\":0,\"images\":null,\"rating\":5,\"category\":\"Accessories\",\"designer\":\"Accra Avant-Garde\",\"dropDate\":null,\"quantity\":1,\"variants\":[],\"vendorId\":null,\"createdAt\":null,\"isPreOrder\":null,\"description\":\"Genuine leather bag with metallic hardware.\",\"isNewSeason\":null,\"releaseDate\":null}],\"buyerId\":null,\"shippingCost\":0},{\"id\":\"ord_live_1776086369139\",\"customerName\":\"Guest_3021\",\"date\":\"2026-04-13T13:19:29.139Z\",\"total\":250,\"status\":\"Processing\",\"items\":[{\"id\":\"p1\",\"name\":\"Lagos Silk Dress\",\"size\":\"S\",\"image\":\"https://images.unsplash.com/photo-1539533018447-63fcce2678e3?q=80&w=800\",\"price\":250,\"sizes\":[\"S\",\"M\",\"L\"],\"stock\":5,\"video\":null,\"votes\":0,\"images\":null,\"rating\":4.8,\"category\":\"Dresses\",\"designer\":\"Atelier Lagos\",\"dropDate\":null,\"quantity\":1,\"variants\":[],\"vendorId\":null,\"createdAt\":null,\"isPreOrder\":null,\"description\":\"Hand-woven silk dress with asymmetrical cut.\",\"isNewSeason\":null,\"releaseDate\":null}],\"buyerId\":null,\"shippingCost\":0},{\"id\":\"ord_live_1776086310144\",\"customerName\":\"Guest_5616\",\"date\":\"2026-04-13T13:18:30.144Z\",\"total\":250,\"status\":\"Processing\",\"items\":[{\"id\":\"p1\",\"name\":\"Lagos Silk Dress\",\"size\":\"S\",\"image\":\"https://images.unsplash.com/photo-1539533018447-63fcce2678e3?q=80&w=800\",\"price\":250,\"sizes\":[\"S\",\"M\",\"L\"],\"stock\":5,\"video\":null,\"votes\":0,\"images\":null,\"rating\":4.8,\"category\":\"Dresses\",\"designer\":\"Atelier Lagos\",\"dropDate\":null,\"quantity\":1,\"variants\":[],\"vendorId\":null,\"createdAt\":null,\"isPreOrder\":null,\"description\":\"Hand-woven silk dress with asymmetrical cut.\",\"isNewSeason\":null,\"releaseDate\":null}],\"buyerId\":null,\"shippingCost\":0},{\"id\":\"ord_live_1776086259137\",\"customerName\":\"Guest_1773\",\"date\":\"2026-04-13T13:17:39.137Z\",\"total\":250,\"status\":\"Processing\",\"items\":[{\"id\":\"p1\",\"name\":\"Lagos Silk Dress\",\"size\":\"S\",\"image\":\"https://images.unsplash.com/photo-1539533018447-63fcce2678e3?q=80&w=800\",\"price\":250,\"sizes\":[\"S\",\"M\",\"L\"],\"stock\":5,\"video\":null,\"votes\":0,\"images\":null,\"rating\":4.8,\"category\":\"Dresses\",\"designer\":\"Atelier Lagos\",\"dropDate\":null,\"quantity\":1,\"variants\":[],\"vendorId\":null,\"createdAt\":null,\"isPreOrder\":null,\"description\":\"Hand-woven silk dress with asymmetrical cut.\",\"isNewSeason\":null,\"releaseDate\":null}],\"buyerId\":null,\"shippingCost\":0},{\"id\":\"ord_live_1776086239148\",\"customerName\":\"Guest_8328\",\"date\":\"2026-04-13T13:17:19.148Z\",\"total\":250,\"status\":\"Processing\",\"items\":[{\"id\":\"p1\",\"name\":\"Lagos Silk Dress\",\"size\":\"S\",\"image\":\"https://images.unsplash.com/photo-1539533018447-63fcce2678e3?q=80&w=800\",\"price\":250,\"sizes\":[\"S\",\"M\",\"L\"],\"stock\":5,\"video\":null,\"votes\":0,\"images\":null,\"rating\":4.8,\"category\":\"Dresses\",\"designer\":\"Atelier Lagos\",\"dropDate\":null,\"quantity\":1,\"variants\":[],\"vendorId\":null,\"createdAt\":null,\"isPreOrder\":null,\"description\":\"Hand-woven silk dress with asymmetrical cut.\",\"isNewSeason\":null,\"releaseDate\":null}],\"buyerId\":null,\"shippingCost\":0},{\"id\":\"ord_live_1776086220152\",\"customerName\":\"Guest_2135\",\"date\":\"2026-04-13T13:17:00.152Z\",\"total\":250,\"status\":\"Processing\",\"items\":[{\"id\":\"p1\",\"name\":\"Lagos Silk Dress\",\"size\":\"S\",\"image\":\"https://images.unsplash.com/photo-1539533018447-63fcce2678e3?q=80&w=800\",\"price\":250,\"sizes\":[\"S\",\"M\",\"L\"],\"stock\":5,\"video\":null,\"votes\":0,\"images\":null,\"rating\":4.8,\"category\":\"Dresses\",\"designer\":\"Atelier Lagos\",\"dropDate\":null,\"quantity\":1,\"variants\":[],\"vendorId\":null,\"createdAt\":null,\"isPreOrder\":null,\"description\":\"Hand-woven silk dress with asymmetrical cut.\",\"isNewSeason\":null,\"releaseDate\":null}],\"buyerId\":null,\"shippingCost\":0},{\"id\":\"ord_live_1776086202141\",\"customerName\":\"Guest_9505\",\"date\":\"2026-04-13T13:16:42.141Z\",\"total\":450,\"status\":\"Processing\",\"items\":[{\"id\":\"p3\",\"name\":\"Obsidian Wide Trousers\",\"size\":\"28\",\"image\":\"https://images.unsplash.com/photo-1552374196-1ab2a1c593e8?q=80&w=800\",\"price\":450,\"sizes\":[\"28\",\"30\",\"32\",\"34\"],\"stock\":8,\"video\":null,\"votes\":0,\"images\":null,\"rating\":4.5,\"category\":\"Bottoms\",\"designer\":\"Accra Avant-Garde\",\"dropDate\":null,\"quantity\":1,\"variants\":[],\"vendorId\":null,\"createdAt\":null,\"isPreOrder\":null,\"description\":\"High-waisted wide leg trousers in Japanese denim.\",\"isNewSeason\":null,\"releaseDate\":null}],\"buyerId\":null,\"shippingCost\":0},{\"id\":\"ord_live_1776086135151\",\"customerName\":\"Guest_7375\",\"date\":\"2026-04-13T13:15:35.151Z\",\"total\":450,\"status\":\"Processing\",\"items\":[{\"id\":\"p3\",\"name\":\"Obsidian Wide Trousers\",\"size\":\"28\",\"image\":\"https://images.unsplash.com/photo-1552374196-1ab2a1c593e8?q=80&w=800\",\"price\":450,\"sizes\":[\"28\",\"30\",\"32\",\"34\"],\"stock\":8,\"video\":null,\"votes\":0,\"images\":null,\"rating\":4.5,\"category\":\"Bottoms\",\"designer\":\"Accra Avant-Garde\",\"dropDate\":null,\"quantity\":1,\"variants\":[],\"vendorId\":null,\"createdAt\":null,\"isPreOrder\":null,\"description\":\"High-waisted wide leg trousers in Japanese denim.\",\"isNewSeason\":null,\"releaseDate\":null}],\"buyerId\":null,\"shippingCost\":0},{\"id\":\"ord_live_1776085940148\",\"customerName\":\"Guest_5506\",\"date\":\"2026-04-13T13:12:20.148Z\",\"total\":150,\"status\":\"Processing\",\"items\":[{\"id\":\"p2\",\"name\":\"Accra Leather Bag\",\"size\":\"One Size\",\"image\":\"https://images.unsplash.com/photo-1516762689617-e1cffcef479d?q=80&w=800\",\"price\":150,\"sizes\":[\"One Size\"],\"stock\":12,\"video\":null,\"votes\":0,\"images\":null,\"rating\":5,\"category\":\"Accessories\",\"designer\":\"Accra Avant-Garde\",\"dropDate\":null,\"quantity\":1,\"variants\":[],\"vendorId\":null,\"createdAt\":null,\"isPreOrder\":null,\"description\":\"Genuine leather bag with metallic hardware.\",\"isNewSeason\":null,\"releaseDate\":null}],\"buyerId\":null,\"shippingCost\":0},{\"id\":\"ord_live_1776085920147\",\"customerName\":\"Guest_4102\",\"date\":\"2026-04-13T13:12:00.147Z\",\"total\":150,\"status\":\"Processing\",\"items\":[{\"id\":\"p2\",\"name\":\"Accra Leather Bag\",\"size\":\"One Size\",\"image\":\"https://images.unsplash.com/photo-1516762689617-e1cffcef479d?q=80&w=800\",\"price\":150,\"sizes\":[\"One Size\"],\"stock\":12,\"video\":null,\"votes\":0,\"images\":null,\"rating\":5,\"category\":\"Accessories\",\"designer\":\"Accra Avant-Garde\",\"dropDate\":null,\"quantity\":1,\"variants\":[],\"vendorId\":null,\"createdAt\":null,\"isPreOrder\":null,\"description\":\"Genuine leather bag with metallic hardware.\",\"isNewSeason\":null,\"releaseDate\":null}],\"buyerId\":null,\"shippingCost\":0},{\"id\":\"ord_live_1776085812148\",\"customerName\":\"Guest_3294\",\"date\":\"2026-04-13T13:10:12.148Z\",\"total\":450,\"status\":\"Processing\",\"items\":[{\"id\":\"p3\",\"name\":\"Obsidian Wide Trousers\",\"size\":\"28\",\"image\":\"https://images.unsplash.com/photo-1552374196-1ab2a1c593e8?q=80&w=800\",\"price\":450,\"sizes\":[\"28\",\"30\",\"32\",\"34\"],\"stock\":8,\"video\":null,\"votes\":0,\"images\":null,\"rating\":4.5,\"category\":\"Bottoms\",\"designer\":\"Accra Avant-Garde\",\"dropDate\":null,\"quantity\":1,\"variants\":[],\"vendorId\":null,\"createdAt\":null,\"isPreOrder\":null,\"description\":\"High-waisted wide leg trousers in Japanese denim.\",\"isNewSeason\":null,\"releaseDate\":null}],\"buyerId\":null,\"shippingCost\":0},{\"id\":\"ord_live_1776085777150\",\"customerName\":\"Guest_9995\",\"date\":\"2026-04-13T13:09:37.150Z\",\"total\":450,\"status\":\"Processing\",\"items\":[{\"id\":\"p3\",\"name\":\"Obsidian Wide Trousers\",\"size\":\"28\",\"image\":\"https://images.unsplash.com/photo-1552374196-1ab2a1c593e8?q=80&w=800\",\"price\":450,\"sizes\":[\"28\",\"30\",\"32\",\"34\"],\"stock\":8,\"video\":null,\"votes\":0,\"images\":null,\"rating\":4.5,\"category\":\"Bottoms\",\"designer\":\"Accra Avant-Garde\",\"dropDate\":null,\"quantity\":1,\"variants\":[],\"vendorId\":null,\"createdAt\":null,\"isPreOrder\":null,\"description\":\"High-waisted wide leg trousers in Japanese denim.\",\"isNewSeason\":null,\"releaseDate\":null}],\"buyerId\":null,\"shippingCost\":0},{\"id\":\"ord_live_1776085737139\",\"customerName\":\"Guest_4730\",\"date\":\"2026-04-13T13:08:57.139Z\",\"total\":150,\"status\":\"Processing\",\"items\":[{\"id\":\"p2\",\"name\":\"Accra Leather Bag\",\"size\":\"One Size\",\"image\":\"https://images.unsplash.com/photo-1516762689617-e1cffcef479d?q=80&w=800\",\"price\":150,\"sizes\":[\"One Size\"],\"stock\":12,\"video\":null,\"votes\":0,\"images\":null,\"rating\":5,\"category\":\"Accessories\",\"designer\":\"Accra Avant-Garde\",\"dropDate\":null,\"quantity\":1,\"variants\":[],\"vendorId\":null,\"createdAt\":null,\"isPreOrder\":null,\"description\":\"Genuine leather bag with metallic hardware.\",\"isNewSeason\":null,\"releaseDate\":null}],\"buyerId\":null,\"shippingCost\":0},{\"id\":\"ord_live_1776085719140\",\"customerName\":\"Guest_6029\",\"date\":\"2026-04-13T13:08:39.140Z\",\"total\":150,\"status\":\"Processing\",\"items\":[{\"id\":\"p2\",\"name\":\"Accra Leather Bag\",\"size\":\"One Size\",\"image\":\"https://images.unsplash.com/photo-1516762689617-e1cffcef479d?q=80&w=800\",\"price\":150,\"sizes\":[\"One Size\"],\"stock\":12,\"video\":null,\"votes\":0,\"images\":null,\"rating\":5,\"category\":\"Accessories\",\"designer\":\"Accra Avant-Garde\",\"dropDate\":null,\"quantity\":1,\"variants\":[],\"vendorId\":null,\"createdAt\":null,\"isPreOrder\":null,\"description\":\"Genuine leather bag with metallic hardware.\",\"isNewSeason\":null,\"releaseDate\":null}],\"buyerId\":null,\"shippingCost\":0},{\"id\":\"ord_live_1776085689136\",\"customerName\":\"Guest_3340\",\"date\":\"2026-04-13T13:08:09.136Z\",\"total\":450,\"status\":\"Processing\",\"items\":[{\"id\":\"p3\",\"name\":\"Obsidian Wide Trousers\",\"size\":\"28\",\"image\":\"https://images.unsplash.com/photo-1552374196-1ab2a1c593e8?q=80&w=800\",\"price\":450,\"sizes\":[\"28\",\"30\",\"32\",\"34\"],\"stock\":8,\"video\":null,\"votes\":0,\"images\":null,\"rating\":4.5,\"category\":\"Bottoms\",\"designer\":\"Accra Avant-Garde\",\"dropDate\":null,\"quantity\":1,\"variants\":[],\"vendorId\":null,\"createdAt\":null,\"isPreOrder\":null,\"description\":\"High-waisted wide leg trousers in Japanese denim.\",\"isNewSeason\":null,\"releaseDate\":null}],\"buyerId\":null,\"shippingCost\":0},{\"id\":\"ord_live_1776085668138\",\"customerName\":\"Guest_1608\",\"date\":\"2026-04-13T13:07:48.138Z\",\"total\":450,\"status\":\"Processing\",\"items\":[{\"id\":\"p3\",\"name\":\"Obsidian Wide Trousers\",\"size\":\"28\",\"image\":\"https://images.unsplash.com/photo-1552374196-1ab2a1c593e8?q=80&w=800\",\"price\":450,\"sizes\":[\"28\",\"30\",\"32\",\"34\"],\"stock\":8,\"video\":null,\"votes\":0,\"images\":null,\"rating\":4.5,\"category\":\"Bottoms\",\"designer\":\"Accra Avant-Garde\",\"dropDate\":null,\"quantity\":1,\"variants\":[],\"vendorId\":null,\"createdAt\":null,\"isPreOrder\":null,\"description\":\"High-waisted wide leg trousers in Japanese denim.\",\"isNewSeason\":null,\"releaseDate\":null}],\"buyerId\":null,\"shippingCost\":0},{\"id\":\"ord_live_1776085649143\",\"customerName\":\"Guest_6531\",\"date\":\"2026-04-13T13:07:29.143Z\",\"total\":150,\"status\":\"Processing\",\"items\":[{\"id\":\"p2\",\"name\":\"Accra Leather Bag\",\"size\":\"One Size\",\"image\":\"https://images.unsplash.com/photo-1516762689617-e1cffcef479d?q=80&w=800\",\"price\":150,\"sizes\":[\"One Size\"],\"stock\":12,\"video\":null,\"votes\":0,\"images\":null,\"rating\":5,\"category\":\"Accessories\",\"designer\":\"Accra Avant-Garde\",\"dropDate\":null,\"quantity\":1,\"variants\":[],\"vendorId\":null,\"createdAt\":null,\"isPreOrder\":null,\"description\":\"Genuine leather bag with metallic hardware.\",\"isNewSeason\":null,\"releaseDate\":null}],\"buyerId\":null,\"shippingCost\":0},{\"id\":\"ord_live_1776085606150\",\"customerName\":\"Guest_7889\",\"date\":\"2026-04-13T13:06:46.150Z\",\"total\":250,\"status\":\"Processing\",\"items\":[{\"id\":\"p1\",\"name\":\"Lagos Silk Dress\",\"size\":\"S\",\"image\":\"https://images.unsplash.com/photo-1539533018447-63fcce2678e3?q=80&w=800\",\"price\":250,\"sizes\":[\"S\",\"M\",\"L\"],\"stock\":5,\"video\":null,\"votes\":0,\"images\":null,\"rating\":4.8,\"category\":\"Dresses\",\"designer\":\"Atelier Lagos\",\"dropDate\":null,\"quantity\":1,\"variants\":[],\"vendorId\":null,\"createdAt\":null,\"isPreOrder\":null,\"description\":\"Hand-woven silk dress with asymmetrical cut.\",\"isNewSeason\":null,\"releaseDate\":null}],\"buyerId\":null,\"shippingCost\":0},{\"id\":\"ord_live_1776084812157\",\"customerName\":\"Guest_6871\",\"date\":\"2026-04-13T12:53:32.158Z\",\"total\":250,\"status\":\"Processing\",\"items\":[{\"id\":\"p1\",\"name\":\"Lagos Silk Dress\",\"size\":\"S\",\"image\":\"https://images.unsplash.com/photo-1539533018447-63fcce2678e3?q=80&w=800\",\"price\":250,\"sizes\":[\"S\",\"M\",\"L\"],\"stock\":5,\"video\":null,\"votes\":0,\"images\":null,\"rating\":4.8,\"category\":\"Dresses\",\"designer\":\"Atelier Lagos\",\"dropDate\":null,\"quantity\":1,\"variants\":[],\"vendorId\":null,\"createdAt\":null,\"isPreOrder\":null,\"description\":\"Hand-woven silk dress with asymmetrical cut.\",\"isNewSeason\":null,\"releaseDate\":null}],\"buyerId\":null,\"shippingCost\":0},{\"id\":\"ord_live_1776084570139\",\"customerName\":\"Guest_2772\",\"date\":\"2026-04-13T12:49:30.139Z\",\"total\":450,\"status\":\"Processing\",\"items\":[{\"id\":\"p3\",\"name\":\"Obsidian Wide Trousers\",\"size\":\"28\",\"image\":\"https://images.unsplash.com/photo-1552374196-1ab2a1c593e8?q=80&w=800\",\"price\":450,\"sizes\":[\"28\",\"30\",\"32\",\"34\"],\"stock\":8,\"video\":null,\"votes\":0,\"images\":null,\"rating\":4.5,\"category\":\"Bottoms\",\"designer\":\"Accra Avant-Garde\",\"dropDate\":null,\"quantity\":1,\"variants\":[],\"vendorId\":null,\"createdAt\":null,\"isPreOrder\":null,\"description\":\"High-waisted wide leg trousers in Japanese denim.\",\"isNewSeason\":null,\"releaseDate\":null}],\"buyerId\":null,\"shippingCost\":0},{\"id\":\"ord_live_1776084506151\",\"customerName\":\"Guest_5158\",\"date\":\"2026-04-13T12:48:26.151Z\",\"total\":150,\"status\":\"Processing\",\"items\":[{\"id\":\"p2\",\"name\":\"Accra Leather Bag\",\"size\":\"One Size\",\"image\":\"https://images.unsplash.com/photo-1516762689617-e1cffcef479d?q=80&w=800\",\"price\":150,\"sizes\":[\"One Size\"],\"stock\":12,\"video\":null,\"votes\":0,\"images\":null,\"rating\":5,\"category\":\"Accessories\",\"designer\":\"Accra Avant-Garde\",\"dropDate\":null,\"quantity\":1,\"variants\":[],\"vendorId\":null,\"createdAt\":null,\"isPreOrder\":null,\"description\":\"Genuine leather bag with metallic hardware.\",\"isNewSeason\":null,\"releaseDate\":null}],\"buyerId\":null,\"shippingCost\":0},{\"id\":\"ord_live_1776084457148\",\"customerName\":\"Guest_1619\",\"date\":\"2026-04-13T12:47:37.148Z\",\"total\":250,\"status\":\"Processing\",\"items\":[{\"id\":\"p1\",\"name\":\"Lagos Silk Dress\",\"size\":\"S\",\"image\":\"https://images.unsplash.com/photo-1539533018447-63fcce2678e3?q=80&w=800\",\"price\":250,\"sizes\":[\"S\",\"M\",\"L\"],\"stock\":5,\"video\":null,\"votes\":0,\"images\":null,\"rating\":4.8,\"category\":\"Dresses\",\"designer\":\"Atelier Lagos\",\"dropDate\":null,\"quantity\":1,\"variants\":[],\"vendorId\":null,\"createdAt\":null,\"isPreOrder\":null,\"description\":\"Hand-woven silk dress with asymmetrical cut.\",\"isNewSeason\":null,\"releaseDate\":null}],\"buyerId\":null,\"shippingCost\":0},{\"id\":\"ord_live_1776084403234\",\"customerName\":\"Guest_4390\",\"date\":\"2026-04-13T12:46:43.234Z\",\"total\":450,\"status\":\"Processing\",\"items\":[{\"id\":\"p3\",\"name\":\"Obsidian Wide Trousers\",\"size\":\"28\",\"image\":\"https://images.unsplash.com/photo-1552374196-1ab2a1c593e8?q=80&w=800\",\"price\":450,\"sizes\":[\"28\",\"30\",\"32\",\"34\"],\"stock\":8,\"video\":null,\"votes\":0,\"images\":null,\"rating\":4.5,\"category\":\"Bottoms\",\"designer\":\"Accra Avant-Garde\",\"dropDate\":null,\"quantity\":1,\"variants\":[],\"vendorId\":null,\"createdAt\":null,\"isPreOrder\":null,\"description\":\"High-waisted wide leg trousers in Japanese denim.\",\"isNewSeason\":null,\"releaseDate\":null}],\"buyerId\":null,\"shippingCost\":0},{\"id\":\"ord_live_1776083210137\",\"customerName\":\"Guest_7581\",\"date\":\"2026-04-13T12:26:50.137Z\",\"total\":150,\"status\":\"Processing\",\"items\":[{\"id\":\"p2\",\"name\":\"Accra Leather Bag\",\"size\":\"One Size\",\"image\":\"https://images.unsplash.com/photo-1516762689617-e1cffcef479d?q=80&w=800\",\"price\":150,\"sizes\":[\"One Size\"],\"stock\":12,\"video\":null,\"votes\":0,\"images\":null,\"rating\":5,\"category\":\"Accessories\",\"designer\":\"Accra Avant-Garde\",\"dropDate\":null,\"quantity\":1,\"variants\":[],\"vendorId\":null,\"createdAt\":null,\"isPreOrder\":null,\"description\":\"Genuine leather bag with metallic hardware.\",\"isNewSeason\":null,\"releaseDate\":null}],\"buyerId\":null,\"shippingCost\":0},{\"id\":\"ord_live_1776083178149\",\"customerName\":\"Guest_7554\",\"date\":\"2026-04-13T12:26:18.149Z\",\"total\":450,\"status\":\"Processing\",\"items\":[{\"id\":\"p3\",\"name\":\"Obsidian Wide Trousers\",\"size\":\"28\",\"image\":\"https://images.unsplash.com/photo-1552374196-1ab2a1c593e8?q=80&w=800\",\"price\":450,\"sizes\":[\"28\",\"30\",\"32\",\"34\"],\"stock\":8,\"video\":null,\"votes\":0,\"images\":null,\"rating\":4.5,\"category\":\"Bottoms\",\"designer\":\"Accra Avant-Garde\",\"dropDate\":null,\"quantity\":1,\"variants\":[],\"vendorId\":null,\"createdAt\":null,\"isPreOrder\":null,\"description\":\"High-waisted wide leg trousers in Japanese denim.\",\"isNewSeason\":null,\"releaseDate\":null}],\"buyerId\":null,\"shippingCost\":0},{\"id\":\"ord_live_1776082714146\",\"customerName\":\"Guest_1633\",\"date\":\"2026-04-13T12:18:34.146Z\",\"total\":450,\"status\":\"Processing\",\"items\":[{\"id\":\"p3\",\"name\":\"Obsidian Wide Trousers\",\"size\":\"28\",\"image\":\"https://images.unsplash.com/photo-1552374196-1ab2a1c593e8?q=80&w=800\",\"price\":450,\"sizes\":[\"28\",\"30\",\"32\",\"34\"],\"stock\":8,\"video\":null,\"votes\":0,\"images\":null,\"rating\":4.5,\"category\":\"Bottoms\",\"designer\":\"Accra Avant-Garde\",\"dropDate\":null,\"quantity\":1,\"variants\":[],\"vendorId\":null,\"createdAt\":null,\"isPreOrder\":null,\"description\":\"High-waisted wide leg trousers in Japanese denim.\",\"isNewSeason\":null,\"releaseDate\":null}],\"buyerId\":null,\"shippingCost\":0},{\"id\":\"ord_live_1776082628152\",\"customerName\":\"Guest_4371\",\"date\":\"2026-04-13T12:17:08.152Z\",\"total\":150,\"status\":\"Processing\",\"items\":[{\"id\":\"p2\",\"name\":\"Accra Leather Bag\",\"size\":\"One Size\",\"image\":\"https://images.unsplash.com/photo-1516762689617-e1cffcef479d?q=80&w=800\",\"price\":150,\"sizes\":[\"One Size\"],\"stock\":12,\"video\":null,\"votes\":0,\"images\":null,\"rating\":5,\"category\":\"Accessories\",\"designer\":\"Accra Avant-Garde\",\"dropDate\":null,\"quantity\":1,\"variants\":[],\"vendorId\":null,\"createdAt\":null,\"isPreOrder\":null,\"description\":\"Genuine leather bag with metallic hardware.\",\"isNewSeason\":null,\"releaseDate\":null}],\"buyerId\":null,\"shippingCost\":0},{\"id\":\"ord_live_1776082441140\",\"customerName\":\"Guest_8129\",\"date\":\"2026-04-13T12:14:01.140Z\",\"total\":450,\"status\":\"Processing\",\"items\":[{\"id\":\"p3\",\"name\":\"Obsidian Wide Trousers\",\"size\":\"28\",\"image\":\"https://images.unsplash.com/photo-1552374196-1ab2a1c593e8?q=80&w=800\",\"price\":450,\"sizes\":[\"28\",\"30\",\"32\",\"34\"],\"stock\":8,\"video\":null,\"votes\":0,\"images\":null,\"rating\":4.5,\"category\":\"Bottoms\",\"designer\":\"Accra Avant-Garde\",\"dropDate\":null,\"quantity\":1,\"variants\":[],\"vendorId\":null,\"createdAt\":null,\"isPreOrder\":null,\"description\":\"High-waisted wide leg trousers in Japanese denim.\",\"isNewSeason\":null,\"releaseDate\":null}],\"buyerId\":null,\"shippingCost\":0},{\"id\":\"ord_live_1776082313143\",\"customerName\":\"Guest_8418\",\"date\":\"2026-04-13T12:11:53.143Z\",\"total\":450,\"status\":\"Processing\",\"items\":[{\"id\":\"p3\",\"name\":\"Obsidian Wide Trousers\",\"size\":\"28\",\"image\":\"https://images.unsplash.com/photo-1552374196-1ab2a1c593e8?q=80&w=800\",\"price\":450,\"sizes\":[\"28\",\"30\",\"32\",\"34\"],\"stock\":8,\"video\":null,\"votes\":0,\"images\":null,\"rating\":4.5,\"category\":\"Bottoms\",\"designer\":\"Accra Avant-Garde\",\"dropDate\":null,\"quantity\":1,\"variants\":[],\"vendorId\":null,\"createdAt\":null,\"isPreOrder\":null,\"description\":\"High-waisted wide leg trousers in Japanese denim.\",\"isNewSeason\":null,\"releaseDate\":null}],\"buyerId\":null,\"shippingCost\":0},{\"id\":\"ord_live_1776081805142\",\"customerName\":\"Guest_1047\",\"date\":\"2026-04-13T12:03:25.142Z\",\"total\":450,\"status\":\"Processing\",\"items\":[{\"id\":\"p3\",\"name\":\"Obsidian Wide Trousers\",\"size\":\"28\",\"image\":\"https://images.unsplash.com/photo-1552374196-1ab2a1c593e8?q=80&w=800\",\"price\":450,\"sizes\":[\"28\",\"30\",\"32\",\"34\"],\"stock\":8,\"video\":null,\"votes\":0,\"images\":null,\"rating\":4.5,\"category\":\"Bottoms\",\"designer\":\"Accra Avant-Garde\",\"dropDate\":null,\"quantity\":1,\"variants\":[],\"vendorId\":null,\"createdAt\":null,\"isPreOrder\":null,\"description\":\"High-waisted wide leg trousers in Japanese denim.\",\"isNewSeason\":null,\"releaseDate\":null}],\"buyerId\":null,\"shippingCost\":0},{\"id\":\"ord_live_1776080757152\",\"customerName\":\"Guest_6951\",\"date\":\"2026-04-13T11:45:57.152Z\",\"total\":450,\"status\":\"Processing\",\"items\":[{\"id\":\"p3\",\"name\":\"Obsidian Wide Trousers\",\"size\":\"28\",\"image\":\"https://images.unsplash.com/photo-1552374196-1ab2a1c593e8?q=80&w=800\",\"price\":450,\"sizes\":[\"28\",\"30\",\"32\",\"34\"],\"stock\":8,\"video\":null,\"votes\":0,\"images\":null,\"rating\":4.5,\"category\":\"Bottoms\",\"designer\":\"Accra Avant-Garde\",\"dropDate\":null,\"quantity\":1,\"variants\":[],\"vendorId\":null,\"createdAt\":null,\"isPreOrder\":null,\"description\":\"High-waisted wide leg trousers in Japanese denim.\",\"isNewSeason\":null,\"releaseDate\":null}],\"buyerId\":null,\"shippingCost\":0},{\"id\":\"ord_live_1776080706152\",\"customerName\":\"Guest_1590\",\"date\":\"2026-04-13T11:45:06.152Z\",\"total\":250,\"status\":\"Processing\",\"items\":[{\"id\":\"p1\",\"name\":\"Lagos Silk Dress\",\"size\":\"S\",\"image\":\"https://images.unsplash.com/photo-1539533018447-63fcce2678e3?q=80&w=800\",\"price\":250,\"sizes\":[\"S\",\"M\",\"L\"],\"stock\":5,\"video\":null,\"votes\":0,\"images\":null,\"rating\":4.8,\"category\":\"Dresses\",\"designer\":\"Atelier Lagos\",\"dropDate\":null,\"quantity\":1,\"variants\":[],\"vendorId\":null,\"createdAt\":null,\"isPreOrder\":null,\"description\":\"Hand-woven silk dress with asymmetrical cut.\",\"isNewSeason\":null,\"releaseDate\":null}],\"buyerId\":null,\"shippingCost\":0},{\"id\":\"ord_live_1776079901152\",\"customerName\":\"Guest_4945\",\"date\":\"2026-04-13T11:31:41.152Z\",\"total\":450,\"status\":\"Processing\",\"items\":[{\"id\":\"p3\",\"name\":\"Obsidian Wide Trousers\",\"size\":\"28\",\"image\":\"https://images.unsplash.com/photo-1552374196-1ab2a1c593e8?q=80&w=800\",\"price\":450,\"sizes\":[\"28\",\"30\",\"32\",\"34\"],\"stock\":8,\"video\":null,\"votes\":0,\"images\":null,\"rating\":4.5,\"category\":\"Bottoms\",\"designer\":\"Accra Avant-Garde\",\"dropDate\":null,\"quantity\":1,\"variants\":[],\"vendorId\":null,\"createdAt\":null,\"isPreOrder\":null,\"description\":\"High-waisted wide leg trousers in Japanese denim.\",\"isNewSeason\":null,\"releaseDate\":null}],\"buyerId\":null,\"shippingCost\":0},{\"id\":\"ord_live_1776079251140\",\"customerName\":\"Guest_2321\",\"date\":\"2026-04-13T11:20:51.140Z\",\"total\":150,\"status\":\"Processing\",\"items\":[{\"id\":\"p2\",\"name\":\"Accra Leather Bag\",\"size\":\"One Size\",\"image\":\"https://images.unsplash.com/photo-1516762689617-e1cffcef479d?q=80&w=800\",\"price\":150,\"sizes\":[\"One Size\"],\"stock\":12,\"video\":null,\"votes\":0,\"images\":null,\"rating\":5,\"category\":\"Accessories\",\"designer\":\"Accra Avant-Garde\",\"dropDate\":null,\"quantity\":1,\"variants\":[],\"vendorId\":null,\"createdAt\":null,\"isPreOrder\":null,\"description\":\"Genuine leather bag with metallic hardware.\",\"isNewSeason\":null,\"releaseDate\":null}],\"buyerId\":null,\"shippingCost\":0},{\"id\":\"ord_live_1776079183148\",\"customerName\":\"Guest_4401\",\"date\":\"2026-04-13T11:19:43.148Z\",\"total\":450,\"status\":\"Processing\",\"items\":[{\"id\":\"p3\",\"name\":\"Obsidian Wide Trousers\",\"size\":\"28\",\"image\":\"https://images.unsplash.com/photo-1552374196-1ab2a1c593e8?q=80&w=800\",\"price\":450,\"sizes\":[\"28\",\"30\",\"32\",\"34\"],\"stock\":8,\"video\":null,\"votes\":0,\"images\":null,\"rating\":4.5,\"category\":\"Bottoms\",\"designer\":\"Accra Avant-Garde\",\"dropDate\":null,\"quantity\":1,\"variants\":[],\"vendorId\":null,\"createdAt\":null,\"isPreOrder\":null,\"description\":\"High-waisted wide leg trousers in Japanese denim.\",\"isNewSeason\":null,\"releaseDate\":null}],\"buyerId\":null,\"shippingCost\":0},{\"id\":\"ord_live_1776079165150\",\"customerName\":\"Guest_6794\",\"date\":\"2026-04-13T11:19:25.150Z\",\"total\":150,\"status\":\"Processing\",\"items\":[{\"id\":\"p2\",\"name\":\"Accra Leather Bag\",\"size\":\"One Size\",\"image\":\"https://images.unsplash.com/photo-1516762689617-e1cffcef479d?q=80&w=800\",\"price\":150,\"sizes\":[\"One Size\"],\"stock\":12,\"video\":null,\"votes\":0,\"images\":null,\"rating\":5,\"category\":\"Accessories\",\"designer\":\"Accra Avant-Garde\",\"dropDate\":null,\"quantity\":1,\"variants\":[],\"vendorId\":null,\"createdAt\":null,\"isPreOrder\":null,\"description\":\"Genuine leather bag with metallic hardware.\",\"isNewSeason\":null,\"releaseDate\":null}],\"buyerId\":null,\"shippingCost\":0},{\"id\":\"ord_live_1776078918142\",\"customerName\":\"Guest_4880\",\"date\":\"2026-04-13T11:15:18.142Z\",\"total\":250,\"status\":\"Processing\",\"items\":[{\"id\":\"p1\",\"name\":\"Lagos Silk Dress\",\"size\":\"S\",\"image\":\"https://images.unsplash.com/photo-1539533018447-63fcce2678e3?q=80&w=800\",\"price\":250,\"sizes\":[\"S\",\"M\",\"L\"],\"stock\":5,\"video\":null,\"votes\":0,\"images\":null,\"rating\":4.8,\"category\":\"Dresses\",\"designer\":\"Atelier Lagos\",\"dropDate\":null,\"quantity\":1,\"variants\":[],\"vendorId\":null,\"createdAt\":null,\"isPreOrder\":null,\"description\":\"Hand-woven silk dress with asymmetrical cut.\",\"isNewSeason\":null,\"releaseDate\":null}],\"buyerId\":null,\"shippingCost\":0},{\"id\":\"ord_live_1776078892149\",\"customerName\":\"Guest_4282\",\"date\":\"2026-04-13T11:14:52.149Z\",\"total\":250,\"status\":\"Processing\",\"items\":[{\"id\":\"p1\",\"name\":\"Lagos Silk Dress\",\"size\":\"S\",\"image\":\"https://images.unsplash.com/photo-1539533018447-63fcce2678e3?q=80&w=800\",\"price\":250,\"sizes\":[\"S\",\"M\",\"L\"],\"stock\":5,\"video\":null,\"votes\":0,\"images\":null,\"rating\":4.8,\"category\":\"Dresses\",\"designer\":\"Atelier Lagos\",\"dropDate\":null,\"quantity\":1,\"variants\":[],\"vendorId\":null,\"createdAt\":null,\"isPreOrder\":null,\"description\":\"Hand-woven silk dress with asymmetrical cut.\",\"isNewSeason\":null,\"releaseDate\":null}],\"buyerId\":null,\"shippingCost\":0},{\"id\":\"ord_live_1776078802150\",\"customerName\":\"Guest_9731\",\"date\":\"2026-04-13T11:13:22.150Z\",\"total\":150,\"status\":\"Processing\",\"items\":[{\"id\":\"p2\",\"name\":\"Accra Leather Bag\",\"size\":\"One Size\",\"image\":\"https://images.unsplash.com/photo-1516762689617-e1cffcef479d?q=80&w=800\",\"price\":150,\"sizes\":[\"One Size\"],\"stock\":12,\"video\":null,\"votes\":0,\"images\":null,\"rating\":5,\"category\":\"Accessories\",\"designer\":\"Accra Avant-Garde\",\"dropDate\":null,\"quantity\":1,\"variants\":[],\"vendorId\":null,\"createdAt\":null,\"isPreOrder\":null,\"description\":\"Genuine leather bag with metallic hardware.\",\"isNewSeason\":null,\"releaseDate\":null}],\"buyerId\":null,\"shippingCost\":0},{\"id\":\"ord_live_1776075752150\",\"customerName\":\"Guest_6420\",\"date\":\"2026-04-13T10:22:32.150Z\",\"total\":450,\"status\":\"Processing\",\"items\":[{\"id\":\"p3\",\"name\":\"Obsidian Wide Trousers\",\"size\":\"28\",\"image\":\"https://images.unsplash.com/photo-1552374196-1ab2a1c593e8?q=80&w=800\",\"price\":450,\"sizes\":[\"28\",\"30\",\"32\",\"34\"],\"stock\":8,\"video\":null,\"votes\":0,\"images\":null,\"rating\":4.5,\"category\":\"Bottoms\",\"designer\":\"Accra Avant-Garde\",\"dropDate\":null,\"quantity\":1,\"variants\":[],\"vendorId\":null,\"createdAt\":null,\"isPreOrder\":null,\"description\":\"High-waisted wide leg trousers in Japanese denim.\",\"isNewSeason\":null,\"releaseDate\":null}],\"buyerId\":null,\"shippingCost\":0},{\"id\":\"ord_live_1776075149878\",\"customerName\":\"Guest_4645\",\"date\":\"2026-04-13T10:12:29.878Z\",\"total\":150,\"status\":\"Processing\",\"items\":[{\"id\":\"p2\",\"name\":\"Accra Leather Bag\",\"size\":\"One Size\",\"image\":\"https://images.unsplash.com/photo-1516762689617-e1cffcef479d?q=80&w=800\",\"price\":150,\"sizes\":[\"One Size\"],\"stock\":12,\"video\":null,\"votes\":0,\"images\":null,\"rating\":5,\"category\":\"Accessories\",\"designer\":\"Accra Avant-Garde\",\"dropDate\":null,\"quantity\":1,\"variants\":[],\"vendorId\":null,\"createdAt\":null,\"isPreOrder\":null,\"description\":\"Genuine leather bag with metallic hardware.\",\"isNewSeason\":null,\"releaseDate\":null}],\"buyerId\":null,\"shippingCost\":0},{\"id\":\"ord_live_1775314490582\",\"customerName\":\"Guest_9514\",\"date\":\"2026-04-04T14:54:50.582Z\",\"total\":250,\"status\":\"Processing\",\"items\":[{\"id\":\"p1\",\"name\":\"Lagos Silk Dress\",\"size\":\"S\",\"image\":\"https://images.unsplash.com/photo-1539533018447-63fcce2678e3?q=80&w=800\",\"price\":250,\"sizes\":[\"S\",\"M\",\"L\"],\"stock\":5,\"video\":null,\"votes\":0,\"images\":null,\"rating\":4.8,\"category\":\"Dresses\",\"designer\":\"Atelier Lagos\",\"dropDate\":null,\"quantity\":1,\"variants\":[],\"vendorId\":null,\"createdAt\":null,\"isPreOrder\":null,\"description\":\"Hand-woven silk dress with asymmetrical cut.\",\"isNewSeason\":null,\"releaseDate\":null}],\"buyerId\":null,\"shippingCost\":0},{\"id\":\"ord_live_1775314036581\",\"customerName\":\"Guest_6078\",\"date\":\"2026-04-04T14:47:16.582Z\",\"total\":250,\"status\":\"Processing\",\"items\":[{\"id\":\"p1\",\"name\":\"Lagos Silk Dress\",\"size\":\"S\",\"image\":\"https://images.unsplash.com/photo-1539533018447-63fcce2678e3?q=80&w=800\",\"price\":250,\"sizes\":[\"S\",\"M\",\"L\"],\"stock\":5,\"video\":null,\"votes\":0,\"images\":null,\"rating\":4.8,\"category\":\"Dresses\",\"designer\":\"Atelier Lagos\",\"dropDate\":null,\"quantity\":1,\"variants\":[],\"vendorId\":null,\"createdAt\":null,\"isPreOrder\":null,\"description\":\"Hand-woven silk dress with asymmetrical cut.\",\"isNewSeason\":null,\"releaseDate\":null}],\"buyerId\":null,\"shippingCost\":0},{\"id\":\"ord_live_1775313640577\",\"customerName\":\"Guest_2152\",\"date\":\"2026-04-04T14:40:40.577Z\",\"total\":450,\"status\":\"Processing\",\"items\":[{\"id\":\"p3\",\"name\":\"Obsidian Wide Trousers\",\"size\":\"28\",\"image\":\"https://images.unsplash.com/photo-1552374196-1ab2a1c593e8?q=80&w=800\",\"price\":450,\"sizes\":[\"28\",\"30\",\"32\",\"34\"],\"stock\":8,\"video\":null,\"votes\":0,\"images\":null,\"rating\":4.5,\"category\":\"Bottoms\",\"designer\":\"Accra Avant-Garde\",\"dropDate\":null,\"quantity\":1,\"variants\":[],\"vendorId\":null,\"createdAt\":null,\"isPreOrder\":null,\"description\":\"High-waisted wide leg trousers in Japanese denim.\",\"isNewSeason\":null,\"releaseDate\":null}],\"buyerId\":null,\"shippingCost\":0},{\"id\":\"ord_live_1775313415577\",\"customerName\":\"Guest_9199\",\"date\":\"2026-04-04T14:36:55.577Z\",\"total\":150,\"status\":\"Processing\",\"items\":[{\"id\":\"p2\",\"name\":\"Accra Leather Bag\",\"size\":\"One Size\",\"image\":\"https://images.unsplash.com/photo-1516762689617-e1cffcef479d?q=80&w=800\",\"price\":150,\"sizes\":[\"One Size\"],\"stock\":12,\"video\":null,\"votes\":0,\"images\":null,\"rating\":5,\"category\":\"Accessories\",\"designer\":\"Accra Avant-Garde\",\"dropDate\":null,\"quantity\":1,\"variants\":[],\"vendorId\":null,\"createdAt\":null,\"isPreOrder\":null,\"description\":\"Genuine leather bag with metallic hardware.\",\"isNewSeason\":null,\"releaseDate\":null}],\"buyerId\":null,\"shippingCost\":0},{\"id\":\"ord_live_1775312741584\",\"customerName\":\"Guest_3734\",\"date\":\"2026-04-04T14:25:41.584Z\",\"total\":450,\"status\":\"Processing\",\"items\":[{\"id\":\"p3\",\"name\":\"Obsidian Wide Trousers\",\"size\":\"28\",\"image\":\"https://images.unsplash.com/photo-1552374196-1ab2a1c593e8?q=80&w=800\",\"price\":450,\"sizes\":[\"28\",\"30\",\"32\",\"34\"],\"stock\":8,\"video\":null,\"votes\":0,\"images\":null,\"rating\":4.5,\"category\":\"Bottoms\",\"designer\":\"Accra Avant-Garde\",\"dropDate\":null,\"quantity\":1,\"variants\":[],\"vendorId\":null,\"createdAt\":null,\"isPreOrder\":null,\"description\":\"High-waisted wide leg trousers in Japanese denim.\",\"isNewSeason\":null,\"releaseDate\":null}],\"buyerId\":null,\"shippingCost\":0},{\"id\":\"ord_live_1775312220580\",\"customerName\":\"Guest_1504\",\"date\":\"2026-04-04T14:17:00.580Z\",\"total\":150,\"status\":\"Processing\",\"items\":[{\"id\":\"p2\",\"name\":\"Accra Leather Bag\",\"size\":\"One Size\",\"image\":\"https://images.unsplash.com/photo-1516762689617-e1cffcef479d?q=80&w=800\",\"price\":150,\"sizes\":[\"One Size\"],\"stock\":12,\"video\":null,\"votes\":0,\"images\":null,\"rating\":5,\"category\":\"Accessories\",\"designer\":\"Accra Avant-Garde\",\"dropDate\":null,\"quantity\":1,\"variants\":[],\"vendorId\":null,\"createdAt\":null,\"isPreOrder\":null,\"description\":\"Genuine leather bag with metallic hardware.\",\"isNewSeason\":null,\"releaseDate\":null}],\"buyerId\":null,\"shippingCost\":0},{\"id\":\"ord_live_1775311991577\",\"customerName\":\"Guest_4465\",\"date\":\"2026-04-04T14:13:11.577Z\",\"total\":150,\"status\":\"Processing\",\"items\":[{\"id\":\"p2\",\"name\":\"Accra Leather Bag\",\"size\":\"One Size\",\"image\":\"https://images.unsplash.com/photo-1516762689617-e1cffcef479d?q=80&w=800\",\"price\":150,\"sizes\":[\"One Size\"],\"stock\":12,\"video\":null,\"votes\":0,\"images\":null,\"rating\":5,\"category\":\"Accessories\",\"designer\":\"Accra Avant-Garde\",\"dropDate\":null,\"quantity\":1,\"variants\":[],\"vendorId\":null,\"createdAt\":null,\"isPreOrder\":null,\"description\":\"Genuine leather bag with metallic hardware.\",\"isNewSeason\":null,\"releaseDate\":null}],\"buyerId\":null,\"shippingCost\":0},{\"id\":\"ord_live_1775311896582\",\"customerName\":\"Guest_9570\",\"date\":\"2026-04-04T14:11:36.582Z\",\"total\":450,\"status\":\"Processing\",\"items\":[{\"id\":\"p3\",\"name\":\"Obsidian Wide Trousers\",\"size\":\"28\",\"image\":\"https://images.unsplash.com/photo-1552374196-1ab2a1c593e8?q=80&w=800\",\"price\":450,\"sizes\":[\"28\",\"30\",\"32\",\"34\"],\"stock\":8,\"video\":null,\"votes\":0,\"images\":null,\"rating\":4.5,\"category\":\"Bottoms\",\"designer\":\"Accra Avant-Garde\",\"dropDate\":null,\"quantity\":1,\"variants\":[],\"vendorId\":null,\"createdAt\":null,\"isPreOrder\":null,\"description\":\"High-waisted wide leg trousers in Japanese denim.\",\"isNewSeason\":null,\"releaseDate\":null}],\"buyerId\":null,\"shippingCost\":0},{\"id\":\"ord_live_1775311697583\",\"customerName\":\"Guest_5774\",\"date\":\"2026-04-04T14:08:17.583Z\",\"total\":450,\"status\":\"Processing\",\"items\":[{\"id\":\"p3\",\"name\":\"Obsidian Wide Trousers\",\"size\":\"28\",\"image\":\"https://images.unsplash.com/photo-1552374196-1ab2a1c593e8?q=80&w=800\",\"price\":450,\"sizes\":[\"28\",\"30\",\"32\",\"34\"],\"stock\":8,\"video\":null,\"votes\":0,\"images\":null,\"rating\":4.5,\"category\":\"Bottoms\",\"designer\":\"Accra Avant-Garde\",\"dropDate\":null,\"quantity\":1,\"variants\":[],\"vendorId\":null,\"createdAt\":null,\"isPreOrder\":null,\"description\":\"High-waisted wide leg trousers in Japanese denim.\",\"isNewSeason\":null,\"releaseDate\":null}],\"buyerId\":null,\"shippingCost\":0},{\"id\":\"ord_live_1775311559580\",\"customerName\":\"Guest_6267\",\"date\":\"2026-04-04T14:05:59.580Z\",\"total\":250,\"status\":\"Processing\",\"items\":[{\"id\":\"p1\",\"name\":\"Lagos Silk Dress\",\"size\":\"S\",\"image\":\"https://images.unsplash.com/photo-1539533018447-63fcce2678e3?q=80&w=800\",\"price\":250,\"sizes\":[\"S\",\"M\",\"L\"],\"stock\":5,\"video\":null,\"votes\":0,\"images\":null,\"rating\":4.8,\"category\":\"Dresses\",\"designer\":\"Atelier Lagos\",\"dropDate\":null,\"quantity\":1,\"variants\":[],\"vendorId\":null,\"createdAt\":null,\"isPreOrder\":null,\"description\":\"Hand-woven silk dress with asymmetrical cut.\",\"isNewSeason\":null,\"releaseDate\":null}],\"buyerId\":null,\"shippingCost\":0},{\"id\":\"ord_live_1775311479574\",\"customerName\":\"Guest_3762\",\"date\":\"2026-04-04T14:04:39.574Z\",\"total\":150,\"status\":\"Processing\",\"items\":[{\"id\":\"p2\",\"name\":\"Accra Leather Bag\",\"size\":\"One Size\",\"image\":\"https://images.unsplash.com/photo-1516762689617-e1cffcef479d?q=80&w=800\",\"price\":150,\"sizes\":[\"One Size\"],\"stock\":12,\"video\":null,\"votes\":0,\"images\":null,\"rating\":5,\"category\":\"Accessories\",\"designer\":\"Accra Avant-Garde\",\"dropDate\":null,\"quantity\":1,\"variants\":[],\"vendorId\":null,\"createdAt\":null,\"isPreOrder\":null,\"description\":\"Genuine leather bag with metallic hardware.\",\"isNewSeason\":null,\"releaseDate\":null}],\"buyerId\":null,\"shippingCost\":0},{\"id\":\"ord_live_1775311453578\",\"customerName\":\"Guest_5189\",\"date\":\"2026-04-04T14:04:13.578Z\",\"total\":450,\"status\":\"Processing\",\"items\":[{\"id\":\"p3\",\"name\":\"Obsidian Wide Trousers\",\"size\":\"28\",\"image\":\"https://images.unsplash.com/photo-1552374196-1ab2a1c593e8?q=80&w=800\",\"price\":450,\"sizes\":[\"28\",\"30\",\"32\",\"34\"],\"stock\":8,\"video\":null,\"votes\":0,\"images\":null,\"rating\":4.5,\"category\":\"Bottoms\",\"designer\":\"Accra Avant-Garde\",\"dropDate\":null,\"quantity\":1,\"variants\":[],\"vendorId\":null,\"createdAt\":null,\"isPreOrder\":null,\"description\":\"High-waisted wide leg trousers in Japanese denim.\",\"isNewSeason\":null,\"releaseDate\":null}],\"buyerId\":null,\"shippingCost\":0},{\"id\":\"ord_live_1775311396589\",\"customerName\":\"Guest_4598\",\"date\":\"2026-04-04T14:03:16.589Z\",\"total\":450,\"status\":\"Processing\",\"items\":[{\"id\":\"p3\",\"name\":\"Obsidian Wide Trousers\",\"size\":\"28\",\"image\":\"https://images.unsplash.com/photo-1552374196-1ab2a1c593e8?q=80&w=800\",\"price\":450,\"sizes\":[\"28\",\"30\",\"32\",\"34\"],\"stock\":8,\"video\":null,\"votes\":0,\"images\":null,\"rating\":4.5,\"category\":\"Bottoms\",\"designer\":\"Accra Avant-Garde\",\"dropDate\":null,\"quantity\":1,\"variants\":[],\"vendorId\":null,\"createdAt\":null,\"isPreOrder\":null,\"description\":\"High-waisted wide leg trousers in Japanese denim.\",\"isNewSeason\":null,\"releaseDate\":null}],\"buyerId\":null,\"shippingCost\":0},{\"id\":\"ord_live_1775310899580\",\"customerName\":\"Guest_5282\",\"date\":\"2026-04-04T13:54:59.580Z\",\"total\":450,\"status\":\"Processing\",\"items\":[{\"id\":\"p3\",\"name\":\"Obsidian Wide Trousers\",\"size\":\"28\",\"image\":\"https://images.unsplash.com/photo-1552374196-1ab2a1c593e8?q=80&w=800\",\"price\":450,\"sizes\":[\"28\",\"30\",\"32\",\"34\"],\"stock\":8,\"video\":null,\"votes\":0,\"images\":null,\"rating\":4.5,\"category\":\"Bottoms\",\"designer\":\"Accra Avant-Garde\",\"dropDate\":null,\"quantity\":1,\"variants\":[],\"vendorId\":null,\"createdAt\":null,\"isPreOrder\":null,\"description\":\"High-waisted wide leg trousers in Japanese denim.\",\"isNewSeason\":null,\"releaseDate\":null}],\"buyerId\":null,\"shippingCost\":0},{\"id\":\"ord_live_1775310741585\",\"customerName\":\"Guest_7713\",\"date\":\"2026-04-04T13:52:21.585Z\",\"total\":250,\"status\":\"Processing\",\"items\":[{\"id\":\"p1\",\"name\":\"Lagos Silk Dress\",\"size\":\"S\",\"image\":\"https://images.unsplash.com/photo-1539533018447-63fcce2678e3?q=80&w=800\",\"price\":250,\"sizes\":[\"S\",\"M\",\"L\"],\"stock\":5,\"video\":null,\"votes\":0,\"images\":null,\"rating\":4.8,\"category\":\"Dresses\",\"designer\":\"Atelier Lagos\",\"dropDate\":null,\"quantity\":1,\"variants\":[],\"vendorId\":null,\"createdAt\":null,\"isPreOrder\":null,\"description\":\"Hand-woven silk dress with asymmetrical cut.\",\"isNewSeason\":null,\"releaseDate\":null}],\"buyerId\":null,\"shippingCost\":0},{\"id\":\"ord_live_1775310673581\",\"customerName\":\"Guest_1855\",\"date\":\"2026-04-04T13:51:13.582Z\",\"total\":250,\"status\":\"Processing\",\"items\":[{\"id\":\"p1\",\"name\":\"Lagos Silk Dress\",\"size\":\"S\",\"image\":\"https://images.unsplash.com/photo-1539533018447-63fcce2678e3?q=80&w=800\",\"price\":250,\"sizes\":[\"S\",\"M\",\"L\"],\"stock\":5,\"video\":null,\"votes\":0,\"images\":null,\"rating\":4.8,\"category\":\"Dresses\",\"designer\":\"Atelier Lagos\",\"dropDate\":null,\"quantity\":1,\"variants\":[],\"vendorId\":null,\"createdAt\":null,\"isPreOrder\":null,\"description\":\"Hand-woven silk dress with asymmetrical cut.\",\"isNewSeason\":null,\"releaseDate\":null}],\"buyerId\":null,\"shippingCost\":0},{\"id\":\"ord_live_1775310156599\",\"customerName\":\"Guest_4684\",\"date\":\"2026-04-04T13:42:36.599Z\",\"total\":150,\"status\":\"Processing\",\"items\":[{\"id\":\"p2\",\"name\":\"Accra Leather Bag\",\"size\":\"One Size\",\"image\":\"https://images.unsplash.com/photo-1516762689617-e1cffcef479d?q=80&w=800\",\"price\":150,\"sizes\":[\"One Size\"],\"stock\":12,\"video\":null,\"votes\":0,\"images\":null,\"rating\":5,\"category\":\"Accessories\",\"designer\":\"Accra Avant-Garde\",\"dropDate\":null,\"quantity\":1,\"variants\":[],\"vendorId\":null,\"createdAt\":null,\"isPreOrder\":null,\"description\":\"Genuine leather bag with metallic hardware.\",\"isNewSeason\":null,\"releaseDate\":null}],\"buyerId\":null,\"shippingCost\":0},{\"id\":\"ord_live_1775309101588\",\"customerName\":\"Guest_4397\",\"date\":\"2026-04-04T13:25:01.588Z\",\"total\":150,\"status\":\"Processing\",\"items\":[{\"id\":\"p2\",\"name\":\"Accra Leather Bag\",\"size\":\"One Size\",\"image\":\"https://images.unsplash.com/photo-1516762689617-e1cffcef479d?q=80&w=800\",\"price\":150,\"sizes\":[\"One Size\"],\"stock\":12,\"video\":null,\"votes\":0,\"images\":null,\"rating\":5,\"category\":\"Accessories\",\"designer\":\"Accra Avant-Garde\",\"dropDate\":null,\"quantity\":1,\"variants\":[],\"vendorId\":null,\"createdAt\":null,\"isPreOrder\":null,\"description\":\"Genuine leather bag with metallic hardware.\",\"isNewSeason\":null,\"releaseDate\":null}],\"buyerId\":null,\"shippingCost\":0},{\"id\":\"ord_live_1775308926583\",\"customerName\":\"Guest_8267\",\"date\":\"2026-04-04T13:22:06.583Z\",\"total\":250,\"status\":\"Processing\",\"items\":[{\"id\":\"p1\",\"name\":\"Lagos Silk Dress\",\"size\":\"S\",\"image\":\"https://images.unsplash.com/photo-1539533018447-63fcce2678e3?q=80&w=800\",\"price\":250,\"sizes\":[\"S\",\"M\",\"L\"],\"stock\":5,\"video\":null,\"votes\":0,\"images\":null,\"rating\":4.8,\"category\":\"Dresses\",\"designer\":\"Atelier Lagos\",\"dropDate\":null,\"quantity\":1,\"variants\":[],\"vendorId\":null,\"createdAt\":null,\"isPreOrder\":null,\"description\":\"Hand-woven silk dress with asymmetrical cut.\",\"isNewSeason\":null,\"releaseDate\":null}],\"buyerId\":null,\"shippingCost\":0},{\"id\":\"ord_live_1775308376582\",\"customerName\":\"Guest_4260\",\"date\":\"2026-04-04T13:12:56.582Z\",\"total\":250,\"status\":\"Processing\",\"items\":[{\"id\":\"p1\",\"name\":\"Lagos Silk Dress\",\"size\":\"S\",\"image\":\"https://images.unsplash.com/photo-1539533018447-63fcce2678e3?q=80&w=800\",\"price\":250,\"sizes\":[\"S\",\"M\",\"L\"],\"stock\":5,\"video\":null,\"votes\":0,\"images\":null,\"rating\":4.8,\"category\":\"Dresses\",\"designer\":\"Atelier Lagos\",\"dropDate\":null,\"quantity\":1,\"variants\":[],\"vendorId\":null,\"createdAt\":null,\"isPreOrder\":null,\"description\":\"Hand-woven silk dress with asymmetrical cut.\",\"isNewSeason\":null,\"releaseDate\":null}],\"buyerId\":null,\"shippingCost\":0},{\"id\":\"ord_live_1775308274635\",\"customerName\":\"Guest_3971\",\"date\":\"2026-04-04T13:11:14.635Z\",\"total\":450,\"status\":\"Processing\",\"items\":[{\"id\":\"p3\",\"name\":\"Obsidian Wide Trousers\",\"size\":\"28\",\"image\":\"https://images.unsplash.com/photo-1552374196-1ab2a1c593e8?q=80&w=800\",\"price\":450,\"sizes\":[\"28\",\"30\",\"32\",\"34\"],\"stock\":8,\"video\":null,\"votes\":0,\"images\":null,\"rating\":4.5,\"category\":\"Bottoms\",\"designer\":\"Accra Avant-Garde\",\"dropDate\":null,\"quantity\":1,\"variants\":[],\"vendorId\":null,\"createdAt\":null,\"isPreOrder\":null,\"description\":\"High-waisted wide leg trousers in Japanese denim.\",\"isNewSeason\":null,\"releaseDate\":null}],\"buyerId\":null,\"shippingCost\":0},{\"id\":\"ord_live_1775308168905\",\"customerName\":\"Guest_8075\",\"date\":\"2026-04-04T13:09:28.905Z\",\"total\":150,\"status\":\"Processing\",\"items\":[{\"id\":\"p2\",\"name\":\"Accra Leather Bag\",\"size\":\"One Size\",\"image\":\"https://images.unsplash.com/photo-1516762689617-e1cffcef479d?q=80&w=800\",\"price\":150,\"sizes\":[\"One Size\"],\"stock\":12,\"video\":null,\"votes\":0,\"images\":null,\"rating\":5,\"category\":\"Accessories\",\"designer\":\"Accra Avant-Garde\",\"dropDate\":null,\"quantity\":1,\"variants\":[],\"vendorId\":null,\"createdAt\":null,\"isPreOrder\":null,\"description\":\"Genuine leather bag with metallic hardware.\",\"isNewSeason\":null,\"releaseDate\":null}],\"buyerId\":null,\"shippingCost\":0},{\"id\":\"ord_live_1775307991589\",\"customerName\":\"Guest_8198\",\"date\":\"2026-04-04T13:06:31.589Z\",\"total\":250,\"status\":\"Processing\",\"items\":[{\"id\":\"p1\",\"name\":\"Lagos Silk Dress\",\"size\":\"S\",\"image\":\"https://images.unsplash.com/photo-1539533018447-63fcce2678e3?q=80&w=800\",\"price\":250,\"sizes\":[\"S\",\"M\",\"L\"],\"stock\":5,\"video\":null,\"votes\":0,\"images\":null,\"rating\":4.8,\"category\":\"Dresses\",\"designer\":\"Atelier Lagos\",\"dropDate\":null,\"quantity\":1,\"variants\":[],\"vendorId\":null,\"createdAt\":null,\"isPreOrder\":null,\"description\":\"Hand-woven silk dress with asymmetrical cut.\",\"isNewSeason\":null,\"releaseDate\":null}],\"buyerId\":null,\"shippingCost\":0},{\"id\":\"ord_live_1775307907603\",\"customerName\":\"Guest_4443\",\"date\":\"2026-04-04T13:05:07.603Z\",\"total\":250,\"status\":\"Processing\",\"items\":[{\"id\":\"p1\",\"name\":\"Lagos Silk Dress\",\"size\":\"S\",\"image\":\"https://images.unsplash.com/photo-1539533018447-63fcce2678e3?q=80&w=800\",\"price\":250,\"sizes\":[\"S\",\"M\",\"L\"],\"stock\":5,\"video\":null,\"votes\":0,\"images\":null,\"rating\":4.8,\"category\":\"Dresses\",\"designer\":\"Atelier Lagos\",\"dropDate\":null,\"quantity\":1,\"variants\":[],\"vendorId\":null,\"createdAt\":null,\"isPreOrder\":null,\"description\":\"Hand-woven silk dress with asymmetrical cut.\",\"isNewSeason\":null,\"releaseDate\":null}],\"buyerId\":null,\"shippingCost\":0},{\"id\":\"ord_live_1775306644579\",\"customerName\":\"Guest_3834\",\"date\":\"2026-04-04T12:44:04.579Z\",\"total\":450,\"status\":\"Processing\",\"items\":[{\"id\":\"p3\",\"name\":\"Obsidian Wide Trousers\",\"size\":\"28\",\"image\":\"https://images.unsplash.com/photo-1552374196-1ab2a1c593e8?q=80&w=800\",\"price\":450,\"sizes\":[\"28\",\"30\",\"32\",\"34\"],\"stock\":8,\"video\":null,\"votes\":0,\"images\":null,\"rating\":4.5,\"category\":\"Bottoms\",\"designer\":\"Accra Avant-Garde\",\"dropDate\":null,\"quantity\":1,\"variants\":[],\"vendorId\":null,\"createdAt\":null,\"isPreOrder\":null,\"description\":\"High-waisted wide leg trousers in Japanese denim.\",\"isNewSeason\":null,\"releaseDate\":null}],\"buyerId\":null,\"shippingCost\":0},{\"id\":\"ord_live_1775306576614\",\"customerName\":\"Guest_9619\",\"date\":\"2026-04-04T12:42:56.614Z\",\"total\":150,\"status\":\"Processing\",\"items\":[{\"id\":\"p2\",\"name\":\"Accra Leather Bag\",\"size\":\"One Size\",\"image\":\"https://images.unsplash.com/photo-1516762689617-e1cffcef479d?q=80&w=800\",\"price\":150,\"sizes\":[\"One Size\"],\"stock\":12,\"video\":null,\"votes\":0,\"images\":null,\"rating\":5,\"category\":\"Accessories\",\"designer\":\"Accra Avant-Garde\",\"dropDate\":null,\"quantity\":1,\"variants\":[],\"vendorId\":null,\"createdAt\":null,\"isPreOrder\":null,\"description\":\"Genuine leather bag with metallic hardware.\",\"isNewSeason\":null,\"releaseDate\":null}],\"buyerId\":null,\"shippingCost\":0},{\"id\":\"ord_live_1775306496582\",\"customerName\":\"Guest_8955\",\"date\":\"2026-04-04T12:41:36.582Z\",\"total\":150,\"status\":\"Processing\",\"items\":[{\"id\":\"p2\",\"name\":\"Accra Leather Bag\",\"size\":\"One Size\",\"image\":\"https://images.unsplash.com/photo-1516762689617-e1cffcef479d?q=80&w=800\",\"price\":150,\"sizes\":[\"One Size\"],\"stock\":12,\"video\":null,\"votes\":0,\"images\":null,\"rating\":5,\"category\":\"Accessories\",\"designer\":\"Accra Avant-Garde\",\"dropDate\":null,\"quantity\":1,\"variants\":[],\"vendorId\":null,\"createdAt\":null,\"isPreOrder\":null,\"description\":\"Genuine leather bag with metallic hardware.\",\"isNewSeason\":null,\"releaseDate\":null}],\"buyerId\":null,\"shippingCost\":0},{\"id\":\"ord_live_1775306113574\",\"customerName\":\"Guest_7825\",\"date\":\"2026-04-04T12:35:13.574Z\",\"total\":450,\"status\":\"Processing\",\"items\":[{\"id\":\"p3\",\"name\":\"Obsidian Wide Trousers\",\"size\":\"28\",\"image\":\"https://images.unsplash.com/photo-1552374196-1ab2a1c593e8?q=80&w=800\",\"price\":450,\"sizes\":[\"28\",\"30\",\"32\",\"34\"],\"stock\":8,\"video\":null,\"votes\":0,\"images\":null,\"rating\":4.5,\"category\":\"Bottoms\",\"designer\":\"Accra Avant-Garde\",\"dropDate\":null,\"quantity\":1,\"variants\":[],\"vendorId\":null,\"createdAt\":null,\"isPreOrder\":null,\"description\":\"High-waisted wide leg trousers in Japanese denim.\",\"isNewSeason\":null,\"releaseDate\":null}],\"buyerId\":null,\"shippingCost\":0},{\"id\":\"ord_live_1775306016583\",\"customerName\":\"Guest_4284\",\"date\":\"2026-04-04T12:33:36.583Z\",\"total\":250,\"status\":\"Processing\",\"items\":[{\"id\":\"p1\",\"name\":\"Lagos Silk Dress\",\"size\":\"S\",\"image\":\"https://images.unsplash.com/photo-1539533018447-63fcce2678e3?q=80&w=800\",\"price\":250,\"sizes\":[\"S\",\"M\",\"L\"],\"stock\":5,\"video\":null,\"votes\":0,\"images\":null,\"rating\":4.8,\"category\":\"Dresses\",\"designer\":\"Atelier Lagos\",\"dropDate\":null,\"quantity\":1,\"variants\":[],\"vendorId\":null,\"createdAt\":null,\"isPreOrder\":null,\"description\":\"Hand-woven silk dress with asymmetrical cut.\",\"isNewSeason\":null,\"releaseDate\":null}],\"buyerId\":null,\"shippingCost\":0},{\"id\":\"ord_live_1775305711576\",\"customerName\":\"Guest_6064\",\"date\":\"2026-04-04T12:28:31.576Z\",\"total\":150,\"status\":\"Processing\",\"items\":[{\"id\":\"p2\",\"name\":\"Accra Leather Bag\",\"size\":\"One Size\",\"image\":\"https://images.unsplash.com/photo-1516762689617-e1cffcef479d?q=80&w=800\",\"price\":150,\"sizes\":[\"One Size\"],\"stock\":12,\"video\":null,\"votes\":0,\"images\":null,\"rating\":5,\"category\":\"Accessories\",\"designer\":\"Accra Avant-Garde\",\"dropDate\":null,\"quantity\":1,\"variants\":[],\"vendorId\":null,\"createdAt\":null,\"isPreOrder\":null,\"description\":\"Genuine leather bag with metallic hardware.\",\"isNewSeason\":null,\"releaseDate\":null}],\"buyerId\":null,\"shippingCost\":0},{\"id\":\"ord_live_1775305673588\",\"customerName\":\"Guest_4939\",\"date\":\"2026-04-04T12:27:53.588Z\",\"total\":450,\"status\":\"Processing\",\"items\":[{\"id\":\"p3\",\"name\":\"Obsidian Wide Trousers\",\"size\":\"28\",\"image\":\"https://images.unsplash.com/photo-1552374196-1ab2a1c593e8?q=80&w=800\",\"price\":450,\"sizes\":[\"28\",\"30\",\"32\",\"34\"],\"stock\":8,\"video\":null,\"votes\":0,\"images\":null,\"rating\":4.5,\"category\":\"Bottoms\",\"designer\":\"Accra Avant-Garde\",\"dropDate\":null,\"quantity\":1,\"variants\":[],\"vendorId\":null,\"createdAt\":null,\"isPreOrder\":null,\"description\":\"High-waisted wide leg trousers in Japanese denim.\",\"isNewSeason\":null,\"releaseDate\":null}],\"buyerId\":null,\"shippingCost\":0},{\"id\":\"ord_live_1775305507638\",\"customerName\":\"Guest_6309\",\"date\":\"2026-04-04T12:25:07.638Z\",\"total\":450,\"status\":\"Processing\",\"items\":[{\"id\":\"p3\",\"name\":\"Obsidian Wide Trousers\",\"size\":\"28\",\"image\":\"https://images.unsplash.com/photo-1552374196-1ab2a1c593e8?q=80&w=800\",\"price\":450,\"sizes\":[\"28\",\"30\",\"32\",\"34\"],\"stock\":8,\"video\":null,\"votes\":0,\"images\":null,\"rating\":4.5,\"category\":\"Bottoms\",\"designer\":\"Accra Avant-Garde\",\"dropDate\":null,\"quantity\":1,\"variants\":[],\"vendorId\":null,\"createdAt\":null,\"isPreOrder\":null,\"description\":\"High-waisted wide leg trousers in Japanese denim.\",\"isNewSeason\":null,\"releaseDate\":null}],\"buyerId\":null,\"shippingCost\":0},{\"id\":\"ord_live_1775305038577\",\"customerName\":\"Guest_7411\",\"date\":\"2026-04-04T12:17:18.577Z\",\"total\":450,\"status\":\"Processing\",\"items\":[{\"id\":\"p3\",\"name\":\"Obsidian Wide Trousers\",\"size\":\"28\",\"image\":\"https://images.unsplash.com/photo-1552374196-1ab2a1c593e8?q=80&w=800\",\"price\":450,\"sizes\":[\"28\",\"30\",\"32\",\"34\"],\"stock\":8,\"video\":null,\"votes\":0,\"images\":null,\"rating\":4.5,\"category\":\"Bottoms\",\"designer\":\"Accra Avant-Garde\",\"dropDate\":null,\"quantity\":1,\"variants\":[],\"vendorId\":null,\"createdAt\":null,\"isPreOrder\":null,\"description\":\"High-waisted wide leg trousers in Japanese denim.\",\"isNewSeason\":null,\"releaseDate\":null}],\"buyerId\":null,\"shippingCost\":0},{\"id\":\"ord_live_1775304994580\",\"customerName\":\"Guest_5069\",\"date\":\"2026-04-04T12:16:34.580Z\",\"total\":150,\"status\":\"Processing\",\"items\":[{\"id\":\"p2\",\"name\":\"Accra Leather Bag\",\"size\":\"One Size\",\"image\":\"https://images.unsplash.com/photo-1516762689617-e1cffcef479d?q=80&w=800\",\"price\":150,\"sizes\":[\"One Size\"],\"stock\":12,\"video\":null,\"votes\":0,\"images\":null,\"rating\":5,\"category\":\"Accessories\",\"designer\":\"Accra Avant-Garde\",\"dropDate\":null,\"quantity\":1,\"variants\":[],\"vendorId\":null,\"createdAt\":null,\"isPreOrder\":null,\"description\":\"Genuine leather bag with metallic hardware.\",\"isNewSeason\":null,\"releaseDate\":null}],\"buyerId\":null,\"shippingCost\":0},{\"id\":\"ord_live_1775304958599\",\"customerName\":\"Guest_5986\",\"date\":\"2026-04-04T12:15:58.599Z\",\"total\":250,\"status\":\"Processing\",\"items\":[{\"id\":\"p1\",\"name\":\"Lagos Silk Dress\",\"size\":\"S\",\"image\":\"https://images.unsplash.com/photo-1539533018447-63fcce2678e3?q=80&w=800\",\"price\":250,\"sizes\":[\"S\",\"M\",\"L\"],\"stock\":5,\"video\":null,\"votes\":0,\"images\":null,\"rating\":4.8,\"category\":\"Dresses\",\"designer\":\"Atelier Lagos\",\"dropDate\":null,\"quantity\":1,\"variants\":[],\"vendorId\":null,\"createdAt\":null,\"isPreOrder\":null,\"description\":\"Hand-woven silk dress with asymmetrical cut.\",\"isNewSeason\":null,\"releaseDate\":null}],\"buyerId\":null,\"shippingCost\":0},{\"id\":\"ord_live_1775304712584\",\"customerName\":\"Guest_9863\",\"date\":\"2026-04-04T12:11:52.584Z\",\"total\":250,\"status\":\"Processing\",\"items\":[{\"id\":\"p1\",\"name\":\"Lagos Silk Dress\",\"size\":\"S\",\"image\":\"https://images.unsplash.com/photo-1539533018447-63fcce2678e3?q=80&w=800\",\"price\":250,\"sizes\":[\"S\",\"M\",\"L\"],\"stock\":5,\"video\":null,\"votes\":0,\"images\":null,\"rating\":4.8,\"category\":\"Dresses\",\"designer\":\"Atelier Lagos\",\"dropDate\":null,\"quantity\":1,\"variants\":[],\"vendorId\":null,\"createdAt\":null,\"isPreOrder\":null,\"description\":\"Hand-woven silk dress with asymmetrical cut.\",\"isNewSeason\":null,\"releaseDate\":null}],\"buyerId\":null,\"shippingCost\":0},{\"id\":\"ord_live_1775304667587\",\"customerName\":\"Guest_9126\",\"date\":\"2026-04-04T12:11:07.587Z\",\"total\":250,\"status\":\"Processing\",\"items\":[{\"id\":\"p1\",\"name\":\"Lagos Silk Dress\",\"size\":\"S\",\"image\":\"https://images.unsplash.com/photo-1539533018447-63fcce2678e3?q=80&w=800\",\"price\":250,\"sizes\":[\"S\",\"M\",\"L\"],\"stock\":5,\"video\":null,\"votes\":0,\"images\":null,\"rating\":4.8,\"category\":\"Dresses\",\"designer\":\"Atelier Lagos\",\"dropDate\":null,\"quantity\":1,\"variants\":[],\"vendorId\":null,\"createdAt\":null,\"isPreOrder\":null,\"description\":\"Hand-woven silk dress with asymmetrical cut.\",\"isNewSeason\":null,\"releaseDate\":null}],\"buyerId\":null,\"shippingCost\":0},{\"id\":\"ord_live_1775302435586\",\"customerName\":\"Guest_6856\",\"date\":\"2026-04-04T11:33:55.586Z\",\"total\":250,\"status\":\"Processing\",\"items\":[{\"id\":\"p1\",\"name\":\"Lagos Silk Dress\",\"size\":\"S\",\"image\":\"https://images.unsplash.com/photo-1539533018447-63fcce2678e3?q=80&w=800\",\"price\":250,\"sizes\":[\"S\",\"M\",\"L\"],\"stock\":5,\"images\":null,\"rating\":4.8,\"category\":\"Dresses\",\"designer\":\"Atelier Lagos\",\"quantity\":1,\"variants\":[],\"createdAt\":null,\"description\":\"Hand-woven silk dress with asymmetrical cut.\"}],\"buyerId\":null,\"shippingCost\":0},{\"id\":\"ord_live_1775147862672\",\"customerName\":\"Guest_1485\",\"date\":\"2026-04-02T16:37:42.672Z\",\"total\":250,\"status\":\"Processing\",\"items\":[{\"id\":\"p1\",\"name\":\"Lagos Silk Dress\",\"size\":\"S\",\"image\":\"https://images.unsplash.com/photo-1539533018447-63fcce2678e3?q=80&w=800\",\"price\":250,\"sizes\":[\"S\",\"M\",\"L\"],\"stock\":5,\"images\":null,\"rating\":4.8,\"category\":\"Dresses\",\"designer\":\"Atelier Lagos\",\"quantity\":1,\"variants\":[],\"createdAt\":null,\"description\":\"Hand-woven silk dress with asymmetrical cut.\"}],\"buyerId\":null,\"shippingCost\":0},{\"id\":\"ord_live_1775147547678\",\"customerName\":\"Guest_2473\",\"date\":\"2026-04-02T16:32:27.678Z\",\"total\":450,\"status\":\"Processing\",\"items\":[{\"id\":\"p3\",\"name\":\"Obsidian Wide Trousers\",\"size\":\"28\",\"image\":\"https://images.unsplash.com/photo-1552374196-1ab2a1c593e8?q=80&w=800\",\"price\":450,\"sizes\":[\"28\",\"30\",\"32\",\"34\"],\"stock\":8,\"images\":null,\"rating\":4.5,\"category\":\"Bottoms\",\"designer\":\"Accra Avant-Garde\",\"quantity\":1,\"variants\":[],\"createdAt\":null,\"description\":\"High-waisted wide leg trousers in Japanese denim.\"}],\"buyerId\":null,\"shippingCost\":0},{\"id\":\"ord_live_1775147483680\",\"customerName\":\"Guest_1697\",\"date\":\"2026-04-02T16:31:23.680Z\",\"total\":150,\"status\":\"Processing\",\"items\":[{\"id\":\"p2\",\"name\":\"Accra Leather Bag\",\"size\":\"One Size\",\"image\":\"https://images.unsplash.com/photo-1516762689617-e1cffcef479d?q=80&w=800\",\"price\":150,\"sizes\":[\"One Size\"],\"stock\":12,\"images\":null,\"rating\":5,\"category\":\"Accessories\",\"designer\":\"Accra Avant-Garde\",\"quantity\":1,\"variants\":[],\"createdAt\":null,\"description\":\"Genuine leather bag with metallic hardware.\"}],\"buyerId\":null,\"shippingCost\":0},{\"id\":\"ord_live_1775147383671\",\"customerName\":\"Guest_5681\",\"date\":\"2026-04-02T16:29:43.671Z\",\"total\":250,\"status\":\"Processing\",\"items\":[{\"id\":\"p1\",\"name\":\"Lagos Silk Dress\",\"size\":\"S\",\"image\":\"https://images.unsplash.com/photo-1539533018447-63fcce2678e3?q=80&w=800\",\"price\":250,\"sizes\":[\"S\",\"M\",\"L\"],\"stock\":5,\"images\":null,\"rating\":4.8,\"category\":\"Dresses\",\"designer\":\"Atelier Lagos\",\"quantity\":1,\"variants\":[],\"createdAt\":null,\"description\":\"Hand-woven silk dress with asymmetrical cut.\"}],\"buyerId\":null,\"shippingCost\":0},{\"id\":\"ord_live_1775147013666\",\"customerName\":\"Guest_5166\",\"date\":\"2026-04-02T16:23:33.666Z\",\"total\":250,\"status\":\"Processing\",\"items\":[{\"id\":\"p1\",\"name\":\"Lagos Silk Dress\",\"size\":\"S\",\"image\":\"https://images.unsplash.com/photo-1539533018447-63fcce2678e3?q=80&w=800\",\"price\":250,\"sizes\":[\"S\",\"M\",\"L\"],\"stock\":5,\"images\":null,\"rating\":4.8,\"category\":\"Dresses\",\"designer\":\"Atelier Lagos\",\"quantity\":1,\"variants\":[],\"createdAt\":null,\"description\":\"Hand-woven silk dress with asymmetrical cut.\"}],\"buyerId\":null,\"shippingCost\":0},{\"id\":\"ord_live_1775146692679\",\"customerName\":\"Guest_6142\",\"date\":\"2026-04-02T16:18:12.679Z\",\"total\":250,\"status\":\"Processing\",\"items\":[{\"id\":\"p1\",\"name\":\"Lagos Silk Dress\",\"size\":\"S\",\"image\":\"https://images.unsplash.com/photo-1539533018447-63fcce2678e3?q=80&w=800\",\"price\":250,\"sizes\":[\"S\",\"M\",\"L\"],\"stock\":5,\"images\":null,\"rating\":4.8,\"category\":\"Dresses\",\"designer\":\"Atelier Lagos\",\"quantity\":1,\"variants\":[],\"createdAt\":null,\"description\":\"Hand-woven silk dress with asymmetrical cut.\"}],\"buyerId\":null,\"shippingCost\":0},{\"id\":\"ord_live_1775146617663\",\"customerName\":\"Guest_1699\",\"date\":\"2026-04-02T16:16:57.663Z\",\"total\":250,\"status\":\"Processing\",\"items\":[{\"id\":\"p1\",\"name\":\"Lagos Silk Dress\",\"size\":\"S\",\"image\":\"https://images.unsplash.com/photo-1539533018447-63fcce2678e3?q=80&w=800\",\"price\":250,\"sizes\":[\"S\",\"M\",\"L\"],\"stock\":5,\"images\":null,\"rating\":4.8,\"category\":\"Dresses\",\"designer\":\"Atelier Lagos\",\"quantity\":1,\"variants\":[],\"createdAt\":null,\"description\":\"Hand-woven silk dress with asymmetrical cut.\"}],\"buyerId\":null,\"shippingCost\":0},{\"id\":\"ord_live_1775146554670\",\"customerName\":\"Guest_7421\",\"date\":\"2026-04-02T16:15:54.670Z\",\"total\":250,\"status\":\"Processing\",\"items\":[{\"id\":\"p1\",\"name\":\"Lagos Silk Dress\",\"size\":\"S\",\"image\":\"https://images.unsplash.com/photo-1539533018447-63fcce2678e3?q=80&w=800\",\"price\":250,\"sizes\":[\"S\",\"M\",\"L\"],\"stock\":5,\"images\":null,\"rating\":4.8,\"category\":\"Dresses\",\"designer\":\"Atelier Lagos\",\"quantity\":1,\"variants\":[],\"createdAt\":null,\"description\":\"Hand-woven silk dress with asymmetrical cut.\"}],\"buyerId\":null,\"shippingCost\":0},{\"id\":\"ord_live_1775145779672\",\"customerName\":\"Guest_5014\",\"date\":\"2026-04-02T16:02:59.672Z\",\"total\":150,\"status\":\"Processing\",\"items\":[{\"id\":\"p2\",\"name\":\"Accra Leather Bag\",\"size\":\"One Size\",\"image\":\"https://images.unsplash.com/photo-1516762689617-e1cffcef479d?q=80&w=800\",\"price\":150,\"sizes\":[\"One Size\"],\"stock\":12,\"images\":null,\"rating\":5,\"category\":\"Accessories\",\"designer\":\"Accra Avant-Garde\",\"quantity\":1,\"variants\":[],\"createdAt\":null,\"description\":\"Genuine leather bag with metallic hardware.\"}],\"buyerId\":null,\"shippingCost\":0},{\"id\":\"ord_live_1775145702678\",\"customerName\":\"Guest_7855\",\"date\":\"2026-04-02T16:01:42.678Z\",\"total\":450,\"status\":\"Processing\",\"items\":[{\"id\":\"p3\",\"name\":\"Obsidian Wide Trousers\",\"size\":\"28\",\"image\":\"https://images.unsplash.com/photo-1552374196-1ab2a1c593e8?q=80&w=800\",\"price\":450,\"sizes\":[\"28\",\"30\",\"32\",\"34\"],\"stock\":8,\"images\":null,\"rating\":4.5,\"category\":\"Bottoms\",\"designer\":\"Accra Avant-Garde\",\"quantity\":1,\"variants\":[],\"createdAt\":null,\"description\":\"High-waisted wide leg trousers in Japanese denim.\"}],\"buyerId\":null,\"shippingCost\":0},{\"id\":\"ord_live_1775145535670\",\"customerName\":\"Guest_3634\",\"date\":\"2026-04-02T15:58:55.670Z\",\"total\":250,\"status\":\"Processing\",\"items\":[{\"id\":\"p1\",\"name\":\"Lagos Silk Dress\",\"size\":\"S\",\"image\":\"https://images.unsplash.com/photo-1539533018447-63fcce2678e3?q=80&w=800\",\"price\":250,\"sizes\":[\"S\",\"M\",\"L\"],\"stock\":5,\"images\":null,\"rating\":4.8,\"category\":\"Dresses\",\"designer\":\"Atelier Lagos\",\"quantity\":1,\"variants\":[],\"createdAt\":null,\"description\":\"Hand-woven silk dress with asymmetrical cut.\"}],\"buyerId\":null,\"shippingCost\":0},{\"id\":\"ord_live_1775144876667\",\"customerName\":\"Guest_5803\",\"date\":\"2026-04-02T15:47:56.667Z\",\"total\":150,\"status\":\"Processing\",\"items\":[{\"id\":\"p2\",\"name\":\"Accra Leather Bag\",\"size\":\"One Size\",\"image\":\"https://images.unsplash.com/photo-1516762689617-e1cffcef479d?q=80&w=800\",\"price\":150,\"sizes\":[\"One Size\"],\"stock\":12,\"images\":null,\"rating\":5,\"category\":\"Accessories\",\"designer\":\"Accra Avant-Garde\",\"quantity\":1,\"variants\":[],\"createdAt\":null,\"description\":\"Genuine leather bag with metallic hardware.\"}],\"buyerId\":null,\"shippingCost\":0},{\"id\":\"ord_live_1775144637678\",\"customerName\":\"Guest_9314\",\"date\":\"2026-04-02T15:43:57.678Z\",\"total\":250,\"status\":\"Processing\",\"items\":[{\"id\":\"p1\",\"name\":\"Lagos Silk Dress\",\"size\":\"S\",\"image\":\"https://images.unsplash.com/photo-1539533018447-63fcce2678e3?q=80&w=800\",\"price\":250,\"sizes\":[\"S\",\"M\",\"L\"],\"stock\":5,\"images\":null,\"rating\":4.8,\"category\":\"Dresses\",\"designer\":\"Atelier Lagos\",\"quantity\":1,\"variants\":[],\"createdAt\":null,\"description\":\"Hand-woven silk dress with asymmetrical cut.\"}],\"buyerId\":null,\"shippingCost\":0},{\"id\":\"ord_live_1775144608672\",\"customerName\":\"Guest_5794\",\"date\":\"2026-04-02T15:43:28.672Z\",\"total\":150,\"status\":\"Processing\",\"items\":[{\"id\":\"p2\",\"name\":\"Accra Leather Bag\",\"size\":\"One Size\",\"image\":\"https://images.unsplash.com/photo-1516762689617-e1cffcef479d?q=80&w=800\",\"price\":150,\"sizes\":[\"One Size\"],\"stock\":12,\"images\":null,\"rating\":5,\"category\":\"Accessories\",\"designer\":\"Accra Avant-Garde\",\"quantity\":1,\"variants\":[],\"createdAt\":null,\"description\":\"Genuine leather bag with metallic hardware.\"}],\"buyerId\":null,\"shippingCost\":0},{\"id\":\"ord_live_1775143808677\",\"customerName\":\"Guest_9886\",\"date\":\"2026-04-02T15:30:08.677Z\",\"total\":150,\"status\":\"Processing\",\"items\":[{\"id\":\"p2\",\"name\":\"Accra Leather Bag\",\"size\":\"One Size\",\"image\":\"https://images.unsplash.com/photo-1516762689617-e1cffcef479d?q=80&w=800\",\"price\":150,\"sizes\":[\"One Size\"],\"stock\":12,\"images\":null,\"rating\":5,\"category\":\"Accessories\",\"designer\":\"Accra Avant-Garde\",\"quantity\":1,\"variants\":[],\"createdAt\":null,\"description\":\"Genuine leather bag with metallic hardware.\"}],\"buyerId\":null,\"shippingCost\":0},{\"id\":\"ord_live_1775143668677\",\"customerName\":\"Guest_7829\",\"date\":\"2026-04-02T15:27:48.677Z\",\"total\":150,\"status\":\"Processing\",\"items\":[{\"id\":\"p2\",\"name\":\"Accra Leather Bag\",\"size\":\"One Size\",\"image\":\"https://images.unsplash.com/photo-1516762689617-e1cffcef479d?q=80&w=800\",\"price\":150,\"sizes\":[\"One Size\"],\"stock\":12,\"images\":null,\"rating\":5,\"category\":\"Accessories\",\"designer\":\"Accra Avant-Garde\",\"quantity\":1,\"variants\":[],\"createdAt\":null,\"description\":\"Genuine leather bag with metallic hardware.\"}],\"buyerId\":null,\"shippingCost\":0},{\"id\":\"ord_live_1775143370059\",\"customerName\":\"Guest_4857\",\"date\":\"2026-04-02T15:22:50.059Z\",\"total\":450,\"status\":\"Processing\",\"items\":[{\"id\":\"p3\",\"name\":\"Obsidian Wide Trousers\",\"size\":\"28\",\"image\":\"https://images.unsplash.com/photo-1552374196-1ab2a1c593e8?q=80&w=800\",\"price\":450,\"sizes\":[\"28\",\"30\",\"32\",\"34\"],\"stock\":8,\"images\":null,\"rating\":4.5,\"category\":\"Bottoms\",\"designer\":\"Accra Avant-Garde\",\"quantity\":1,\"variants\":[],\"createdAt\":null,\"description\":\"High-waisted wide leg trousers in Japanese denim.\"}],\"buyerId\":null,\"shippingCost\":0},{\"id\":\"ord_live_1775142515671\",\"customerName\":\"Guest_7816\",\"date\":\"2026-04-02T15:08:35.671Z\",\"total\":250,\"status\":\"Processing\",\"items\":[{\"id\":\"p1\",\"name\":\"Lagos Silk Dress\",\"size\":\"S\",\"image\":\"https://images.unsplash.com/photo-1539533018447-63fcce2678e3?q=80&w=800\",\"price\":250,\"sizes\":[\"S\",\"M\",\"L\"],\"stock\":5,\"images\":null,\"rating\":4.8,\"category\":\"Dresses\",\"designer\":\"Atelier Lagos\",\"quantity\":1,\"variants\":[],\"createdAt\":null,\"description\":\"Hand-woven silk dress with asymmetrical cut.\"}],\"buyerId\":null,\"shippingCost\":0},{\"id\":\"ord_live_1775142374674\",\"customerName\":\"Guest_1131\",\"date\":\"2026-04-02T15:06:14.674Z\",\"total\":450,\"status\":\"Processing\",\"items\":[{\"id\":\"p3\",\"name\":\"Obsidian Wide Trousers\",\"size\":\"28\",\"image\":\"https://images.unsplash.com/photo-1552374196-1ab2a1c593e8?q=80&w=800\",\"price\":450,\"sizes\":[\"28\",\"30\",\"32\",\"34\"],\"stock\":8,\"images\":null,\"rating\":4.5,\"category\":\"Bottoms\",\"designer\":\"Accra Avant-Garde\",\"quantity\":1,\"variants\":[],\"createdAt\":null,\"description\":\"High-waisted wide leg trousers in Japanese denim.\"}],\"buyerId\":null,\"shippingCost\":0},{\"id\":\"ord_live_1775142292667\",\"customerName\":\"Guest_4501\",\"date\":\"2026-04-02T15:04:52.667Z\",\"total\":150,\"status\":\"Processing\",\"items\":[{\"id\":\"p2\",\"name\":\"Accra Leather Bag\",\"size\":\"One Size\",\"image\":\"https://images.unsplash.com/photo-1516762689617-e1cffcef479d?q=80&w=800\",\"price\":150,\"sizes\":[\"One Size\"],\"stock\":12,\"images\":null,\"rating\":5,\"category\":\"Accessories\",\"designer\":\"Accra Avant-Garde\",\"quantity\":1,\"variants\":[],\"createdAt\":null,\"description\":\"Genuine leather bag with metallic hardware.\"}],\"buyerId\":null,\"shippingCost\":0},{\"id\":\"ord_live_1775142268666\",\"customerName\":\"Guest_7428\",\"date\":\"2026-04-02T15:04:28.666Z\",\"total\":450,\"status\":\"Processing\",\"items\":[{\"id\":\"p3\",\"name\":\"Obsidian Wide Trousers\",\"size\":\"28\",\"image\":\"https://images.unsplash.com/photo-1552374196-1ab2a1c593e8?q=80&w=800\",\"price\":450,\"sizes\":[\"28\",\"30\",\"32\",\"34\"],\"stock\":8,\"images\":null,\"rating\":4.5,\"category\":\"Bottoms\",\"designer\":\"Accra Avant-Garde\",\"quantity\":1,\"variants\":[],\"createdAt\":null,\"description\":\"High-waisted wide leg trousers in Japanese denim.\"}],\"buyerId\":null,\"shippingCost\":0},{\"id\":\"ord_live_1775141690672\",\"customerName\":\"Guest_7189\",\"date\":\"2026-04-02T14:54:50.672Z\",\"total\":450,\"status\":\"Processing\",\"items\":[{\"id\":\"p3\",\"name\":\"Obsidian Wide Trousers\",\"size\":\"28\",\"image\":\"https://images.unsplash.com/photo-1552374196-1ab2a1c593e8?q=80&w=800\",\"price\":450,\"sizes\":[\"28\",\"30\",\"32\",\"34\"],\"stock\":8,\"images\":null,\"rating\":4.5,\"category\":\"Bottoms\",\"designer\":\"Accra Avant-Garde\",\"quantity\":1,\"variants\":[],\"createdAt\":null,\"description\":\"High-waisted wide leg trousers in Japanese denim.\"}],\"buyerId\":null,\"shippingCost\":0},{\"id\":\"ord_live_1775141639667\",\"customerName\":\"Guest_2456\",\"date\":\"2026-04-02T14:53:59.667Z\",\"total\":450,\"status\":\"Processing\",\"items\":[{\"id\":\"p3\",\"name\":\"Obsidian Wide Trousers\",\"size\":\"28\",\"image\":\"https://images.unsplash.com/photo-1552374196-1ab2a1c593e8?q=80&w=800\",\"price\":450,\"sizes\":[\"28\",\"30\",\"32\",\"34\"],\"stock\":8,\"images\":null,\"rating\":4.5,\"category\":\"Bottoms\",\"designer\":\"Accra Avant-Garde\",\"quantity\":1,\"variants\":[],\"createdAt\":null,\"description\":\"High-waisted wide leg trousers in Japanese denim.\"}],\"buyerId\":null,\"shippingCost\":0},{\"id\":\"ord_live_1775141624664\",\"customerName\":\"Guest_5106\",\"date\":\"2026-04-02T14:53:44.664Z\",\"total\":250,\"status\":\"Processing\",\"items\":[{\"id\":\"p1\",\"name\":\"Lagos Silk Dress\",\"size\":\"S\",\"image\":\"https://images.unsplash.com/photo-1539533018447-63fcce2678e3?q=80&w=800\",\"price\":250,\"sizes\":[\"S\",\"M\",\"L\"],\"stock\":5,\"images\":null,\"rating\":4.8,\"category\":\"Dresses\",\"designer\":\"Atelier Lagos\",\"quantity\":1,\"variants\":[],\"createdAt\":null,\"description\":\"Hand-woven silk dress with asymmetrical cut.\"}],\"buyerId\":null,\"shippingCost\":0},{\"id\":\"ord_live_1775141609678\",\"customerName\":\"Guest_5405\",\"date\":\"2026-04-02T14:53:29.678Z\",\"total\":150,\"status\":\"Processing\",\"items\":[{\"id\":\"p2\",\"name\":\"Accra Leather Bag\",\"size\":\"One Size\",\"image\":\"https://images.unsplash.com/photo-1516762689617-e1cffcef479d?q=80&w=800\",\"price\":150,\"sizes\":[\"One Size\"],\"stock\":12,\"images\":null,\"rating\":5,\"category\":\"Accessories\",\"designer\":\"Accra Avant-Garde\",\"quantity\":1,\"variants\":[],\"createdAt\":null,\"description\":\"Genuine leather bag with metallic hardware.\"}],\"buyerId\":null,\"shippingCost\":0},{\"id\":\"ord_live_1775141472674\",\"customerName\":\"Guest_6138\",\"date\":\"2026-04-02T14:51:12.674Z\",\"total\":450,\"status\":\"Processing\",\"items\":[{\"id\":\"p3\",\"name\":\"Obsidian Wide Trousers\",\"size\":\"28\",\"image\":\"https://images.unsplash.com/photo-1552374196-1ab2a1c593e8?q=80&w=800\",\"price\":450,\"sizes\":[\"28\",\"30\",\"32\",\"34\"],\"stock\":8,\"images\":null,\"rating\":4.5,\"category\":\"Bottoms\",\"designer\":\"Accra Avant-Garde\",\"quantity\":1,\"variants\":[],\"createdAt\":null,\"description\":\"High-waisted wide leg trousers in Japanese denim.\"}],\"buyerId\":null,\"shippingCost\":0},{\"id\":\"ord_live_1775141302670\",\"customerName\":\"Guest_2627\",\"date\":\"2026-04-02T14:48:22.670Z\",\"total\":250,\"status\":\"Processing\",\"items\":[{\"id\":\"p1\",\"name\":\"Lagos Silk Dress\",\"size\":\"S\",\"image\":\"https://images.unsplash.com/photo-1539533018447-63fcce2678e3?q=80&w=800\",\"price\":250,\"sizes\":[\"S\",\"M\",\"L\"],\"stock\":5,\"images\":null,\"rating\":4.8,\"category\":\"Dresses\",\"designer\":\"Atelier Lagos\",\"quantity\":1,\"variants\":[],\"createdAt\":null,\"description\":\"Hand-woven silk dress with asymmetrical cut.\"}],\"buyerId\":null,\"shippingCost\":0},{\"id\":\"ord_live_1775141236676\",\"customerName\":\"Guest_2536\",\"date\":\"2026-04-02T14:47:16.676Z\",\"total\":150,\"status\":\"Processing\",\"items\":[{\"id\":\"p2\",\"name\":\"Accra Leather Bag\",\"size\":\"One Size\",\"image\":\"https://images.unsplash.com/photo-1516762689617-e1cffcef479d?q=80&w=800\",\"price\":150,\"sizes\":[\"One Size\"],\"stock\":12,\"images\":null,\"rating\":5,\"category\":\"Accessories\",\"designer\":\"Accra Avant-Garde\",\"quantity\":1,\"variants\":[],\"createdAt\":null,\"description\":\"Genuine leather bag with metallic hardware.\"}],\"buyerId\":null,\"shippingCost\":0},{\"id\":\"ord_live_1775141128677\",\"customerName\":\"Guest_5585\",\"date\":\"2026-04-02T14:45:28.677Z\",\"total\":150,\"status\":\"Processing\",\"items\":[{\"id\":\"p2\",\"name\":\"Accra Leather Bag\",\"size\":\"One Size\",\"image\":\"https://images.unsplash.com/photo-1516762689617-e1cffcef479d?q=80&w=800\",\"price\":150,\"sizes\":[\"One Size\"],\"stock\":12,\"images\":null,\"rating\":5,\"category\":\"Accessories\",\"designer\":\"Accra Avant-Garde\",\"quantity\":1,\"variants\":[],\"createdAt\":null,\"description\":\"Genuine leather bag with metallic hardware.\"}],\"buyerId\":null,\"shippingCost\":0},{\"id\":\"ord_live_1775140583676\",\"customerName\":\"Guest_2412\",\"date\":\"2026-04-02T14:36:23.676Z\",\"total\":250,\"status\":\"Processing\",\"items\":[{\"id\":\"p1\",\"name\":\"Lagos Silk Dress\",\"size\":\"S\",\"image\":\"https://images.unsplash.com/photo-1539533018447-63fcce2678e3?q=80&w=800\",\"price\":250,\"sizes\":[\"S\",\"M\",\"L\"],\"stock\":5,\"images\":null,\"rating\":4.8,\"category\":\"Dresses\",\"designer\":\"Atelier Lagos\",\"quantity\":1,\"variants\":[],\"createdAt\":null,\"description\":\"Hand-woven silk dress with asymmetrical cut.\"}],\"buyerId\":null,\"shippingCost\":0},{\"id\":\"ord_live_1775140156676\",\"customerName\":\"Guest_2174\",\"date\":\"2026-04-02T14:29:16.676Z\",\"total\":250,\"status\":\"Processing\",\"items\":[{\"id\":\"p1\",\"name\":\"Lagos Silk Dress\",\"size\":\"S\",\"image\":\"https://images.unsplash.com/photo-1539533018447-63fcce2678e3?q=80&w=800\",\"price\":250,\"sizes\":[\"S\",\"M\",\"L\"],\"stock\":5,\"images\":null,\"rating\":4.8,\"category\":\"Dresses\",\"designer\":\"Atelier Lagos\",\"quantity\":1,\"variants\":[],\"createdAt\":null,\"description\":\"Hand-woven silk dress with asymmetrical cut.\"}],\"buyerId\":null,\"shippingCost\":0},{\"id\":\"ord_live_1775139549672\",\"customerName\":\"Guest_1762\",\"date\":\"2026-04-02T14:19:09.672Z\",\"total\":150,\"status\":\"Processing\",\"items\":[{\"id\":\"p2\",\"name\":\"Accra Leather Bag\",\"size\":\"One Size\",\"image\":\"https://images.unsplash.com/photo-1516762689617-e1cffcef479d?q=80&w=800\",\"price\":150,\"sizes\":[\"One Size\"],\"stock\":12,\"images\":null,\"rating\":5,\"category\":\"Accessories\",\"designer\":\"Accra Avant-Garde\",\"quantity\":1,\"variants\":[],\"createdAt\":null,\"description\":\"Genuine leather bag with metallic hardware.\"}],\"buyerId\":null,\"shippingCost\":0},{\"id\":\"ord_live_1775139508668\",\"customerName\":\"Guest_3871\",\"date\":\"2026-04-02T14:18:28.668Z\",\"total\":250,\"status\":\"Processing\",\"items\":[{\"id\":\"p1\",\"name\":\"Lagos Silk Dress\",\"size\":\"S\",\"image\":\"https://images.unsplash.com/photo-1539533018447-63fcce2678e3?q=80&w=800\",\"price\":250,\"sizes\":[\"S\",\"M\",\"L\"],\"stock\":5,\"images\":null,\"rating\":4.8,\"category\":\"Dresses\",\"designer\":\"Atelier Lagos\",\"quantity\":1,\"variants\":[],\"createdAt\":null,\"description\":\"Hand-woven silk dress with asymmetrical cut.\"}],\"buyerId\":null,\"shippingCost\":0},{\"id\":\"ord_live_1775138859671\",\"customerName\":\"Guest_6589\",\"date\":\"2026-04-02T14:07:39.672Z\",\"total\":250,\"status\":\"Processing\",\"items\":[{\"id\":\"p1\",\"name\":\"Lagos Silk Dress\",\"size\":\"S\",\"image\":\"https://images.unsplash.com/photo-1539533018447-63fcce2678e3?q=80&w=800\",\"price\":250,\"sizes\":[\"S\",\"M\",\"L\"],\"stock\":5,\"images\":null,\"rating\":4.8,\"category\":\"Dresses\",\"designer\":\"Atelier Lagos\",\"quantity\":1,\"variants\":[],\"createdAt\":null,\"description\":\"Hand-woven silk dress with asymmetrical cut.\"}],\"buyerId\":null,\"shippingCost\":0},{\"id\":\"ord_live_1775138744669\",\"customerName\":\"Guest_1346\",\"date\":\"2026-04-02T14:05:44.669Z\",\"total\":250,\"status\":\"Processing\",\"items\":[{\"id\":\"p1\",\"name\":\"Lagos Silk Dress\",\"size\":\"S\",\"image\":\"https://images.unsplash.com/photo-1539533018447-63fcce2678e3?q=80&w=800\",\"price\":250,\"sizes\":[\"S\",\"M\",\"L\"],\"stock\":5,\"images\":null,\"rating\":4.8,\"category\":\"Dresses\",\"designer\":\"Atelier Lagos\",\"quantity\":1,\"variants\":[],\"createdAt\":null,\"description\":\"Hand-woven silk dress with asymmetrical cut.\"}],\"buyerId\":null,\"shippingCost\":0},{\"id\":\"ord_live_1775138584670\",\"customerName\":\"Guest_5150\",\"date\":\"2026-04-02T14:03:04.670Z\",\"total\":250,\"status\":\"Processing\",\"items\":[{\"id\":\"p1\",\"name\":\"Lagos Silk Dress\",\"size\":\"S\",\"image\":\"https://images.unsplash.com/photo-1539533018447-63fcce2678e3?q=80&w=800\",\"price\":250,\"sizes\":[\"S\",\"M\",\"L\"],\"stock\":5,\"images\":null,\"rating\":4.8,\"category\":\"Dresses\",\"designer\":\"Atelier Lagos\",\"quantity\":1,\"variants\":[],\"createdAt\":null,\"description\":\"Hand-woven silk dress with asymmetrical cut.\"}],\"buyerId\":null,\"shippingCost\":0},{\"id\":\"ord_live_1775138522673\",\"customerName\":\"Guest_3227\",\"date\":\"2026-04-02T14:02:02.673Z\",\"total\":250,\"status\":\"Processing\",\"items\":[{\"id\":\"p1\",\"name\":\"Lagos Silk Dress\",\"size\":\"S\",\"image\":\"https://images.unsplash.com/photo-1539533018447-63fcce2678e3?q=80&w=800\",\"price\":250,\"sizes\":[\"S\",\"M\",\"L\"],\"stock\":5,\"images\":null,\"rating\":4.8,\"category\":\"Dresses\",\"designer\":\"Atelier Lagos\",\"quantity\":1,\"variants\":[],\"createdAt\":null,\"description\":\"Hand-woven silk dress with asymmetrical cut.\"}],\"buyerId\":null,\"shippingCost\":0},{\"id\":\"ord_live_1775138484672\",\"customerName\":\"Guest_5137\",\"date\":\"2026-04-02T14:01:24.672Z\",\"total\":150,\"status\":\"Processing\",\"items\":[{\"id\":\"p2\",\"name\":\"Accra Leather Bag\",\"size\":\"One Size\",\"image\":\"https://images.unsplash.com/photo-1516762689617-e1cffcef479d?q=80&w=800\",\"price\":150,\"sizes\":[\"One Size\"],\"stock\":12,\"images\":null,\"rating\":5,\"category\":\"Accessories\",\"designer\":\"Accra Avant-Garde\",\"quantity\":1,\"variants\":[],\"createdAt\":null,\"description\":\"Genuine leather bag with metallic hardware.\"}],\"buyerId\":null,\"shippingCost\":0},{\"id\":\"ord_live_1775138413670\",\"customerName\":\"Guest_9073\",\"date\":\"2026-04-02T14:00:13.670Z\",\"total\":150,\"status\":\"Processing\",\"items\":[{\"id\":\"p2\",\"name\":\"Accra Leather Bag\",\"size\":\"One Size\",\"image\":\"https://images.unsplash.com/photo-1516762689617-e1cffcef479d?q=80&w=800\",\"price\":150,\"sizes\":[\"One Size\"],\"stock\":12,\"images\":null,\"rating\":5,\"category\":\"Accessories\",\"designer\":\"Accra Avant-Garde\",\"quantity\":1,\"variants\":[],\"createdAt\":null,\"description\":\"Genuine leather bag with metallic hardware.\"}],\"buyerId\":null,\"shippingCost\":0},{\"id\":\"ord_live_1775138222675\",\"customerName\":\"Guest_5380\",\"date\":\"2026-04-02T13:57:02.675Z\",\"total\":450,\"status\":\"Processing\",\"items\":[{\"id\":\"p3\",\"name\":\"Obsidian Wide Trousers\",\"size\":\"28\",\"image\":\"https://images.unsplash.com/photo-1552374196-1ab2a1c593e8?q=80&w=800\",\"price\":450,\"sizes\":[\"28\",\"30\",\"32\",\"34\"],\"stock\":8,\"images\":null,\"rating\":4.5,\"category\":\"Bottoms\",\"designer\":\"Accra Avant-Garde\",\"quantity\":1,\"variants\":[],\"createdAt\":null,\"description\":\"High-waisted wide leg trousers in Japanese denim.\"}],\"buyerId\":null,\"shippingCost\":0},{\"id\":\"ord_live_1775138097676\",\"customerName\":\"Guest_4201\",\"date\":\"2026-04-02T13:54:57.676Z\",\"total\":450,\"status\":\"Processing\",\"items\":[{\"id\":\"p3\",\"name\":\"Obsidian Wide Trousers\",\"size\":\"28\",\"image\":\"https://images.unsplash.com/photo-1552374196-1ab2a1c593e8?q=80&w=800\",\"price\":450,\"sizes\":[\"28\",\"30\",\"32\",\"34\"],\"stock\":8,\"images\":null,\"rating\":4.5,\"category\":\"Bottoms\",\"designer\":\"Accra Avant-Garde\",\"quantity\":1,\"variants\":[],\"createdAt\":null,\"description\":\"High-waisted wide leg trousers in Japanese denim.\"}],\"buyerId\":null,\"shippingCost\":0},{\"id\":\"ord_live_1775137870677\",\"customerName\":\"Guest_5379\",\"date\":\"2026-04-02T13:51:10.677Z\",\"total\":250,\"status\":\"Processing\",\"items\":[{\"id\":\"p1\",\"name\":\"Lagos Silk Dress\",\"size\":\"S\",\"image\":\"https://images.unsplash.com/photo-1539533018447-63fcce2678e3?q=80&w=800\",\"price\":250,\"sizes\":[\"S\",\"M\",\"L\"],\"stock\":5,\"images\":null,\"rating\":4.8,\"category\":\"Dresses\",\"designer\":\"Atelier Lagos\",\"quantity\":1,\"variants\":[],\"createdAt\":null,\"description\":\"Hand-woven silk dress with asymmetrical cut.\"}],\"buyerId\":null,\"shippingCost\":0},{\"id\":\"ord_live_1775136748688\",\"customerName\":\"Guest_9043\",\"date\":\"2026-04-02T13:32:28.689Z\",\"total\":150,\"status\":\"Processing\",\"items\":[{\"id\":\"p2\",\"name\":\"Accra Leather Bag\",\"size\":\"One Size\",\"image\":\"https://images.unsplash.com/photo-1516762689617-e1cffcef479d?q=80&w=800\",\"price\":150,\"sizes\":[\"One Size\"],\"stock\":12,\"images\":null,\"rating\":5,\"category\":\"Accessories\",\"designer\":\"Accra Avant-Garde\",\"quantity\":1,\"variants\":[],\"createdAt\":null,\"description\":\"Genuine leather bag with metallic hardware.\"}],\"buyerId\":null,\"shippingCost\":0},{\"id\":\"ord_live_1775136292670\",\"customerName\":\"Guest_3018\",\"date\":\"2026-04-02T13:24:52.670Z\",\"total\":450,\"status\":\"Processing\",\"items\":[{\"id\":\"p3\",\"name\":\"Obsidian Wide Trousers\",\"size\":\"28\",\"image\":\"https://images.unsplash.com/photo-1552374196-1ab2a1c593e8?q=80&w=800\",\"price\":450,\"sizes\":[\"28\",\"30\",\"32\",\"34\"],\"stock\":8,\"images\":null,\"rating\":4.5,\"category\":\"Bottoms\",\"designer\":\"Accra Avant-Garde\",\"quantity\":1,\"variants\":[],\"createdAt\":null,\"description\":\"High-waisted wide leg trousers in Japanese denim.\"}],\"buyerId\":null,\"shippingCost\":0},{\"id\":\"ord_live_1775136199677\",\"customerName\":\"Guest_4687\",\"date\":\"2026-04-02T13:23:19.677Z\",\"total\":450,\"status\":\"Processing\",\"items\":[{\"id\":\"p3\",\"name\":\"Obsidian Wide Trousers\",\"size\":\"28\",\"image\":\"https://images.unsplash.com/photo-1552374196-1ab2a1c593e8?q=80&w=800\",\"price\":450,\"sizes\":[\"28\",\"30\",\"32\",\"34\"],\"stock\":8,\"images\":null,\"rating\":4.5,\"category\":\"Bottoms\",\"designer\":\"Accra Avant-Garde\",\"quantity\":1,\"variants\":[],\"createdAt\":null,\"description\":\"High-waisted wide leg trousers in Japanese denim.\"}],\"buyerId\":null,\"shippingCost\":0},{\"id\":\"ord_live_1775136088674\",\"customerName\":\"Guest_3926\",\"date\":\"2026-04-02T13:21:28.674Z\",\"total\":450,\"status\":\"Processing\",\"items\":[{\"id\":\"p3\",\"name\":\"Obsidian Wide Trousers\",\"size\":\"28\",\"image\":\"https://images.unsplash.com/photo-1552374196-1ab2a1c593e8?q=80&w=800\",\"price\":450,\"sizes\":[\"28\",\"30\",\"32\",\"34\"],\"stock\":8,\"images\":null,\"rating\":4.5,\"category\":\"Bottoms\",\"designer\":\"Accra Avant-Garde\",\"quantity\":1,\"variants\":[],\"createdAt\":null,\"description\":\"High-waisted wide leg trousers in Japanese denim.\"}],\"buyerId\":null,\"shippingCost\":0},{\"id\":\"ord_live_1775135824690\",\"customerName\":\"Guest_3473\",\"date\":\"2026-04-02T13:17:04.690Z\",\"total\":450,\"status\":\"Processing\",\"items\":[{\"id\":\"p3\",\"name\":\"Obsidian Wide Trousers\",\"size\":\"28\",\"image\":\"https://images.unsplash.com/photo-1552374196-1ab2a1c593e8?q=80&w=800\",\"price\":450,\"sizes\":[\"28\",\"30\",\"32\",\"34\"],\"stock\":8,\"images\":null,\"rating\":4.5,\"category\":\"Bottoms\",\"designer\":\"Accra Avant-Garde\",\"quantity\":1,\"variants\":[],\"createdAt\":null,\"description\":\"High-waisted wide leg trousers in Japanese denim.\"}],\"buyerId\":null,\"shippingCost\":0},{\"id\":\"ord_live_1775134214668\",\"customerName\":\"Guest_2480\",\"date\":\"2026-04-02T12:50:14.668Z\",\"total\":250,\"status\":\"Processing\",\"items\":[{\"id\":\"p1\",\"name\":\"Lagos Silk Dress\",\"size\":\"S\",\"image\":\"https://images.unsplash.com/photo-1539533018447-63fcce2678e3?q=80&w=800\",\"price\":250,\"sizes\":[\"S\",\"M\",\"L\"],\"stock\":5,\"images\":null,\"rating\":4.8,\"category\":\"Dresses\",\"designer\":\"Atelier Lagos\",\"quantity\":1,\"variants\":[],\"createdAt\":null,\"description\":\"Hand-woven silk dress with asymmetrical cut.\"}],\"buyerId\":null,\"shippingCost\":0},{\"id\":\"ord_live_1775134037677\",\"customerName\":\"Guest_2432\",\"date\":\"2026-04-02T12:47:17.677Z\",\"total\":450,\"status\":\"Processing\",\"items\":[{\"id\":\"p3\",\"name\":\"Obsidian Wide Trousers\",\"size\":\"28\",\"image\":\"https://images.unsplash.com/photo-1552374196-1ab2a1c593e8?q=80&w=800\",\"price\":450,\"sizes\":[\"28\",\"30\",\"32\",\"34\"],\"stock\":8,\"images\":null,\"rating\":4.5,\"category\":\"Bottoms\",\"designer\":\"Accra Avant-Garde\",\"quantity\":1,\"variants\":[],\"createdAt\":null,\"description\":\"High-waisted wide leg trousers in Japanese denim.\"}],\"buyerId\":null,\"shippingCost\":0},{\"id\":\"ord_live_1775128450673\",\"customerName\":\"Guest_5192\",\"date\":\"2026-04-02T11:14:10.673Z\",\"total\":250,\"status\":\"Processing\",\"items\":[{\"id\":\"p1\",\"name\":\"Lagos Silk Dress\",\"size\":\"S\",\"image\":\"https://images.unsplash.com/photo-1539533018447-63fcce2678e3?q=80&w=800\",\"price\":250,\"sizes\":[\"S\",\"M\",\"L\"],\"stock\":5,\"images\":null,\"rating\":4.8,\"category\":\"Dresses\",\"designer\":\"Atelier Lagos\",\"quantity\":1,\"variants\":[],\"createdAt\":null,\"description\":\"Hand-woven silk dress with asymmetrical cut.\"}],\"buyerId\":null,\"shippingCost\":0},{\"id\":\"ord_live_1775128168670\",\"customerName\":\"Guest_4322\",\"date\":\"2026-04-02T11:09:28.670Z\",\"total\":150,\"status\":\"Processing\",\"items\":[{\"id\":\"p2\",\"name\":\"Accra Leather Bag\",\"size\":\"One Size\",\"image\":\"https://images.unsplash.com/photo-1516762689617-e1cffcef479d?q=80&w=800\",\"price\":150,\"sizes\":[\"One Size\"],\"stock\":12,\"images\":null,\"rating\":5,\"category\":\"Accessories\",\"designer\":\"Accra Avant-Garde\",\"quantity\":1,\"variants\":[],\"createdAt\":null,\"description\":\"Genuine leather bag with metallic hardware.\"}],\"buyerId\":null,\"shippingCost\":0},{\"id\":\"ord_live_1775127688675\",\"customerName\":\"Guest_7336\",\"date\":\"2026-04-02T11:01:28.675Z\",\"total\":150,\"status\":\"Processing\",\"items\":[{\"id\":\"p2\",\"name\":\"Accra Leather Bag\",\"size\":\"One Size\",\"image\":\"https://images.unsplash.com/photo-1516762689617-e1cffcef479d?q=80&w=800\",\"price\":150,\"sizes\":[\"One Size\"],\"stock\":12,\"images\":null,\"rating\":5,\"category\":\"Accessories\",\"designer\":\"Accra Avant-Garde\",\"quantity\":1,\"variants\":[],\"createdAt\":null,\"description\":\"Genuine leather bag with metallic hardware.\"}],\"buyerId\":null,\"shippingCost\":0},{\"id\":\"ord_live_1775055041451\",\"customerName\":\"Guest_1252\",\"date\":\"2026-04-01T14:50:41.451Z\",\"total\":250,\"status\":\"Processing\",\"items\":[{\"id\":\"p1\",\"name\":\"Lagos Silk Dress\",\"size\":\"S\",\"image\":\"https://images.unsplash.com/photo-1539533018447-63fcce2678e3?q=80&w=800\",\"price\":250,\"sizes\":[\"S\",\"M\",\"L\"],\"stock\":5,\"images\":null,\"rating\":4.8,\"category\":\"Dresses\",\"designer\":\"Atelier Lagos\",\"quantity\":1,\"variants\":[],\"createdAt\":null,\"description\":\"Hand-woven silk dress with asymmetrical cut.\"}],\"buyerId\":null,\"shippingCost\":0},{\"id\":\"ord_live_1775055023456\",\"customerName\":\"Guest_1614\",\"date\":\"2026-04-01T14:50:23.492Z\",\"total\":450,\"status\":\"Processing\",\"items\":[{\"id\":\"p3\",\"name\":\"Obsidian Wide Trousers\",\"size\":\"28\",\"image\":\"https://images.unsplash.com/photo-1552374196-1ab2a1c593e8?q=80&w=800\",\"price\":450,\"sizes\":[\"28\",\"30\",\"32\",\"34\"],\"stock\":8,\"images\":null,\"rating\":4.5,\"category\":\"Bottoms\",\"designer\":\"Accra Avant-Garde\",\"quantity\":1,\"variants\":[],\"createdAt\":null,\"description\":\"High-waisted wide leg trousers in Japanese denim.\"}],\"buyerId\":null,\"shippingCost\":0},{\"id\":\"ord_live_1775055005483\",\"customerName\":\"Guest_3211\",\"date\":\"2026-04-01T14:50:05.537Z\",\"total\":250,\"status\":\"Processing\",\"items\":[{\"id\":\"p1\",\"name\":\"Lagos Silk Dress\",\"size\":\"S\",\"image\":\"https://images.unsplash.com/photo-1539533018447-63fcce2678e3?q=80&w=800\",\"price\":250,\"sizes\":[\"S\",\"M\",\"L\"],\"stock\":5,\"images\":null,\"rating\":4.8,\"category\":\"Dresses\",\"designer\":\"Atelier Lagos\",\"quantity\":1,\"variants\":[],\"createdAt\":null,\"description\":\"Hand-woven silk dress with asymmetrical cut.\"}],\"buyerId\":null,\"shippingCost\":0},{\"id\":\"ord_live_1775053985455\",\"customerName\":\"Guest_4009\",\"date\":\"2026-04-01T14:33:05.455Z\",\"total\":450,\"status\":\"Processing\",\"items\":[{\"id\":\"p3\",\"name\":\"Obsidian Wide Trousers\",\"size\":\"28\",\"image\":\"https://images.unsplash.com/photo-1552374196-1ab2a1c593e8?q=80&w=800\",\"price\":450,\"sizes\":[\"28\",\"30\",\"32\",\"34\"],\"stock\":8,\"images\":null,\"rating\":4.5,\"category\":\"Bottoms\",\"designer\":\"Accra Avant-Garde\",\"quantity\":1,\"variants\":[],\"createdAt\":null,\"description\":\"High-waisted wide leg trousers in Japanese denim.\"}],\"buyerId\":null,\"shippingCost\":0},{\"id\":\"ord_live_1775051825578\",\"customerName\":\"Guest_7482\",\"date\":\"2026-04-01T13:57:05.578Z\",\"total\":250,\"status\":\"Processing\",\"items\":[{\"id\":\"p1\",\"name\":\"Lagos Silk Dress\",\"size\":\"S\",\"image\":\"https://images.unsplash.com/photo-1539533018447-63fcce2678e3?q=80&w=800\",\"price\":250,\"sizes\":[\"S\",\"M\",\"L\"],\"stock\":5,\"images\":null,\"rating\":4.8,\"category\":\"Dresses\",\"designer\":\"Atelier Lagos\",\"quantity\":1,\"variants\":[],\"createdAt\":null,\"description\":\"Hand-woven silk dress with asymmetrical cut.\"}],\"buyerId\":null,\"shippingCost\":0},{\"id\":\"ord_live_1774951944404\",\"customerName\":null,\"date\":\"2026-03-31T10:12:24.404Z\",\"total\":450,\"status\":\"Delivered\",\"items\":[{\"id\":\"p3\",\"name\":\"Obsidian Wide Trousers\",\"size\":\"28\",\"image\":\"https://images.unsplash.com/photo-1552374196-1ab2a1c593e8?q=80&w=800\",\"price\":450,\"sizes\":[\"28\",\"30\",\"32\",\"34\"],\"stock\":8,\"rating\":4.5,\"category\":\"Bottoms\",\"designer\":\"Accra Avant-Garde\",\"quantity\":1,\"vendorId\":\"v2\",\"createdAt\":\"2026-03-30T23:00:48.356Z\",\"isPreOrder\":false,\"description\":\"High-waisted wide leg trousers in Japanese denim.\",\"isNewSeason\":false}],\"buyerId\":null,\"shippingCost\":0},{\"id\":\"ord_live_1774951524374\",\"customerName\":null,\"date\":\"2026-03-31T10:05:24.374Z\",\"total\":450,\"status\":\"Delivered\",\"items\":[{\"id\":\"p3\",\"name\":\"Obsidian Wide Trousers\",\"size\":\"28\",\"image\":\"https://images.unsplash.com/photo-1552374196-1ab2a1c593e8?q=80&w=800\",\"price\":450,\"sizes\":[\"28\",\"30\",\"32\",\"34\"],\"stock\":8,\"rating\":4.5,\"category\":\"Bottoms\",\"designer\":\"Accra Avant-Garde\",\"quantity\":1,\"vendorId\":\"v2\",\"createdAt\":\"2026-03-30T23:00:48.356Z\",\"isPreOrder\":false,\"description\":\"High-waisted wide leg trousers in Japanese denim.\",\"isNewSeason\":false}],\"buyerId\":null,\"shippingCost\":0},{\"id\":\"ord_live_1774951284378\",\"customerName\":null,\"date\":\"2026-03-31T10:01:24.378Z\",\"total\":450,\"status\":\"Processing\",\"items\":[{\"id\":\"p3\",\"name\":\"Obsidian Wide Trousers\",\"size\":\"28\",\"image\":\"https://images.unsplash.com/photo-1552374196-1ab2a1c593e8?q=80&w=800\",\"price\":450,\"sizes\":[\"28\",\"30\",\"32\",\"34\"],\"stock\":8,\"rating\":4.5,\"category\":\"Bottoms\",\"designer\":\"Accra Avant-Garde\",\"quantity\":1,\"vendorId\":\"v2\",\"createdAt\":\"2026-03-30T23:00:48.356Z\",\"isPreOrder\":false,\"description\":\"High-waisted wide leg trousers in Japanese denim.\",\"isNewSeason\":false}],\"buyerId\":null,\"shippingCost\":0},{\"id\":\"ord_live_1774949366373\",\"customerName\":null,\"date\":\"2026-03-31T09:29:26.373Z\",\"total\":450,\"status\":\"Processing\",\"items\":[{\"id\":\"p3\",\"name\":\"Obsidian Wide Trousers\",\"size\":\"28\",\"image\":\"https://images.unsplash.com/photo-1552374196-1ab2a1c593e8?q=80&w=800\",\"price\":450,\"sizes\":[\"28\",\"30\",\"32\",\"34\"],\"stock\":8,\"rating\":4.5,\"category\":\"Bottoms\",\"designer\":\"Accra Avant-Garde\",\"quantity\":1,\"vendorId\":\"v2\",\"createdAt\":\"2026-03-30T23:00:48.356Z\",\"isPreOrder\":false,\"description\":\"High-waisted wide leg trousers in Japanese denim.\",\"isNewSeason\":false}],\"buyerId\":null,\"shippingCost\":0},{\"id\":\"ord_live_1774949304387\",\"customerName\":null,\"date\":\"2026-03-31T09:28:24.387Z\",\"total\":150,\"status\":\"Processing\",\"items\":[{\"id\":\"p2\",\"name\":\"Accra Leather Bag\",\"size\":\"One Size\",\"image\":\"https://images.unsplash.com/photo-1516762689617-e1cffcef479d?q=80&w=800\",\"price\":150,\"sizes\":[\"One Size\"],\"stock\":12,\"rating\":5,\"category\":\"Accessories\",\"designer\":\"Accra Avant-Garde\",\"quantity\":1,\"vendorId\":\"v2\",\"createdAt\":\"2026-03-30T23:00:48.356Z\",\"isPreOrder\":false,\"description\":\"Genuine leather bag with metallic hardware.\",\"isNewSeason\":true}],\"buyerId\":null,\"shippingCost\":0},{\"id\":\"ord_live_1774949142373\",\"customerName\":null,\"date\":\"2026-03-31T09:25:42.373Z\",\"total\":150,\"status\":\"Processing\",\"items\":[{\"id\":\"p2\",\"name\":\"Accra Leather Bag\",\"size\":\"One Size\",\"image\":\"https://images.unsplash.com/photo-1516762689617-e1cffcef479d?q=80&w=800\",\"price\":150,\"sizes\":[\"One Size\"],\"stock\":12,\"rating\":5,\"category\":\"Accessories\",\"designer\":\"Accra Avant-Garde\",\"quantity\":1,\"vendorId\":\"v2\",\"createdAt\":\"2026-03-30T23:00:48.356Z\",\"isPreOrder\":false,\"description\":\"Genuine leather bag with metallic hardware.\",\"isNewSeason\":true}],\"buyerId\":null,\"shippingCost\":0},{\"id\":\"ord_live_1774949124402\",\"customerName\":null,\"date\":\"2026-03-31T09:25:24.402Z\",\"total\":250,\"status\":\"Processing\",\"items\":[{\"id\":\"p1\",\"name\":\"Lagos Silk Dress\",\"size\":\"S\",\"image\":\"https://images.unsplash.com/photo-1539533018447-63fcce2678e3?q=80&w=800\",\"price\":250,\"sizes\":[\"S\",\"M\",\"L\"],\"stock\":5,\"rating\":4.8,\"category\":\"Dresses\",\"designer\":\"Atelier Lagos\",\"quantity\":1,\"vendorId\":\"v1\",\"createdAt\":\"2026-03-30T23:00:48.356Z\",\"isPreOrder\":false,\"description\":\"Hand-woven silk dress with asymmetrical cut.\",\"isNewSeason\":true}],\"buyerId\":null,\"shippingCost\":0},{\"id\":\"ord_live_1774948584371\",\"customerName\":null,\"date\":\"2026-03-31T09:16:24.371Z\",\"total\":150,\"status\":\"Processing\",\"items\":[{\"id\":\"p2\",\"name\":\"Accra Leather Bag\",\"size\":\"One Size\",\"image\":\"https://images.unsplash.com/photo-1516762689617-e1cffcef479d?q=80&w=800\",\"price\":150,\"sizes\":[\"One Size\"],\"stock\":12,\"rating\":5,\"category\":\"Accessories\",\"designer\":\"Accra Avant-Garde\",\"quantity\":1,\"vendorId\":\"v2\",\"createdAt\":\"2026-03-30T23:00:48.356Z\",\"isPreOrder\":false,\"description\":\"Genuine leather bag with metallic hardware.\",\"isNewSeason\":true}],\"buyerId\":null,\"shippingCost\":0},{\"id\":\"ord_live_1774948344375\",\"customerName\":null,\"date\":\"2026-03-31T09:12:24.375Z\",\"total\":250,\"status\":\"Processing\",\"items\":[{\"id\":\"p1\",\"name\":\"Lagos Silk Dress\",\"size\":\"S\",\"image\":\"https://images.unsplash.com/photo-1539533018447-63fcce2678e3?q=80&w=800\",\"price\":250,\"sizes\":[\"S\",\"M\",\"L\"],\"stock\":5,\"rating\":4.8,\"category\":\"Dresses\",\"designer\":\"Atelier Lagos\",\"quantity\":1,\"vendorId\":\"v1\",\"createdAt\":\"2026-03-30T23:00:48.356Z\",\"isPreOrder\":false,\"description\":\"Hand-woven silk dress with asymmetrical cut.\",\"isNewSeason\":true}],\"buyerId\":null,\"shippingCost\":0},{\"id\":\"ord_live_1774948227364\",\"customerName\":null,\"date\":\"2026-03-31T09:10:27.364Z\",\"total\":150,\"status\":\"Processing\",\"items\":[{\"id\":\"p2\",\"name\":\"Accra Leather Bag\",\"size\":\"One Size\",\"image\":\"https://images.unsplash.com/photo-1516762689617-e1cffcef479d?q=80&w=800\",\"price\":150,\"sizes\":[\"One Size\"],\"stock\":12,\"rating\":5,\"category\":\"Accessories\",\"designer\":\"Accra Avant-Garde\",\"quantity\":1,\"vendorId\":\"v2\",\"createdAt\":\"2026-03-30T23:00:48.356Z\",\"isPreOrder\":false,\"description\":\"Genuine leather bag with metallic hardware.\",\"isNewSeason\":true}],\"buyerId\":null,\"shippingCost\":0},{\"id\":\"ord_live_1774948164368\",\"customerName\":null,\"date\":\"2026-03-31T09:09:24.368Z\",\"total\":450,\"status\":\"Processing\",\"items\":[{\"id\":\"p3\",\"name\":\"Obsidian Wide Trousers\",\"size\":\"28\",\"image\":\"https://images.unsplash.com/photo-1552374196-1ab2a1c593e8?q=80&w=800\",\"price\":450,\"sizes\":[\"28\",\"30\",\"32\",\"34\"],\"stock\":8,\"rating\":4.5,\"category\":\"Bottoms\",\"designer\":\"Accra Avant-Garde\",\"quantity\":1,\"vendorId\":\"v2\",\"createdAt\":\"2026-03-30T23:00:48.356Z\",\"isPreOrder\":false,\"description\":\"High-waisted wide leg trousers in Japanese denim.\",\"isNewSeason\":false}],\"buyerId\":null,\"shippingCost\":0},{\"id\":\"ord_live_1774947624415\",\"customerName\":null,\"date\":\"2026-03-31T09:00:24.415Z\",\"total\":450,\"status\":\"Processing\",\"items\":[{\"id\":\"p3\",\"name\":\"Obsidian Wide Trousers\",\"size\":\"28\",\"image\":\"https://images.unsplash.com/photo-1552374196-1ab2a1c593e8?q=80&w=800\",\"price\":450,\"sizes\":[\"28\",\"30\",\"32\",\"34\"],\"stock\":8,\"rating\":4.5,\"category\":\"Bottoms\",\"designer\":\"Accra Avant-Garde\",\"quantity\":1,\"vendorId\":\"v2\",\"createdAt\":\"2026-03-30T23:00:48.356Z\",\"isPreOrder\":false,\"description\":\"High-waisted wide leg trousers in Japanese denim.\",\"isNewSeason\":false}],\"buyerId\":null,\"shippingCost\":0},{\"id\":\"ord_live_1774947446364\",\"customerName\":null,\"date\":\"2026-03-31T08:57:26.364Z\",\"total\":250,\"status\":\"Processing\",\"items\":[{\"id\":\"p1\",\"name\":\"Lagos Silk Dress\",\"size\":\"S\",\"image\":\"https://images.unsplash.com/photo-1539533018447-63fcce2678e3?q=80&w=800\",\"price\":250,\"sizes\":[\"S\",\"M\",\"L\"],\"stock\":5,\"rating\":4.8,\"category\":\"Dresses\",\"designer\":\"Atelier Lagos\",\"quantity\":1,\"vendorId\":\"v1\",\"createdAt\":\"2026-03-30T23:00:48.356Z\",\"isPreOrder\":false,\"description\":\"Hand-woven silk dress with asymmetrical cut.\",\"isNewSeason\":true}],\"buyerId\":null,\"shippingCost\":0},{\"id\":\"ord_live_1774947384370\",\"customerName\":null,\"date\":\"2026-03-31T08:56:24.370Z\",\"total\":150,\"status\":\"Processing\",\"items\":[{\"id\":\"p2\",\"name\":\"Accra Leather Bag\",\"size\":\"One Size\",\"image\":\"https://images.unsplash.com/photo-1516762689617-e1cffcef479d?q=80&w=800\",\"price\":150,\"sizes\":[\"One Size\"],\"stock\":12,\"rating\":5,\"category\":\"Accessories\",\"designer\":\"Accra Avant-Garde\",\"quantity\":1,\"vendorId\":\"v2\",\"createdAt\":\"2026-03-30T23:00:48.356Z\",\"isPreOrder\":false,\"description\":\"Genuine leather bag with metallic hardware.\",\"isNewSeason\":true}],\"buyerId\":null,\"shippingCost\":0},{\"id\":\"ord_live_1774947204371\",\"customerName\":null,\"date\":\"2026-03-31T08:53:24.371Z\",\"total\":450,\"status\":\"Processing\",\"items\":[{\"id\":\"p3\",\"name\":\"Obsidian Wide Trousers\",\"size\":\"28\",\"image\":\"https://images.unsplash.com/photo-1552374196-1ab2a1c593e8?q=80&w=800\",\"price\":450,\"sizes\":[\"28\",\"30\",\"32\",\"34\"],\"stock\":8,\"rating\":4.5,\"category\":\"Bottoms\",\"designer\":\"Accra Avant-Garde\",\"quantity\":1,\"vendorId\":\"v2\",\"createdAt\":\"2026-03-30T23:00:48.356Z\",\"isPreOrder\":false,\"description\":\"High-waisted wide leg trousers in Japanese denim.\",\"isNewSeason\":false}],\"buyerId\":null,\"shippingCost\":0},{\"id\":\"ord_live_1774945944400\",\"customerName\":null,\"date\":\"2026-03-31T08:32:24.400Z\",\"total\":150,\"status\":\"Processing\",\"items\":[{\"id\":\"p2\",\"name\":\"Accra Leather Bag\",\"size\":\"One Size\",\"image\":\"https://images.unsplash.com/photo-1516762689617-e1cffcef479d?q=80&w=800\",\"price\":150,\"sizes\":[\"One Size\"],\"stock\":12,\"rating\":5,\"category\":\"Accessories\",\"designer\":\"Accra Avant-Garde\",\"quantity\":1,\"vendorId\":\"v2\",\"createdAt\":\"2026-03-30T23:00:48.356Z\",\"isPreOrder\":false,\"description\":\"Genuine leather bag with metallic hardware.\",\"isNewSeason\":true}],\"buyerId\":null,\"shippingCost\":0},{\"id\":\"ord_live_1774929711433\",\"customerName\":null,\"date\":\"2026-03-31T04:01:51.433Z\",\"total\":450,\"status\":\"Processing\",\"items\":[{\"id\":\"p3\",\"name\":\"Obsidian Wide Trousers\",\"size\":\"28\",\"image\":\"https://images.unsplash.com/photo-1552374196-1ab2a1c593e8?q=80&w=800\",\"price\":450,\"sizes\":[\"28\",\"30\",\"32\",\"34\"],\"stock\":8,\"rating\":4.5,\"category\":\"Bottoms\",\"designer\":\"Accra Avant-Garde\",\"quantity\":1,\"vendorId\":\"v2\",\"createdAt\":\"2026-03-30T23:00:48.356Z\",\"isPreOrder\":false,\"description\":\"High-waisted wide leg trousers in Japanese denim.\",\"isNewSeason\":false}],\"buyerId\":null,\"shippingCost\":0},{\"id\":\"ord_live_1774929645505\",\"customerName\":null,\"date\":\"2026-03-31T04:00:45.505Z\",\"total\":150,\"status\":\"Processing\",\"items\":[{\"id\":\"p2\",\"name\":\"Accra Leather Bag\",\"size\":\"One Size\",\"image\":\"https://images.unsplash.com/photo-1516762689617-e1cffcef479d?q=80&w=800\",\"price\":150,\"sizes\":[\"One Size\"],\"stock\":12,\"rating\":5,\"category\":\"Accessories\",\"designer\":\"Accra Avant-Garde\",\"quantity\":1,\"vendorId\":\"v2\",\"createdAt\":\"2026-03-30T23:00:48.356Z\",\"isPreOrder\":false,\"description\":\"Genuine leather bag with metallic hardware.\",\"isNewSeason\":true}],\"buyerId\":null,\"shippingCost\":0},{\"id\":\"ord_live_1774928764430\",\"customerName\":null,\"date\":\"2026-03-31T03:46:04.430Z\",\"total\":250,\"status\":\"Processing\",\"items\":[{\"id\":\"p1\",\"name\":\"Lagos Silk Dress\",\"size\":\"S\",\"image\":\"https://images.unsplash.com/photo-1539533018447-63fcce2678e3?q=80&w=800\",\"price\":250,\"sizes\":[\"S\",\"M\",\"L\"],\"stock\":5,\"rating\":4.8,\"category\":\"Dresses\",\"designer\":\"Atelier Lagos\",\"quantity\":1,\"vendorId\":\"v1\",\"createdAt\":\"2026-03-30T23:00:48.356Z\",\"isPreOrder\":false,\"description\":\"Hand-woven silk dress with asymmetrical cut.\",\"isNewSeason\":true}],\"buyerId\":null,\"shippingCost\":0},{\"id\":\"ord_live_1774928745431\",\"customerName\":null,\"date\":\"2026-03-31T03:45:45.431Z\",\"total\":250,\"status\":\"Processing\",\"items\":[{\"id\":\"p1\",\"name\":\"Lagos Silk Dress\",\"size\":\"S\",\"image\":\"https://images.unsplash.com/photo-1539533018447-63fcce2678e3?q=80&w=800\",\"price\":250,\"sizes\":[\"S\",\"M\",\"L\"],\"stock\":5,\"rating\":4.8,\"category\":\"Dresses\",\"designer\":\"Atelier Lagos\",\"quantity\":1,\"vendorId\":\"v1\",\"createdAt\":\"2026-03-30T23:00:48.356Z\",\"isPreOrder\":false,\"description\":\"Hand-woven silk dress with asymmetrical cut.\",\"isNewSeason\":true}],\"buyerId\":null,\"shippingCost\":0},{\"id\":\"ord_live_1774928587377\",\"customerName\":null,\"date\":\"2026-03-31T03:43:07.377Z\",\"total\":150,\"status\":\"Processing\",\"items\":[{\"id\":\"p2\",\"name\":\"Accra Leather Bag\",\"size\":\"One Size\",\"image\":\"https://images.unsplash.com/photo-1516762689617-e1cffcef479d?q=80&w=800\",\"price\":150,\"sizes\":[\"One Size\"],\"stock\":12,\"rating\":5,\"category\":\"Accessories\",\"designer\":\"Accra Avant-Garde\",\"quantity\":1,\"vendorId\":\"v2\",\"createdAt\":\"2026-03-30T23:00:48.356Z\",\"isPreOrder\":false,\"description\":\"Genuine leather bag with metallic hardware.\",\"isNewSeason\":true}],\"buyerId\":null,\"shippingCost\":0},{\"id\":\"ord_live_1774928500568\",\"customerName\":null,\"date\":\"2026-03-31T03:41:40.568Z\",\"total\":450,\"status\":\"Processing\",\"items\":[{\"id\":\"p3\",\"name\":\"Obsidian Wide Trousers\",\"size\":\"28\",\"image\":\"https://images.unsplash.com/photo-1552374196-1ab2a1c593e8?q=80&w=800\",\"price\":450,\"sizes\":[\"28\",\"30\",\"32\",\"34\"],\"stock\":8,\"rating\":4.5,\"category\":\"Bottoms\",\"designer\":\"Accra Avant-Garde\",\"quantity\":1,\"vendorId\":\"v2\",\"createdAt\":\"2026-03-30T23:00:48.356Z\",\"isPreOrder\":false,\"description\":\"High-waisted wide leg trousers in Japanese denim.\",\"isNewSeason\":false}],\"buyerId\":null,\"shippingCost\":0},{\"id\":\"ord_live_1774928450428\",\"customerName\":null,\"date\":\"2026-03-31T03:40:50.428Z\",\"total\":250,\"status\":\"Processing\",\"items\":[{\"id\":\"p1\",\"name\":\"Lagos Silk Dress\",\"size\":\"S\",\"image\":\"https://images.unsplash.com/photo-1539533018447-63fcce2678e3?q=80&w=800\",\"price\":250,\"sizes\":[\"S\",\"M\",\"L\"],\"stock\":5,\"rating\":4.8,\"category\":\"Dresses\",\"designer\":\"Atelier Lagos\",\"quantity\":1,\"vendorId\":\"v1\",\"createdAt\":\"2026-03-30T23:00:48.356Z\",\"isPreOrder\":false,\"description\":\"Hand-woven silk dress with asymmetrical cut.\",\"isNewSeason\":true}],\"buyerId\":null,\"shippingCost\":0},{\"id\":\"ord_live_1774928415424\",\"customerName\":null,\"date\":\"2026-03-31T03:40:15.424Z\",\"total\":150,\"status\":\"Processing\",\"items\":[{\"id\":\"p2\",\"name\":\"Accra Leather Bag\",\"size\":\"One Size\",\"image\":\"https://images.unsplash.com/photo-1516762689617-e1cffcef479d?q=80&w=800\",\"price\":150,\"sizes\":[\"One Size\"],\"stock\":12,\"rating\":5,\"category\":\"Accessories\",\"designer\":\"Accra Avant-Garde\",\"quantity\":1,\"vendorId\":\"v2\",\"createdAt\":\"2026-03-30T23:00:48.356Z\",\"isPreOrder\":false,\"description\":\"Genuine leather bag with metallic hardware.\",\"isNewSeason\":true}],\"buyerId\":null,\"shippingCost\":0},{\"id\":\"ord_live_1774928336431\",\"customerName\":null,\"date\":\"2026-03-31T03:38:56.431Z\",\"total\":450,\"status\":\"Processing\",\"items\":[{\"id\":\"p3\",\"name\":\"Obsidian Wide Trousers\",\"size\":\"28\",\"image\":\"https://images.unsplash.com/photo-1552374196-1ab2a1c593e8?q=80&w=800\",\"price\":450,\"sizes\":[\"28\",\"30\",\"32\",\"34\"],\"stock\":8,\"rating\":4.5,\"category\":\"Bottoms\",\"designer\":\"Accra Avant-Garde\",\"quantity\":1,\"vendorId\":\"v2\",\"createdAt\":\"2026-03-30T23:00:48.356Z\",\"isPreOrder\":false,\"description\":\"High-waisted wide leg trousers in Japanese denim.\",\"isNewSeason\":false}],\"buyerId\":null,\"shippingCost\":0},{\"id\":\"ord_live_1774927393425\",\"customerName\":null,\"date\":\"2026-03-31T03:23:13.425Z\",\"total\":450,\"status\":\"Processing\",\"items\":[{\"id\":\"p3\",\"name\":\"Obsidian Wide Trousers\",\"size\":\"28\",\"image\":\"https://images.unsplash.com/photo-1552374196-1ab2a1c593e8?q=80&w=800\",\"price\":450,\"sizes\":[\"28\",\"30\",\"32\",\"34\"],\"stock\":8,\"rating\":4.5,\"category\":\"Bottoms\",\"designer\":\"Accra Avant-Garde\",\"quantity\":1,\"vendorId\":\"v2\",\"createdAt\":\"2026-03-30T23:00:48.356Z\",\"isPreOrder\":false,\"description\":\"High-waisted wide leg trousers in Japanese denim.\",\"isNewSeason\":false}],\"buyerId\":null,\"shippingCost\":0},{\"id\":\"ord_live_1774927359428\",\"customerName\":null,\"date\":\"2026-03-31T03:22:39.428Z\",\"total\":250,\"status\":\"Processing\",\"items\":[{\"id\":\"p1\",\"name\":\"Lagos Silk Dress\",\"size\":\"S\",\"image\":\"https://images.unsplash.com/photo-1539533018447-63fcce2678e3?q=80&w=800\",\"price\":250,\"sizes\":[\"S\",\"M\",\"L\"],\"stock\":5,\"rating\":4.8,\"category\":\"Dresses\",\"designer\":\"Atelier Lagos\",\"quantity\":1,\"vendorId\":\"v1\",\"createdAt\":\"2026-03-30T23:00:48.356Z\",\"isPreOrder\":false,\"description\":\"Hand-woven silk dress with asymmetrical cut.\",\"isNewSeason\":true}],\"buyerId\":null,\"shippingCost\":0},{\"id\":\"ord_live_1774926465455\",\"customerName\":null,\"date\":\"2026-03-31T03:07:45.455Z\",\"total\":150,\"status\":\"Processing\",\"items\":[{\"id\":\"p2\",\"name\":\"Accra Leather Bag\",\"size\":\"One Size\",\"image\":\"https://images.unsplash.com/photo-1516762689617-e1cffcef479d?q=80&w=800\",\"price\":150,\"sizes\":[\"One Size\"],\"stock\":12,\"rating\":5,\"category\":\"Accessories\",\"designer\":\"Accra Avant-Garde\",\"quantity\":1,\"vendorId\":\"v2\",\"createdAt\":\"2026-03-30T23:00:48.356Z\",\"isPreOrder\":false,\"description\":\"Genuine leather bag with metallic hardware.\",\"isNewSeason\":true}],\"buyerId\":null,\"shippingCost\":0},{\"id\":\"ord_live_1774926249430\",\"customerName\":null,\"date\":\"2026-03-31T03:04:09.430Z\",\"total\":250,\"status\":\"Processing\",\"items\":[{\"id\":\"p1\",\"name\":\"Lagos Silk Dress\",\"size\":\"S\",\"image\":\"https://images.unsplash.com/photo-1539533018447-63fcce2678e3?q=80&w=800\",\"price\":250,\"sizes\":[\"S\",\"M\",\"L\"],\"stock\":5,\"rating\":4.8,\"category\":\"Dresses\",\"designer\":\"Atelier Lagos\",\"quantity\":1,\"vendorId\":\"v1\",\"createdAt\":\"2026-03-30T23:00:48.356Z\",\"isPreOrder\":false,\"description\":\"Hand-woven silk dress with asymmetrical cut.\",\"isNewSeason\":true}],\"buyerId\":null,\"shippingCost\":0},{\"id\":\"ord_live_1774899244176\",\"customerName\":null,\"date\":\"2026-03-30T19:34:04.176Z\",\"total\":250,\"status\":\"Processing\",\"items\":[{\"id\":\"p1\",\"name\":\"Lagos Silk Dress\",\"size\":\"S\",\"image\":\"https://images.unsplash.com/photo-1539533018447-63fcce2678e3?q=80&w=800\",\"price\":250,\"sizes\":[\"S\",\"M\",\"L\"],\"stock\":5,\"rating\":4.8,\"category\":\"Dresses\",\"designer\":\"Atelier Lagos\",\"quantity\":1,\"vendorId\":\"v1\",\"createdAt\":\"2026-03-30T23:00:48.356Z\",\"isPreOrder\":false,\"description\":\"Hand-woven silk dress with asymmetrical cut.\",\"isNewSeason\":true}],\"buyerId\":null,\"shippingCost\":0},{\"id\":\"ord_live_1774899004162\",\"customerName\":null,\"date\":\"2026-03-30T19:30:04.162Z\",\"total\":450,\"status\":\"Processing\",\"items\":[{\"id\":\"p3\",\"name\":\"Obsidian Wide Trousers\",\"size\":\"28\",\"image\":\"https://images.unsplash.com/photo-1552374196-1ab2a1c593e8?q=80&w=800\",\"price\":450,\"sizes\":[\"28\",\"30\",\"32\",\"34\"],\"stock\":8,\"rating\":4.5,\"category\":\"Bottoms\",\"designer\":\"Accra Avant-Garde\",\"quantity\":1,\"vendorId\":\"v2\",\"createdAt\":\"2026-03-30T23:00:48.356Z\",\"isPreOrder\":false,\"description\":\"High-waisted wide leg trousers in Japanese denim.\",\"isNewSeason\":false}],\"buyerId\":null,\"shippingCost\":0},{\"id\":\"ord_live_1774898830175\",\"customerName\":null,\"date\":\"2026-03-30T19:27:10.175Z\",\"total\":150,\"status\":\"Processing\",\"items\":[{\"id\":\"p2\",\"name\":\"Accra Leather Bag\",\"size\":\"One Size\",\"image\":\"https://images.unsplash.com/photo-1516762689617-e1cffcef479d?q=80&w=800\",\"price\":150,\"sizes\":[\"One Size\"],\"stock\":12,\"rating\":5,\"category\":\"Accessories\",\"designer\":\"Accra Avant-Garde\",\"quantity\":1,\"vendorId\":\"v2\",\"createdAt\":\"2026-03-30T23:00:48.356Z\",\"isPreOrder\":false,\"description\":\"Genuine leather bag with metallic hardware.\",\"isNewSeason\":true}],\"buyerId\":null,\"shippingCost\":0},{\"id\":\"ord_live_1774898795179\",\"customerName\":null,\"date\":\"2026-03-30T19:26:35.179Z\",\"total\":450,\"status\":\"Processing\",\"items\":[{\"id\":\"p3\",\"name\":\"Obsidian Wide Trousers\",\"size\":\"28\",\"image\":\"https://images.unsplash.com/photo-1552374196-1ab2a1c593e8?q=80&w=800\",\"price\":450,\"sizes\":[\"28\",\"30\",\"32\",\"34\"],\"stock\":8,\"rating\":4.5,\"category\":\"Bottoms\",\"designer\":\"Accra Avant-Garde\",\"quantity\":1,\"vendorId\":\"v2\",\"createdAt\":\"2026-03-30T23:00:48.356Z\",\"isPreOrder\":false,\"description\":\"High-waisted wide leg trousers in Japanese denim.\",\"isNewSeason\":false}],\"buyerId\":null,\"shippingCost\":0}]"}
Testing /api/all-followers...
{"statusCode":200,"data":"[{\"id\":\"f1\",\"name\":\"Sofia R.\",\"avatar\":\"https://i.pravatar.cc/150?u=1\",\"location\":\"Milan\",\"joined\":\"2023-10-01\",\"purchases\":12,\"style\":\"Avant-Garde\",\"vendorId\":null,\"followerId\":null},{\"id\":\"f2\",\"name\":\"James K.\",\"avatar\":\"https://i.pravatar.cc/150?u=2\",\"location\":\"London\",\"joined\":\"2023-12-15\",\"purchases\":3,\"style\":\"Minimalist\",\"vendorId\":null,\"followerId\":null},{\"id\":\"f3\",\"name\":\"Arjun P.\",\"avatar\":\"https://i.pravatar.cc/150?u=3\",\"location\":\"New York\",\"joined\":\"2024-01-20\",\"purchases\":8,\"style\":\"Streetwear\",\"vendorId\":null,\"followerId\":null}]"}
Testing /api/votes/7BqWaG4PXUYwUuoQe13P24xe7xs1...
{"statusCode":200,"data":"[]"}
Testing /api/user-followed-vendors/7BqWaG4PXUYwUuoQe13P24xe7xs1...
{"statusCode":200,"data":"[]"}
Testing /api/notifications/7BqWaG4PXUYwUuoQe13P24xe7xs1...
{"statusCode":200,"data":"[{\"id\":\"notif_admin_ord_live_1776103040233\",\"userId\":\"7BqWaG4PXUYwUuoQe13P24xe7xs1\",\"title\":\"Platform Sale\",\"message\":\"Atelier Lagos sold Lagos Silk Dress ($250).\",\"read\":false,\"date\":\"2026-04-13T17:57:29.298Z\",\"type\":\"SYSTEM\",\"link\":\"TRANSACTIONS\"},{\"id\":\"notif_admin_ord_live_1776102971400\",\"userId\":\"7BqWaG4PXUYwUuoQe13P24xe7xs1\",\"title\":\"Platform Sale\",\"message\":\"Accra Avant-Garde sold Accra Leather Bag ($150).\",\"read\":false,\"date\":\"2026-04-13T17:56:18.488Z\",\"type\":\"SYSTEM\",\"link\":\"TRANSACTIONS\"},{\"id\":\"notif_admin_ord_live_1776101935639\",\"userId\":\"7BqWaG4PXUYwUuoQe13P24xe7xs1\",\"title\":\"Platform Sale\",\"message\":\"Accra Avant-Garde sold Accra Leather Bag ($150).\",\"read\":false,\"date\":\"2026-04-13T17:39:16.800Z\",\"type\":\"SYSTEM\",\"link\":\"TRANSACTIONS\"},{\"id\":\"notif_admin_ord_live_1776101554541\",\"userId\":\"7BqWaG4PXUYwUuoQe13P24xe7xs1\",\"title\":\"Platform Sale\",\"message\":\"Accra Avant-Garde sold Accra Leather Bag ($150).\",\"read\":false,\"date\":\"2026-04-13T17:32:44.950Z\",\"type\":\"SYSTEM\",\"link\":\"TRANSACTIONS\"},{\"id\":\"notif_admin_ord_live_1776100398998\",\"userId\":\"7BqWaG4PXUYwUuoQe13P24xe7xs1\",\"title\":\"Platform Sale\",\"message\":\"Accra Avant-Garde sold Obsidian Wide Trousers ($450).\",\"read\":false,\"date\":\"2026-04-13T17:13:35.597Z\",\"type\":\"SYSTEM\",\"link\":\"TRANSACTIONS\"},{\"id\":\"notif_admin_ord_live_1776100383998\",\"userId\":\"7BqWaG4PXUYwUuoQe13P24xe7xs1\",\"title\":\"Platform Sale\",\"message\":\"Accra Avant-Garde sold Obsidian Wide Trousers ($450).\",\"read\":false,\"date\":\"2026-04-13T17:13:35.526Z\",\"type\":\"SYSTEM\",\"link\":\"TRANSACTIONS\"},{\"id\":\"notif_admin_ord_live_1776100327997\",\"userId\":\"7BqWaG4PXUYwUuoQe13P24xe7xs1\",\"title\":\"Platform Sale\",\"message\":\"Accra Avant-Garde sold Obsidian Wide Trousers ($450).\",\"read\":false,\"date\":\"2026-04-13T17:12:08.723Z\",\"type\":\"SYSTEM\",\"link\":\"TRANSACTIONS\"},{\"id\":\"notif_admin_ord_live_1776100247988\",\"userId\":\"7BqWaG4PXUYwUuoQe13P24xe7xs1\",\"title\":\"Platform Sale\",\"message\":\"Accra Avant-Garde sold Accra Leather Bag ($150).\",\"read\":false,\"date\":\"2026-04-13T17:10:49.164Z\",\"type\":\"SYSTEM\",\"link\":\"TRANSACTIONS\"},{\"id\":\"notif_admin_ord_live_1776100187006\",\"userId\":\"7BqWaG4PXUYwUuoQe13P24xe7xs1\",\"title\":\"Platform Sale\",\"message\":\"Accra Avant-Garde sold Accra Leather Bag ($150).\",\"read\":false,\"date\":\"2026-04-13T17:09:47.726Z\",\"type\":\"SYSTEM\",\"link\":\"TRANSACTIONS\"},{\"id\":\"notif_admin_ord_live_1776100145987\",\"userId\":\"7BqWaG4PXUYwUuoQe13P24xe7xs1\",\"title\":\"Platform Sale\",\"message\":\"Accra Avant-Garde sold Obsidian Wide Trousers ($450).\",\"read\":false,\"date\":\"2026-04-13T17:09:06.717Z\",\"type\":\"SYSTEM\",\"link\":\"TRANSACTIONS\"},{\"id\":\"notif_admin_ord_live_1776100124987\",\"userId\":\"7BqWaG4PXUYwUuoQe13P24xe7xs1\",\"title\":\"Platform Sale\",\"message\":\"Accra Avant-Garde sold Accra Leather Bag ($150).\",\"read\":false,\"date\":\"2026-04-13T17:08:47.710Z\",\"type\":\"SYSTEM\",\"link\":\"TRANSACTIONS\"},{\"id\":\"notif_admin_ord_live_1776100078096\",\"userId\":\"7BqWaG4PXUYwUuoQe13P24xe7xs1\",\"title\":\"Platform Sale\",\"message\":\"Accra Avant-Garde sold Accra Leather Bag ($150).\",\"read\":false,\"date\":\"2026-04-13T17:07:59.240Z\",\"type\":\"SYSTEM\",\"link\":\"TRANSACTIONS\"},{\"id\":\"notif_admin_ord_live_1776099371334\",\"userId\":\"7BqWaG4PXUYwUuoQe13P24xe7xs1\",\"title\":\"Platform Sale\",\"message\":\"Accra Avant-Garde sold Accra Leather Bag ($150).\",\"read\":false,\"date\":\"2026-04-13T16:56:12.223Z\",\"type\":\"SYSTEM\",\"link\":\"TRANSACTIONS\"},{\"id\":\"notif_admin_ord_live_1776099370989\",\"userId\":\"7BqWaG4PXUYwUuoQe13P24xe7xs1\",\"title\":\"Platform Sale\",\"message\":\"Atelier Lagos sold Lagos Silk Dress ($250).\",\"read\":false,\"date\":\"2026-04-13T16:56:11.961Z\",\"type\":\"SYSTEM\",\"link\":\"TRANSACTIONS\"},{\"id\":\"notif_admin_ord_live_1776099331074\",\"userId\":\"7BqWaG4PXUYwUuoQe13P24xe7xs1\",\"title\":\"Platform Sale\",\"message\":\"Accra Avant-Garde sold Obsidian Wide Trousers ($450).\",\"read\":false,\"date\":\"2026-04-13T16:55:32.453Z\",\"type\":\"SYSTEM\",\"link\":\"TRANSACTIONS\"},{\"id\":\"notif_admin_ord_live_1776099126993\",\"userId\":\"7BqWaG4PXUYwUuoQe13P24xe7xs1\",\"title\":\"Platform Sale\",\"message\":\"Atelier Lagos sold Lagos Silk Dress ($250).\",\"read\":false,\"date\":\"2026-04-13T16:52:15.394Z\",\"type\":\"SYSTEM\",\"link\":\"TRANSACTIONS\"},{\"id\":\"notif_admin_ord_live_1776099132992\",\"userId\":\"7BqWaG4PXUYwUuoQe13P24xe7xs1\",\"title\":\"Platform Sale\",\"message\":\"Atelier Lagos sold Lagos Silk Dress ($250).\",\"read\":false,\"date\":\"2026-04-13T16:52:15.392Z\",\"type\":\"SYSTEM\",\"link\":\"TRANSACTIONS\"},{\"id\":\"notif_admin_ord_live_1776099053000\",\"userId\":\"7BqWaG4PXUYwUuoQe13P24xe7xs1\",\"title\":\"Platform Sale\",\"message\":\"Accra Avant-Garde sold Obsidian Wide Trousers ($450).\",\"read\":false,\"date\":\"2026-04-13T16:51:13.010Z\",\"type\":\"SYSTEM\",\"link\":\"TRANSACTIONS\"},{\"id\":\"notif_admin_ord_live_1776098242990\",\"userId\":\"7BqWaG4PXUYwUuoQe13P24xe7xs1\",\"title\":\"Platform Sale\",\"message\":\"Atelier Lagos sold Lagos Silk Dress ($250).\",\"read\":false,\"date\":\"2026-04-13T16:37:24.532Z\",\"type\":\"SYSTEM\",\"link\":\"TRANSACTIONS\"},{\"id\":\"notif_admin_ord_live_1776089033177\",\"userId\":\"7BqWaG4PXUYwUuoQe13P24xe7xs1\",\"title\":\"Platform Sale\",\"message\":\"Atelier Lagos sold Lagos Silk Dress ($250).\",\"read\":false,\"date\":\"2026-04-13T14:03:54.560Z\",\"type\":\"SYSTEM\",\"link\":\"TRANSACTIONS\"},{\"id\":\"notif_admin_ord_live_1776088558142\",\"userId\":\"7BqWaG4PXUYwUuoQe13P24xe7xs1\",\"title\":\"Platform Sale\",\"message\":\"Accra Avant-Garde sold Accra Leather Bag ($150).\",\"read\":false,\"date\":\"2026-04-13T13:55:58.807Z\",\"type\":\"SYSTEM\",\"link\":\"TRANSACTIONS\"},{\"id\":\"notif_admin_ord_live_1776088002152\",\"userId\":\"7BqWaG4PXUYwUuoQe13P24xe7xs1\",\"title\":\"Platform Sale\",\"message\":\"Accra Avant-Garde sold Obsidian Wide Trousers ($450).\",\"read\":false,\"date\":\"2026-04-13T13:46:43.429Z\",\"type\":\"SYSTEM\",\"link\":\"TRANSACTIONS\"},{\"id\":\"notif_admin_ord_live_1776087308142\",\"userId\":\"7BqWaG4PXUYwUuoQe13P24xe7xs1\",\"title\":\"Platform Sale\",\"message\":\"Accra Avant-Garde sold Accra Leather Bag ($150).\",\"read\":false,\"date\":\"2026-04-13T13:35:08.817Z\",\"type\":\"SYSTEM\",\"link\":\"TRANSACTIONS\"},{\"id\":\"notif_admin_ord_live_1776086997141\",\"userId\":\"7BqWaG4PXUYwUuoQe13P24xe7xs1\",\"title\":\"Platform Sale\",\"message\":\"Atelier Lagos sold Lagos Silk Dress ($250).\",\"read\":false,\"date\":\"2026-04-13T13:29:58.042Z\",\"type\":\"SYSTEM\",\"link\":\"TRANSACTIONS\"},{\"id\":\"notif_admin_ord_live_1776086933150\",\"userId\":\"7BqWaG4PXUYwUuoQe13P24xe7xs1\",\"title\":\"Platform Sale\",\"message\":\"Accra Avant-Garde sold Obsidian Wide Trousers ($450).\",\"read\":false,\"date\":\"2026-04-13T13:28:53.827Z\",\"type\":\"SYSTEM\",\"link\":\"TRANSACTIONS\"},{\"id\":\"notif_admin_ord_live_1776086916137\",\"userId\":\"7BqWaG4PXUYwUuoQe13P24xe7xs1\",\"title\":\"Platform Sale\",\"message\":\"Accra Avant-Garde sold Obsidian Wide Trousers ($450).\",\"read\":false,\"date\":\"2026-04-13T13:28:36.903Z\",\"type\":\"SYSTEM\",\"link\":\"TRANSACTIONS\"},{\"id\":\"notif_admin_ord_live_1776086898137\",\"userId\":\"7BqWaG4PXUYwUuoQe13P24xe7xs1\",\"title\":\"Platform Sale\",\"message\":\"Accra Avant-Garde sold Accra Leather Bag ($150).\",\"read\":false,\"date\":\"2026-04-13T13:28:19.172Z\",\"type\":\"SYSTEM\",\"link\":\"TRANSACTIONS\"},{\"id\":\"notif_admin_ord_live_1776086878149\",\"userId\":\"7BqWaG4PXUYwUuoQe13P24xe7xs1\",\"title\":\"Platform Sale\",\"message\":\"Atelier Lagos sold Lagos Silk Dress ($250).\",\"read\":false,\"date\":\"2026-04-13T13:27:58.843Z\",\"type\":\"SYSTEM\",\"link\":\"TRANSACTIONS\"},{\"id\":\"notif_admin_ord_live_1776086860141\",\"userId\":\"7BqWaG4PXUYwUuoQe13P24xe7xs1\",\"title\":\"Platform Sale\",\"message\":\"Atelier Lagos sold Lagos Silk Dress ($250).\",\"read\":false,\"date\":\"2026-04-13T13:27:41.321Z\",\"type\":\"SYSTEM\",\"link\":\"TRANSACTIONS\"},{\"id\":\"notif_admin_ord_live_1776086761140\",\"userId\":\"7BqWaG4PXUYwUuoQe13P24xe7xs1\",\"title\":\"Platform Sale\",\"message\":\"Accra Avant-Garde sold Accra Leather Bag ($150).\",\"read\":false,\"date\":\"2026-04-13T13:26:02.056Z\",\"type\":\"SYSTEM\",\"link\":\"TRANSACTIONS\"},{\"id\":\"notif_admin_ord_live_1776086712137\",\"userId\":\"7BqWaG4PXUYwUuoQe13P24xe7xs1\",\"title\":\"Platform Sale\",\"message\":\"Accra Avant-Garde sold Obsidian Wide Trousers ($450).\",\"read\":false,\"date\":\"2026-04-13T13:25:12.841Z\",\"type\":\"SYSTEM\",\"link\":\"TRANSACTIONS\"},{\"id\":\"notif_admin_ord_live_1776086693151\",\"userId\":\"7BqWaG4PXUYwUuoQe13P24xe7xs1\",\"title\":\"Platform Sale\",\"message\":\"Accra Avant-Garde sold Obsidian Wide Trousers ($450).\",\"read\":false,\"date\":\"2026-04-13T13:24:53.790Z\",\"type\":\"SYSTEM\",\"link\":\"TRANSACTIONS\"},{\"id\":\"notif_admin_ord_live_1776086666147\",\"userId\":\"7BqWaG4PXUYwUuoQe13P24xe7xs1\",\"title\":\"Platform Sale\",\"message\":\"Accra Avant-Garde sold Accra Leather Bag ($150).\",\"read\":false,\"date\":\"2026-04-13T13:24:27.159Z\",\"type\":\"SYSTEM\",\"link\":\"TRANSACTIONS\"},{\"id\":\"notif_admin_ord_live_1776086612138\",\"userId\":\"7BqWaG4PXUYwUuoQe13P24xe7xs1\",\"title\":\"Platform Sale\",\"message\":\"Atelier Lagos sold Lagos Silk Dress ($250).\",\"read\":false,\"date\":\"2026-04-13T13:23:32.986Z\",\"type\":\"SYSTEM\",\"link\":\"TRANSACTIONS\"},{\"id\":\"notif_admin_ord_live_1776086579151\",\"userId\":\"7BqWaG4PXUYwUuoQe13P24xe7xs1\",\"title\":\"Platform Sale\",\"message\":\"Atelier Lagos sold Lagos Silk Dress ($250).\",\"read\":false,\"date\":\"2026-04-13T13:22:59.829Z\",\"type\":\"SYSTEM\",\"link\":\"TRANSACTIONS\"},{\"id\":\"notif_admin_ord_live_1776086547152\",\"userId\":\"7BqWaG4PXUYwUuoQe13P24xe7xs1\",\"title\":\"Platform Sale\",\"message\":\"Atelier Lagos sold Lagos Silk Dress ($250).\",\"read\":false,\"date\":\"2026-04-13T13:22:27.798Z\",\"type\":\"SYSTEM\",\"link\":\"TRANSACTIONS\"},{\"id\":\"notif_admin_ord_live_1776086522143\",\"userId\":\"7BqWaG4PXUYwUuoQe13P24xe7xs1\",\"title\":\"Platform Sale\",\"message\":\"Accra Avant-Garde sold Accra Leather Bag ($150).\",\"read\":false,\"date\":\"2026-04-13T13:22:03.551Z\",\"type\":\"SYSTEM\",\"link\":\"TRANSACTIONS\"},{\"id\":\"notif_admin_ord_live_1776086474149\",\"userId\":\"7BqWaG4PXUYwUuoQe13P24xe7xs1\",\"title\":\"Platform Sale\",\"message\":\"Accra Avant-Garde sold Obsidian Wide Trousers ($450).\",\"read\":false,\"date\":\"2026-04-13T13:21:15.086Z\",\"type\":\"SYSTEM\",\"link\":\"TRANSACTIONS\"},{\"id\":\"notif_admin_ord_live_1776086426142\",\"userId\":\"7BqWaG4PXUYwUuoQe13P24xe7xs1\",\"title\":\"Platform Sale\",\"message\":\"Accra Avant-Garde sold Accra Leather Bag ($150).\",\"read\":false,\"date\":\"2026-04-13T13:20:27.542Z\",\"type\":\"SYSTEM\",\"link\":\"TRANSACTIONS\"},{\"id\":\"notif_admin_ord_live_1776086369139\",\"userId\":\"7BqWaG4PXUYwUuoQe13P24xe7xs1\",\"title\":\"Platform Sale\",\"message\":\"Atelier Lagos sold Lagos Silk Dress ($250).\",\"read\":false,\"date\":\"2026-04-13T13:19:30.061Z\",\"type\":\"SYSTEM\",\"link\":\"TRANSACTIONS\"},{\"id\":\"notif_admin_ord_live_1776086310144\",\"userId\":\"7BqWaG4PXUYwUuoQe13P24xe7xs1\",\"title\":\"Platform Sale\",\"message\":\"Atelier Lagos sold Lagos Silk Dress ($250).\",\"read\":false,\"date\":\"2026-04-13T13:18:31.126Z\",\"type\":\"SYSTEM\",\"link\":\"TRANSACTIONS\"},{\"id\":\"notif_admin_ord_live_1776086259137\",\"userId\":\"7BqWaG4PXUYwUuoQe13P24xe7xs1\",\"title\":\"Platform Sale\",\"message\":\"Atelier Lagos sold Lagos Silk Dress ($250).\",\"read\":false,\"date\":\"2026-04-13T13:17:39.785Z\",\"type\":\"SYSTEM\",\"link\":\"TRANSACTIONS\"},{\"id\":\"notif_admin_ord_live_1776086239148\",\"userId\":\"7BqWaG4PXUYwUuoQe13P24xe7xs1\",\"title\":\"Platform Sale\",\"message\":\"Atelier Lagos sold Lagos Silk Dress ($250).\",\"read\":false,\"date\":\"2026-04-13T13:17:19.837Z\",\"type\":\"SYSTEM\",\"link\":\"TRANSACTIONS\"},{\"id\":\"notif_admin_ord_live_1776086220152\",\"userId\":\"7BqWaG4PXUYwUuoQe13P24xe7xs1\",\"title\":\"Platform Sale\",\"message\":\"Atelier Lagos sold Lagos Silk Dress ($250).\",\"read\":false,\"date\":\"2026-04-13T13:17:00.826Z\",\"type\":\"SYSTEM\",\"link\":\"TRANSACTIONS\"},{\"id\":\"notif_admin_ord_live_1776086202141\",\"userId\":\"7BqWaG4PXUYwUuoQe13P24xe7xs1\",\"title\":\"Platform Sale\",\"message\":\"Accra Avant-Garde sold Obsidian Wide Trousers ($450).\",\"read\":false,\"date\":\"2026-04-13T13:16:43.128Z\",\"type\":\"SYSTEM\",\"link\":\"TRANSACTIONS\"},{\"id\":\"notif_admin_ord_live_1776086135151\",\"userId\":\"7BqWaG4PXUYwUuoQe13P24xe7xs1\",\"title\":\"Platform Sale\",\"message\":\"Accra Avant-Garde sold Obsidian Wide Trousers ($450).\",\"read\":false,\"date\":\"2026-04-13T13:15:37.210Z\",\"type\":\"SYSTEM\",\"link\":\"TRANSACTIONS\"},{\"id\":\"notif_admin_ord_live_1776085940148\",\"userId\":\"7BqWaG4PXUYwUuoQe13P24xe7xs1\",\"title\":\"Platform Sale\",\"message\":\"Accra Avant-Garde sold Accra Leather Bag ($150).\",\"read\":false,\"date\":\"2026-04-13T13:12:21.148Z\",\"type\":\"SYSTEM\",\"link\":\"TRANSACTIONS\"},{\"id\":\"notif_admin_ord_live_1776085920147\",\"userId\":\"7BqWaG4PXUYwUuoQe13P24xe7xs1\",\"title\":\"Platform Sale\",\"message\":\"Accra Avant-Garde sold Accra Leather Bag ($150).\",\"read\":false,\"date\":\"2026-04-13T13:12:01.895Z\",\"type\":\"SYSTEM\",\"link\":\"TRANSACTIONS\"},{\"id\":\"notif_admin_ord_live_1776085812148\",\"userId\":\"7BqWaG4PXUYwUuoQe13P24xe7xs1\",\"title\":\"Platform Sale\",\"message\":\"Accra Avant-Garde sold Obsidian Wide Trousers ($450).\",\"read\":false,\"date\":\"2026-04-13T13:10:13.639Z\",\"type\":\"SYSTEM\",\"link\":\"TRANSACTIONS\"},{\"id\":\"notif_admin_ord_live_1776085777150\",\"userId\":\"7BqWaG4PXUYwUuoQe13P24xe7xs1\",\"title\":\"Platform Sale\",\"message\":\"Accra Avant-Garde sold Obsidian Wide Trousers ($450).\",\"read\":false,\"date\":\"2026-04-13T13:09:38.548Z\",\"type\":\"SYSTEM\",\"link\":\"TRANSACTIONS\"},{\"id\":\"notif_admin_ord_live_1776085737139\",\"userId\":\"7BqWaG4PXUYwUuoQe13P24xe7xs1\",\"title\":\"Platform Sale\",\"message\":\"Accra Avant-Garde sold Accra Leather Bag ($150).\",\"read\":false,\"date\":\"2026-04-13T13:08:57.816Z\",\"type\":\"SYSTEM\",\"link\":\"TRANSACTIONS\"},{\"id\":\"notif_admin_ord_live_1776085719140\",\"userId\":\"7BqWaG4PXUYwUuoQe13P24xe7xs1\",\"title\":\"Platform Sale\",\"message\":\"Accra Avant-Garde sold Accra Leather Bag ($150).\",\"read\":false,\"date\":\"2026-04-13T13:08:39.843Z\",\"type\":\"SYSTEM\",\"link\":\"TRANSACTIONS\"},{\"id\":\"notif_admin_ord_live_1776085689136\",\"userId\":\"7BqWaG4PXUYwUuoQe13P24xe7xs1\",\"title\":\"Platform Sale\",\"message\":\"Accra Avant-Garde sold Obsidian Wide Trousers ($450).\",\"read\":false,\"date\":\"2026-04-13T13:08:09.822Z\",\"type\":\"SYSTEM\",\"link\":\"TRANSACTIONS\"},{\"id\":\"notif_admin_ord_live_1776085668138\",\"userId\":\"7BqWaG4PXUYwUuoQe13P24xe7xs1\",\"title\":\"Platform Sale\",\"message\":\"Accra Avant-Garde sold Obsidian Wide Trousers ($450).\",\"read\":false,\"date\":\"2026-04-13T13:07:49.241Z\",\"type\":\"SYSTEM\",\"link\":\"TRANSACTIONS\"},{\"id\":\"notif_admin_ord_live_1776085649143\",\"userId\":\"7BqWaG4PXUYwUuoQe13P24xe7xs1\",\"title\":\"Platform Sale\",\"message\":\"Accra Avant-Garde sold Accra Leather Bag ($150).\",\"read\":false,\"date\":\"2026-04-13T13:07:29.830Z\",\"type\":\"SYSTEM\",\"link\":\"TRANSACTIONS\"},{\"id\":\"notif_admin_ord_live_1776085606150\",\"userId\":\"7BqWaG4PXUYwUuoQe13P24xe7xs1\",\"title\":\"Platform Sale\",\"message\":\"Atelier Lagos sold Lagos Silk Dress ($250).\",\"read\":false,\"date\":\"2026-04-13T13:06:46.825Z\",\"type\":\"SYSTEM\",\"link\":\"TRANSACTIONS\"},{\"id\":\"notif_admin_ord_live_1776084812157\",\"userId\":\"7BqWaG4PXUYwUuoQe13P24xe7xs1\",\"title\":\"Platform Sale\",\"message\":\"Atelier Lagos sold Lagos Silk Dress ($250).\",\"read\":false,\"date\":\"2026-04-13T12:53:33.283Z\",\"type\":\"SYSTEM\",\"link\":\"TRANSACTIONS\"},{\"id\":\"notif_admin_ord_live_1776084570139\",\"userId\":\"7BqWaG4PXUYwUuoQe13P24xe7xs1\",\"title\":\"Platform Sale\",\"message\":\"Accra Avant-Garde sold Obsidian Wide Trousers ($450).\",\"read\":false,\"date\":\"2026-04-13T12:49:31.229Z\",\"type\":\"SYSTEM\",\"link\":\"TRANSACTIONS\"},{\"id\":\"notif_admin_ord_live_1776084506151\",\"userId\":\"7BqWaG4PXUYwUuoQe13P24xe7xs1\",\"title\":\"Platform Sale\",\"message\":\"Accra Avant-Garde sold Accra Leather Bag ($150).\",\"read\":false,\"date\":\"2026-04-13T12:48:26.773Z\",\"type\":\"SYSTEM\",\"link\":\"TRANSACTIONS\"},{\"id\":\"notif_admin_ord_live_1776084457148\",\"userId\":\"7BqWaG4PXUYwUuoQe13P24xe7xs1\",\"title\":\"Platform Sale\",\"message\":\"Atelier Lagos sold Lagos Silk Dress ($250).\",\"read\":false,\"date\":\"2026-04-13T12:47:38.514Z\",\"type\":\"SYSTEM\",\"link\":\"TRANSACTIONS\"},{\"id\":\"notif_admin_ord_live_1776084403234\",\"userId\":\"7BqWaG4PXUYwUuoQe13P24xe7xs1\",\"title\":\"Platform Sale\",\"message\":\"Accra Avant-Garde sold Obsidian Wide Trousers ($450).\",\"read\":false,\"date\":\"2026-04-13T12:46:44.785Z\",\"type\":\"SYSTEM\",\"link\":\"TRANSACTIONS\"},{\"id\":\"notif_admin_ord_live_1776083210137\",\"userId\":\"7BqWaG4PXUYwUuoQe13P24xe7xs1\",\"title\":\"Platform Sale\",\"message\":\"Accra Avant-Garde sold Accra Leather Bag ($150).\",\"read\":false,\"date\":\"2026-04-13T12:26:50.753Z\",\"type\":\"SYSTEM\",\"link\":\"TRANSACTIONS\"},{\"id\":\"notif_admin_ord_live_1776083178149\",\"userId\":\"7BqWaG4PXUYwUuoQe13P24xe7xs1\",\"title\":\"Platform Sale\",\"message\":\"Accra Avant-Garde sold Obsidian Wide Trousers ($450).\",\"read\":false,\"date\":\"2026-04-13T12:26:19.057Z\",\"type\":\"SYSTEM\",\"link\":\"TRANSACTIONS\"},{\"id\":\"notif_admin_ord_live_1776082714146\",\"userId\":\"7BqWaG4PXUYwUuoQe13P24xe7xs1\",\"title\":\"Platform Sale\",\"message\":\"Accra Avant-Garde sold Obsidian Wide Trousers ($450).\",\"read\":false,\"date\":\"2026-04-13T12:18:34.785Z\",\"type\":\"SYSTEM\",\"link\":\"TRANSACTIONS\"},{\"id\":\"notif_admin_ord_live_1776082628152\",\"userId\":\"7BqWaG4PXUYwUuoQe13P24xe7xs1\",\"title\":\"Platform Sale\",\"message\":\"Accra Avant-Garde sold Accra Leather Bag ($150).\",\"read\":false,\"date\":\"2026-04-13T12:17:09.414Z\",\"type\":\"SYSTEM\",\"link\":\"TRANSACTIONS\"},{\"id\":\"notif_admin_ord_live_1776082441140\",\"userId\":\"7BqWaG4PXUYwUuoQe13P24xe7xs1\",\"title\":\"Platform Sale\",\"message\":\"Accra Avant-Garde sold Obsidian Wide Trousers ($450).\",\"read\":false,\"date\":\"2026-04-13T12:14:02.099Z\",\"type\":\"SYSTEM\",\"link\":\"TRANSACTIONS\"},{\"id\":\"notif_admin_ord_live_1776082313143\",\"userId\":\"7BqWaG4PXUYwUuoQe13P24xe7xs1\",\"title\":\"Platform Sale\",\"message\":\"Accra Avant-Garde sold Obsidian Wide Trousers ($450).\",\"read\":false,\"date\":\"2026-04-13T12:11:54.519Z\",\"type\":\"SYSTEM\",\"link\":\"TRANSACTIONS\"},{\"id\":\"notif_admin_ord_live_1776081805142\",\"userId\":\"7BqWaG4PXUYwUuoQe13P24xe7xs1\",\"title\":\"Platform Sale\",\"message\":\"Accra Avant-Garde sold Obsidian Wide Trousers ($450).\",\"read\":false,\"date\":\"2026-04-13T12:03:26.532Z\",\"type\":\"SYSTEM\",\"link\":\"TRANSACTIONS\"},{\"id\":\"notif_admin_ord_live_1776080757152\",\"userId\":\"7BqWaG4PXUYwUuoQe13P24xe7xs1\",\"title\":\"Platform Sale\",\"message\":\"Accra Avant-Garde sold Obsidian Wide Trousers ($450).\",\"read\":false,\"date\":\"2026-04-13T11:45:57.794Z\",\"type\":\"SYSTEM\",\"link\":\"TRANSACTIONS\"},{\"id\":\"notif_admin_ord_live_1776080706152\",\"userId\":\"7BqWaG4PXUYwUuoQe13P24xe7xs1\",\"title\":\"Platform Sale\",\"message\":\"Atelier Lagos sold Lagos Silk Dress ($250).\",\"read\":false,\"date\":\"2026-04-13T11:45:07.522Z\",\"type\":\"SYSTEM\",\"link\":\"TRANSACTIONS\"},{\"id\":\"notif_admin_ord_live_1776079901152\",\"userId\":\"7BqWaG4PXUYwUuoQe13P24xe7xs1\",\"title\":\"Platform Sale\",\"message\":\"Accra Avant-Garde sold Obsidian Wide Trousers ($450).\",\"read\":false,\"date\":\"2026-04-13T11:31:42.503Z\",\"type\":\"SYSTEM\",\"link\":\"TRANSACTIONS\"},{\"id\":\"notif_admin_ord_live_1776079251140\",\"userId\":\"7BqWaG4PXUYwUuoQe13P24xe7xs1\",\"title\":\"Platform Sale\",\"message\":\"Accra Avant-Garde sold Accra Leather Bag ($150).\",\"read\":false,\"date\":\"2026-04-13T11:20:52.380Z\",\"type\":\"SYSTEM\",\"link\":\"TRANSACTIONS\"},{\"id\":\"notif_admin_ord_live_1776079183148\",\"userId\":\"7BqWaG4PXUYwUuoQe13P24xe7xs1\",\"title\":\"Platform Sale\",\"message\":\"Accra Avant-Garde sold Obsidian Wide Trousers ($450).\",\"read\":false,\"date\":\"2026-04-13T11:19:43.821Z\",\"type\":\"SYSTEM\",\"link\":\"TRANSACTIONS\"},{\"id\":\"notif_admin_ord_live_1776079165150\",\"userId\":\"7BqWaG4PXUYwUuoQe13P24xe7xs1\",\"title\":\"Platform Sale\",\"message\":\"Accra Avant-Garde sold Accra Leather Bag ($150).\",\"read\":false,\"date\":\"2026-04-13T11:19:25.983Z\",\"type\":\"SYSTEM\",\"link\":\"TRANSACTIONS\"},{\"id\":\"notif_admin_ord_live_1776078918142\",\"userId\":\"7BqWaG4PXUYwUuoQe13P24xe7xs1\",\"title\":\"Platform Sale\",\"message\":\"Atelier Lagos sold Lagos Silk Dress ($250).\",\"read\":false,\"date\":\"2026-04-13T11:15:18.747Z\",\"type\":\"SYSTEM\",\"link\":\"TRANSACTIONS\"},{\"id\":\"notif_admin_ord_live_1776078892149\",\"userId\":\"7BqWaG4PXUYwUuoQe13P24xe7xs1\",\"title\":\"Platform Sale\",\"message\":\"Atelier Lagos sold Lagos Silk Dress ($250).\",\"read\":false,\"date\":\"2026-04-13T11:14:53.181Z\",\"type\":\"SYSTEM\",\"link\":\"TRANSACTIONS\"},{\"id\":\"notif_admin_ord_live_1776078802150\",\"userId\":\"7BqWaG4PXUYwUuoQe13P24xe7xs1\",\"title\":\"Platform Sale\",\"message\":\"Accra Avant-Garde sold Accra Leather Bag ($150).\",\"read\":false,\"date\":\"2026-04-13T11:13:23.038Z\",\"type\":\"SYSTEM\",\"link\":\"TRANSACTIONS\"},{\"id\":\"notif_admin_ord_live_1776075752150\",\"userId\":\"7BqWaG4PXUYwUuoQe13P24xe7xs1\",\"title\":\"Platform Sale\",\"message\":\"Accra Avant-Garde sold Obsidian Wide Trousers ($450).\",\"read\":false,\"date\":\"2026-04-13T10:22:33.105Z\",\"type\":\"SYSTEM\",\"link\":\"TRANSACTIONS\"},{\"id\":\"notif_admin_ord_live_1776075149878\",\"userId\":\"7BqWaG4PXUYwUuoQe13P24xe7xs1\",\"title\":\"Platform Sale\",\"message\":\"Accra Avant-Garde sold Accra Leather Bag ($150).\",\"read\":false,\"date\":\"2026-04-13T10:12:31.243Z\",\"type\":\"SYSTEM\",\"link\":\"TRANSACTIONS\"},{\"id\":\"notif_admin_ord_live_1775314490582\",\"userId\":\"7BqWaG4PXUYwUuoQe13P24xe7xs1\",\"title\":\"Platform Sale\",\"message\":\"Atelier Lagos sold Lagos Silk Dress ($250).\",\"read\":false,\"date\":\"2026-04-04T14:54:51.917Z\",\"type\":\"SYSTEM\",\"link\":\"TRANSACTIONS\"},{\"id\":\"notif_admin_ord_live_1775314036581\",\"userId\":\"7BqWaG4PXUYwUuoQe13P24xe7xs1\",\"title\":\"Platform Sale\",\"message\":\"Atelier Lagos sold Lagos Silk Dress ($250).\",\"read\":false,\"date\":\"2026-04-04T14:47:17.882Z\",\"type\":\"SYSTEM\",\"link\":\"TRANSACTIONS\"},{\"id\":\"notif_admin_ord_live_1775313640577\",\"userId\":\"7BqWaG4PXUYwUuoQe13P24xe7xs1\",\"title\":\"Platform Sale\",\"message\":\"Accra Avant-Garde sold Obsidian Wide Trousers ($450).\",\"read\":false,\"date\":\"2026-04-04T14:40:41.684Z\",\"type\":\"SYSTEM\",\"link\":\"TRANSACTIONS\"},{\"id\":\"notif_admin_ord_live_1775313415577\",\"userId\":\"7BqWaG4PXUYwUuoQe13P24xe7xs1\",\"title\":\"Platform Sale\",\"message\":\"Accra Avant-Garde sold Accra Leather Bag ($150).\",\"read\":false,\"date\":\"2026-04-04T14:36:56.220Z\",\"type\":\"SYSTEM\",\"link\":\"TRANSACTIONS\"},{\"id\":\"notif_admin_ord_live_1775312741584\",\"userId\":\"7BqWaG4PXUYwUuoQe13P24xe7xs1\",\"title\":\"Platform Sale\",\"message\":\"Accra Avant-Garde sold Obsidian Wide Trousers ($450).\",\"read\":false,\"date\":\"2026-04-04T14:25:42.235Z\",\"type\":\"SYSTEM\",\"link\":\"TRANSACTIONS\"},{\"id\":\"notif_admin_ord_live_1775312220580\",\"userId\":\"7BqWaG4PXUYwUuoQe13P24xe7xs1\",\"title\":\"Platform Sale\",\"message\":\"Accra Avant-Garde sold Accra Leather Bag ($150).\",\"read\":false,\"date\":\"2026-04-04T14:17:01.872Z\",\"type\":\"SYSTEM\",\"link\":\"TRANSACTIONS\"},{\"id\":\"notif_admin_ord_live_1775311991577\",\"userId\":\"7BqWaG4PXUYwUuoQe13P24xe7xs1\",\"title\":\"Platform Sale\",\"message\":\"Accra Avant-Garde sold Accra Leather Bag ($150).\",\"read\":false,\"date\":\"2026-04-04T14:13:12.202Z\",\"type\":\"SYSTEM\",\"link\":\"TRANSACTIONS\"},{\"id\":\"notif_admin_ord_live_1775311896582\",\"userId\":\"7BqWaG4PXUYwUuoQe13P24xe7xs1\",\"title\":\"Platform Sale\",\"message\":\"Accra Avant-Garde sold Obsidian Wide Trousers ($450).\",\"read\":false,\"date\":\"2026-04-04T14:11:37.653Z\",\"type\":\"SYSTEM\",\"link\":\"TRANSACTIONS\"},{\"id\":\"notif_admin_ord_live_1775311697583\",\"userId\":\"7BqWaG4PXUYwUuoQe13P24xe7xs1\",\"title\":\"Platform Sale\",\"message\":\"Accra Avant-Garde sold Obsidian Wide Trousers ($450).\",\"read\":false,\"date\":\"2026-04-04T14:08:18.981Z\",\"type\":\"SYSTEM\",\"link\":\"TRANSACTIONS\"},{\"id\":\"notif_admin_ord_live_1775311559580\",\"userId\":\"7BqWaG4PXUYwUuoQe13P24xe7xs1\",\"title\":\"Platform Sale\",\"message\":\"Atelier Lagos sold Lagos Silk Dress ($250).\",\"read\":false,\"date\":\"2026-04-04T14:06:00.196Z\",\"type\":\"SYSTEM\",\"link\":\"TRANSACTIONS\"},{\"id\":\"notif_admin_ord_live_1775311479574\",\"userId\":\"7BqWaG4PXUYwUuoQe13P24xe7xs1\",\"title\":\"Platform Sale\",\"message\":\"Accra Avant-Garde sold Accra Leather Bag ($150).\",\"read\":false,\"date\":\"2026-04-04T14:04:40.244Z\",\"type\":\"SYSTEM\",\"link\":\"TRANSACTIONS\"},{\"id\":\"notif_admin_ord_live_1775311453578\",\"userId\":\"7BqWaG4PXUYwUuoQe13P24xe7xs1\",\"title\":\"Platform Sale\",\"message\":\"Accra Avant-Garde sold Obsidian Wide Trousers ($450).\",\"read\":false,\"date\":\"2026-04-04T14:04:19.018Z\",\"type\":\"SYSTEM\",\"link\":\"TRANSACTIONS\"},{\"id\":\"notif_admin_ord_live_1775311396589\",\"userId\":\"7BqWaG4PXUYwUuoQe13P24xe7xs1\",\"title\":\"Platform Sale\",\"message\":\"Accra Avant-Garde sold Obsidian Wide Trousers ($450).\",\"read\":false,\"date\":\"2026-04-04T14:03:17.951Z\",\"type\":\"SYSTEM\",\"link\":\"TRANSACTIONS\"},{\"id\":\"notif_admin_ord_live_1775310899580\",\"userId\":\"7BqWaG4PXUYwUuoQe13P24xe7xs1\",\"title\":\"Platform Sale\",\"message\":\"Accra Avant-Garde sold Obsidian Wide Trousers ($450).\",\"read\":false,\"date\":\"2026-04-04T13:55:00.209Z\",\"type\":\"SYSTEM\",\"link\":\"TRANSACTIONS\"},{\"id\":\"notif_admin_ord_live_1775310741585\",\"userId\":\"7BqWaG4PXUYwUuoQe13P24xe7xs1\",\"title\":\"Platform Sale\",\"message\":\"Atelier Lagos sold Lagos Silk Dress ($250).\",\"read\":false,\"date\":\"2026-04-04T13:52:22.677Z\",\"type\":\"SYSTEM\",\"link\":\"TRANSACTIONS\"},{\"id\":\"notif_admin_ord_live_1775310673581\",\"userId\":\"7BqWaG4PXUYwUuoQe13P24xe7xs1\",\"title\":\"Platform Sale\",\"message\":\"Atelier Lagos sold Lagos Silk Dress ($250).\",\"read\":false,\"date\":\"2026-04-04T13:51:16.100Z\",\"type\":\"SYSTEM\",\"link\":\"TRANSACTIONS\"},{\"id\":\"notif_admin_ord_live_1775310156599\",\"userId\":\"7BqWaG4PXUYwUuoQe13P24xe7xs1\",\"title\":\"Platform Sale\",\"message\":\"Accra Avant-Garde sold Accra Leather Bag ($150).\",\"read\":false,\"date\":\"2026-04-04T13:42:37.968Z\",\"type\":\"SYSTEM\",\"link\":\"TRANSACTIONS\"},{\"id\":\"notif_admin_ord_live_1775309101588\",\"userId\":\"7BqWaG4PXUYwUuoQe13P24xe7xs1\",\"title\":\"Platform Sale\",\"message\":\"Accra Avant-Garde sold Accra Leather Bag ($150).\",\"read\":false,\"date\":\"2026-04-04T13:25:04.062Z\",\"type\":\"SYSTEM\",\"link\":\"TRANSACTIONS\"},{\"id\":\"notif_admin_ord_live_1775308926583\",\"userId\":\"7BqWaG4PXUYwUuoQe13P24xe7xs1\",\"title\":\"Platform Sale\",\"message\":\"Atelier Lagos sold Lagos Silk Dress ($250).\",\"read\":false,\"date\":\"2026-04-04T13:22:07.601Z\",\"type\":\"SYSTEM\",\"link\":\"TRANSACTIONS\"},{\"id\":\"notif_admin_ord_live_1775308376582\",\"userId\":\"7BqWaG4PXUYwUuoQe13P24xe7xs1\",\"title\":\"Platform Sale\",\"message\":\"Atelier Lagos sold Lagos Silk Dress ($250).\",\"read\":false,\"date\":\"2026-04-04T13:12:57.916Z\",\"type\":\"SYSTEM\",\"link\":\"TRANSACTIONS\"},{\"id\":\"notif_admin_ord_live_1775308274635\",\"userId\":\"7BqWaG4PXUYwUuoQe13P24xe7xs1\",\"title\":\"Platform Sale\",\"message\":\"Accra Avant-Garde sold Obsidian Wide Trousers ($450).\",\"read\":false,\"date\":\"2026-04-04T13:11:15.856Z\",\"type\":\"SYSTEM\",\"link\":\"TRANSACTIONS\"},{\"id\":\"notif_admin_ord_live_1775308168905\",\"userId\":\"7BqWaG4PXUYwUuoQe13P24xe7xs1\",\"title\":\"Platform Sale\",\"message\":\"Accra Avant-Garde sold Accra Leather Bag ($150).\",\"read\":false,\"date\":\"2026-04-04T13:09:31.101Z\",\"type\":\"SYSTEM\",\"link\":\"TRANSACTIONS\"},{\"id\":\"notif_admin_ord_live_1775307991589\",\"userId\":\"7BqWaG4PXUYwUuoQe13P24xe7xs1\",\"title\":\"Platform Sale\",\"message\":\"Atelier Lagos sold Lagos Silk Dress ($250).\",\"read\":false,\"date\":\"2026-04-04T13:06:32.302Z\",\"type\":\"SYSTEM\",\"link\":\"TRANSACTIONS\"},{\"id\":\"notif_admin_ord_live_1775307907603\",\"userId\":\"7BqWaG4PXUYwUuoQe13P24xe7xs1\",\"title\":\"Platform Sale\",\"message\":\"Atelier Lagos sold Lagos Silk Dress ($250).\",\"read\":false,\"date\":\"2026-04-04T13:05:08.291Z\",\"type\":\"SYSTEM\",\"link\":\"TRANSACTIONS\"},{\"id\":\"notif_admin_ord_live_1775306644579\",\"userId\":\"7BqWaG4PXUYwUuoQe13P24xe7xs1\",\"title\":\"Platform Sale\",\"message\":\"Accra Avant-Garde sold Obsidian Wide Trousers ($450).\",\"read\":false,\"date\":\"2026-04-04T12:44:05.247Z\",\"type\":\"SYSTEM\",\"link\":\"TRANSACTIONS\"},{\"id\":\"notif_admin_ord_live_1775306576614\",\"userId\":\"7BqWaG4PXUYwUuoQe13P24xe7xs1\",\"title\":\"Platform Sale\",\"message\":\"Accra Avant-Garde sold Accra Leather Bag ($150).\",\"read\":false,\"date\":\"2026-04-04T12:42:57.284Z\",\"type\":\"SYSTEM\",\"link\":\"TRANSACTIONS\"},{\"id\":\"notif_admin_ord_live_1775306496582\",\"userId\":\"7BqWaG4PXUYwUuoQe13P24xe7xs1\",\"title\":\"Platform Sale\",\"message\":\"Accra Avant-Garde sold Accra Leather Bag ($150).\",\"read\":false,\"date\":\"2026-04-04T12:41:38.593Z\",\"type\":\"SYSTEM\",\"link\":\"TRANSACTIONS\"},{\"id\":\"notif_admin_ord_live_1775306113574\",\"userId\":\"7BqWaG4PXUYwUuoQe13P24xe7xs1\",\"title\":\"Platform Sale\",\"message\":\"Accra Avant-Garde sold Obsidian Wide Trousers ($450).\",\"read\":false,\"date\":\"2026-04-04T12:35:16.415Z\",\"type\":\"SYSTEM\",\"link\":\"TRANSACTIONS\"},{\"id\":\"notif_admin_ord_live_1775306016583\",\"userId\":\"7BqWaG4PXUYwUuoQe13P24xe7xs1\",\"title\":\"Platform Sale\",\"message\":\"Atelier Lagos sold Lagos Silk Dress ($250).\",\"read\":false,\"date\":\"2026-04-04T12:33:40.362Z\",\"type\":\"SYSTEM\",\"link\":\"TRANSACTIONS\"},{\"id\":\"notif_admin_ord_live_1775305711576\",\"userId\":\"7BqWaG4PXUYwUuoQe13P24xe7xs1\",\"title\":\"Platform Sale\",\"message\":\"Accra Avant-Garde sold Accra Leather Bag ($150).\",\"read\":false,\"date\":\"2026-04-04T12:28:33.084Z\",\"type\":\"SYSTEM\",\"link\":\"TRANSACTIONS\"},{\"id\":\"notif_admin_ord_live_1775305673588\",\"userId\":\"7BqWaG4PXUYwUuoQe13P24xe7xs1\",\"title\":\"Platform Sale\",\"message\":\"Accra Avant-Garde sold Obsidian Wide Trousers ($450).\",\"read\":false,\"date\":\"2026-04-04T12:27:56.728Z\",\"type\":\"SYSTEM\",\"link\":\"TRANSACTIONS\"},{\"id\":\"notif_admin_ord_live_1775305507638\",\"userId\":\"7BqWaG4PXUYwUuoQe13P24xe7xs1\",\"title\":\"Platform Sale\",\"message\":\"Accra Avant-Garde sold Obsidian Wide Trousers ($450).\",\"read\":false,\"date\":\"2026-04-04T12:25:09.198Z\",\"type\":\"SYSTEM\",\"link\":\"TRANSACTIONS\"},{\"id\":\"notif_admin_ord_live_1775305038577\",\"userId\":\"7BqWaG4PXUYwUuoQe13P24xe7xs1\",\"title\":\"Platform Sale\",\"message\":\"Accra Avant-Garde sold Obsidian Wide Trousers ($450).\",\"read\":false,\"date\":\"2026-04-04T12:17:19.465Z\",\"type\":\"SYSTEM\",\"link\":\"TRANSACTIONS\"},{\"id\":\"notif_admin_ord_live_1775304994580\",\"userId\":\"7BqWaG4PXUYwUuoQe13P24xe7xs1\",\"title\":\"Platform Sale\",\"message\":\"Accra Avant-Garde sold Accra Leather Bag ($150).\",\"read\":false,\"date\":\"2026-04-04T12:16:36.096Z\",\"type\":\"SYSTEM\",\"link\":\"TRANSACTIONS\"},{\"id\":\"notif_admin_ord_live_1775304958599\",\"userId\":\"7BqWaG4PXUYwUuoQe13P24xe7xs1\",\"title\":\"Platform Sale\",\"message\":\"Atelier Lagos sold Lagos Silk Dress ($250).\",\"read\":false,\"date\":\"2026-04-04T12:15:59.406Z\",\"type\":\"SYSTEM\",\"link\":\"TRANSACTIONS\"},{\"id\":\"notif_admin_ord_live_1775304712584\",\"userId\":\"7BqWaG4PXUYwUuoQe13P24xe7xs1\",\"title\":\"Platform Sale\",\"message\":\"Atelier Lagos sold Lagos Silk Dress ($250).\",\"read\":false,\"date\":\"2026-04-04T12:11:53.777Z\",\"type\":\"SYSTEM\",\"link\":\"TRANSACTIONS\"},{\"id\":\"notif_admin_ord_live_1775304667587\",\"userId\":\"7BqWaG4PXUYwUuoQe13P24xe7xs1\",\"title\":\"Platform Sale\",\"message\":\"Atelier Lagos sold Lagos Silk Dress ($250).\",\"read\":false,\"date\":\"2026-04-04T12:11:09.291Z\",\"type\":\"SYSTEM\",\"link\":\"TRANSACTIONS\"},{\"id\":\"n1\",\"userId\":\"all\",\"title\":\"Welcome to MyFitStore\",\"message\":\"Experience the new vanguard of digital luxury. Explore our curated collections.\",\"read\":false,\"date\":\"2026-04-04T12:03:51.505Z\",\"type\":\"SYSTEM\",\"link\":\"MARKETPLACE\"},{\"id\":\"n2\",\"userId\":\"all\",\"title\":\"New Season Drop\",\"message\":\"The Vantablack Ether Coat is now available for pre-order. Limited quantities.\",\"read\":false,\"date\":\"2026-04-04T12:03:51.505Z\",\"type\":\"PROMO\",\"link\":\"THE_DROP\"},{\"id\":\"notif_admin_ord_live_1775302435586\",\"userId\":\"7BqWaG4PXUYwUuoQe13P24xe7xs1\",\"title\":\"Platform Sale\",\"message\":\"Atelier Lagos sold Lagos Silk Dress ($250).\",\"read\":false,\"date\":\"2026-04-04T11:33:56.348Z\",\"type\":\"SYSTEM\",\"link\":\"TRANSACTIONS\"},{\"id\":\"notif_admin_ord_live_1775147862672\",\"userId\":\"7BqWaG4PXUYwUuoQe13P24xe7xs1\",\"title\":\"Platform Sale\",\"message\":\"Atelier Lagos sold Lagos Silk Dress ($250).\",\"read\":false,\"date\":\"2026-04-02T16:37:43.317Z\",\"type\":\"SYSTEM\",\"link\":\"TRANSACTIONS\"},{\"id\":\"notif_admin_ord_live_1775147547678\",\"userId\":\"7BqWaG4PXUYwUuoQe13P24xe7xs1\",\"title\":\"Platform Sale\",\"message\":\"Accra Avant-Garde sold Obsidian Wide Trousers ($450).\",\"read\":false,\"date\":\"2026-04-02T16:32:28.399Z\",\"type\":\"SYSTEM\",\"link\":\"TRANSACTIONS\"},{\"id\":\"notif_admin_ord_live_1775147483680\",\"userId\":\"7BqWaG4PXUYwUuoQe13P24xe7xs1\",\"title\":\"Platform Sale\",\"message\":\"Accra Avant-Garde sold Accra Leather Bag ($150).\",\"read\":false,\"date\":\"2026-04-02T16:31:24.296Z\",\"type\":\"SYSTEM\",\"link\":\"TRANSACTIONS\"},{\"id\":\"notif_admin_ord_live_1775147383671\",\"userId\":\"7BqWaG4PXUYwUuoQe13P24xe7xs1\",\"title\":\"Platform Sale\",\"message\":\"Atelier Lagos sold Lagos Silk Dress ($250).\",\"read\":false,\"date\":\"2026-04-02T16:29:44.420Z\",\"type\":\"SYSTEM\",\"link\":\"TRANSACTIONS\"},{\"id\":\"notif_admin_ord_live_1775147013666\",\"userId\":\"7BqWaG4PXUYwUuoQe13P24xe7xs1\",\"title\":\"Platform Sale\",\"message\":\"Atelier Lagos sold Lagos Silk Dress ($250).\",\"read\":false,\"date\":\"2026-04-02T16:23:34.567Z\",\"type\":\"SYSTEM\",\"link\":\"TRANSACTIONS\"},{\"id\":\"notif_admin_ord_live_1775146692679\",\"userId\":\"7BqWaG4PXUYwUuoQe13P24xe7xs1\",\"title\":\"Platform Sale\",\"message\":\"Atelier Lagos sold Lagos Silk Dress ($250).\",\"read\":false,\"date\":\"2026-04-02T16:18:13.768Z\",\"type\":\"SYSTEM\",\"link\":\"TRANSACTIONS\"},{\"id\":\"notif_admin_ord_live_1775146617663\",\"userId\":\"7BqWaG4PXUYwUuoQe13P24xe7xs1\",\"title\":\"Platform Sale\",\"message\":\"Atelier Lagos sold Lagos Silk Dress ($250).\",\"read\":false,\"date\":\"2026-04-02T16:16:58.279Z\",\"type\":\"SYSTEM\",\"link\":\"TRANSACTIONS\"},{\"id\":\"notif_admin_ord_live_1775146554670\",\"userId\":\"7BqWaG4PXUYwUuoQe13P24xe7xs1\",\"title\":\"Platform Sale\",\"message\":\"Atelier Lagos sold Lagos Silk Dress ($250).\",\"read\":false,\"date\":\"2026-04-02T16:15:55.220Z\",\"type\":\"SYSTEM\",\"link\":\"TRANSACTIONS\"},{\"id\":\"notif_admin_ord_live_1775145779672\",\"userId\":\"7BqWaG4PXUYwUuoQe13P24xe7xs1\",\"title\":\"Platform Sale\",\"message\":\"Accra Avant-Garde sold Accra Leather Bag ($150).\",\"read\":false,\"date\":\"2026-04-02T16:03:00.463Z\",\"type\":\"SYSTEM\",\"link\":\"TRANSACTIONS\"},{\"id\":\"notif_admin_ord_live_1775145702678\",\"userId\":\"7BqWaG4PXUYwUuoQe13P24xe7xs1\",\"title\":\"Platform Sale\",\"message\":\"Accra Avant-Garde sold Obsidian Wide Trousers ($450).\",\"read\":false,\"date\":\"2026-04-02T16:01:43.569Z\",\"type\":\"SYSTEM\",\"link\":\"TRANSACTIONS\"},{\"id\":\"notif_admin_ord_live_1775145535670\",\"userId\":\"7BqWaG4PXUYwUuoQe13P24xe7xs1\",\"title\":\"Platform Sale\",\"message\":\"Atelier Lagos sold Lagos Silk Dress ($250).\",\"read\":false,\"date\":\"2026-04-02T15:58:56.272Z\",\"type\":\"SYSTEM\",\"link\":\"TRANSACTIONS\"},{\"id\":\"notif_admin_ord_live_1775144876667\",\"userId\":\"7BqWaG4PXUYwUuoQe13P24xe7xs1\",\"title\":\"Platform Sale\",\"message\":\"Accra Avant-Garde sold Accra Leather Bag ($150).\",\"read\":false,\"date\":\"2026-04-02T15:47:57.368Z\",\"type\":\"SYSTEM\",\"link\":\"TRANSACTIONS\"},{\"id\":\"notif_admin_ord_live_1775144637678\",\"userId\":\"7BqWaG4PXUYwUuoQe13P24xe7xs1\",\"title\":\"Platform Sale\",\"message\":\"Atelier Lagos sold Lagos Silk Dress ($250).\",\"read\":false,\"date\":\"2026-04-02T15:43:58.247Z\",\"type\":\"SYSTEM\",\"link\":\"TRANSACTIONS\"},{\"id\":\"notif_admin_ord_live_1775144608672\",\"userId\":\"7BqWaG4PXUYwUuoQe13P24xe7xs1\",\"title\":\"Platform Sale\",\"message\":\"Accra Avant-Garde sold Accra Leather Bag ($150).\",\"read\":false,\"date\":\"2026-04-02T15:43:31.170Z\",\"type\":\"SYSTEM\",\"link\":\"TRANSACTIONS\"},{\"id\":\"notif_admin_ord_live_1775143808677\",\"userId\":\"7BqWaG4PXUYwUuoQe13P24xe7xs1\",\"title\":\"Platform Sale\",\"message\":\"Accra Avant-Garde sold Accra Leather Bag ($150).\",\"read\":false,\"date\":\"2026-04-02T15:30:09.273Z\",\"type\":\"SYSTEM\",\"link\":\"TRANSACTIONS\"},{\"id\":\"notif_admin_ord_live_1775143668677\",\"userId\":\"7BqWaG4PXUYwUuoQe13P24xe7xs1\",\"title\":\"Platform Sale\",\"message\":\"Accra Avant-Garde sold Accra Leather Bag ($150).\",\"read\":false,\"date\":\"2026-04-02T15:27:49.270Z\",\"type\":\"SYSTEM\",\"link\":\"TRANSACTIONS\"},{\"id\":\"notif_admin_ord_live_1775143370059\",\"userId\":\"7BqWaG4PXUYwUuoQe13P24xe7xs1\",\"title\":\"Platform Sale\",\"message\":\"Accra Avant-Garde sold Obsidian Wide Trousers ($450).\",\"read\":false,\"date\":\"2026-04-02T15:22:52.506Z\",\"type\":\"SYSTEM\",\"link\":\"TRANSACTIONS\"},{\"id\":\"notif_admin_ord_live_1775142515671\",\"userId\":\"7BqWaG4PXUYwUuoQe13P24xe7xs1\",\"title\":\"Platform Sale\",\"message\":\"Atelier Lagos sold Lagos Silk Dress ($250).\",\"read\":false,\"date\":\"2026-04-02T15:08:36.272Z\",\"type\":\"SYSTEM\",\"link\":\"TRANSACTIONS\"},{\"id\":\"notif_admin_ord_live_1775142374674\",\"userId\":\"7BqWaG4PXUYwUuoQe13P24xe7xs1\",\"title\":\"Platform Sale\",\"message\":\"Accra Avant-Garde sold Obsidian Wide Trousers ($450).\",\"read\":false,\"date\":\"2026-04-02T15:06:15.298Z\",\"type\":\"SYSTEM\",\"link\":\"TRANSACTIONS\"},{\"id\":\"notif_admin_ord_live_1775142292667\",\"userId\":\"7BqWaG4PXUYwUuoQe13P24xe7xs1\",\"title\":\"Platform Sale\",\"message\":\"Accra Avant-Garde sold Accra Leather Bag ($150).\",\"read\":false,\"date\":\"2026-04-02T15:04:53.296Z\",\"type\":\"SYSTEM\",\"link\":\"TRANSACTIONS\"},{\"id\":\"notif_admin_ord_live_1775142268666\",\"userId\":\"7BqWaG4PXUYwUuoQe13P24xe7xs1\",\"title\":\"Platform Sale\",\"message\":\"Accra Avant-Garde sold Obsidian Wide Trousers ($450).\",\"read\":false,\"date\":\"2026-04-02T15:04:34.299Z\",\"type\":\"SYSTEM\",\"link\":\"TRANSACTIONS\"},{\"id\":\"notif_admin_ord_live_1775141690672\",\"userId\":\"7BqWaG4PXUYwUuoQe13P24xe7xs1\",\"title\":\"Platform Sale\",\"message\":\"Accra Avant-Garde sold Obsidian Wide Trousers ($450).\",\"read\":false,\"date\":\"2026-04-02T14:54:51.427Z\",\"type\":\"SYSTEM\",\"link\":\"TRANSACTIONS\"},{\"id\":\"notif_admin_ord_live_1775141639667\",\"userId\":\"7BqWaG4PXUYwUuoQe13P24xe7xs1\",\"title\":\"Platform Sale\",\"message\":\"Accra Avant-Garde sold Obsidian Wide Trousers ($450).\",\"read\":false,\"date\":\"2026-04-02T14:54:31.166Z\",\"type\":\"SYSTEM\",\"link\":\"TRANSACTIONS\"},{\"id\":\"notif_admin_ord_live_1775141609678\",\"userId\":\"7BqWaG4PXUYwUuoQe13P24xe7xs1\",\"title\":\"Platform Sale\",\"message\":\"Accra Avant-Garde sold Accra Leather Bag ($150).\",\"read\":false,\"date\":\"2026-04-02T14:54:31.164Z\",\"type\":\"SYSTEM\",\"link\":\"TRANSACTIONS\"},{\"id\":\"notif_admin_ord_live_1775141624664\",\"userId\":\"7BqWaG4PXUYwUuoQe13P24xe7xs1\",\"title\":\"Platform Sale\",\"message\":\"Atelier Lagos sold Lagos Silk Dress ($250).\",\"read\":false,\"date\":\"2026-04-02T14:54:31.161Z\",\"type\":\"SYSTEM\",\"link\":\"TRANSACTIONS\"},{\"id\":\"notif_admin_ord_live_1775141472674\",\"userId\":\"7BqWaG4PXUYwUuoQe13P24xe7xs1\",\"title\":\"Platform Sale\",\"message\":\"Accra Avant-Garde sold Obsidian Wide Trousers ($450).\",\"read\":false,\"date\":\"2026-04-02T14:51:13.804Z\",\"type\":\"SYSTEM\",\"link\":\"TRANSACTIONS\"},{\"id\":\"notif_admin_ord_live_1775141302670\",\"userId\":\"7BqWaG4PXUYwUuoQe13P24xe7xs1\",\"title\":\"Platform Sale\",\"message\":\"Atelier Lagos sold Lagos Silk Dress ($250).\",\"read\":false,\"date\":\"2026-04-02T14:48:51.270Z\",\"type\":\"SYSTEM\",\"link\":\"TRANSACTIONS\"},{\"id\":\"notif_admin_ord_live_1775141236676\",\"userId\":\"7BqWaG4PXUYwUuoQe13P24xe7xs1\",\"title\":\"Platform Sale\",\"message\":\"Accra Avant-Garde sold Accra Leather Bag ($150).\",\"read\":false,\"date\":\"2026-04-02T14:47:17.453Z\",\"type\":\"SYSTEM\",\"link\":\"TRANSACTIONS\"},{\"id\":\"notif_admin_ord_live_1775141128677\",\"userId\":\"7BqWaG4PXUYwUuoQe13P24xe7xs1\",\"title\":\"Platform Sale\",\"message\":\"Accra Avant-Garde sold Accra Leather Bag ($150).\",\"read\":false,\"date\":\"2026-04-02T14:45:31.066Z\",\"type\":\"SYSTEM\",\"link\":\"TRANSACTIONS\"},{\"id\":\"notif_admin_ord_live_1775140583676\",\"userId\":\"7BqWaG4PXUYwUuoQe13P24xe7xs1\",\"title\":\"Platform Sale\",\"message\":\"Atelier Lagos sold Lagos Silk Dress ($250).\",\"read\":false,\"date\":\"2026-04-02T14:36:24.515Z\",\"type\":\"SYSTEM\",\"link\":\"TRANSACTIONS\"},{\"id\":\"notif_admin_ord_live_1775140156676\",\"userId\":\"7BqWaG4PXUYwUuoQe13P24xe7xs1\",\"title\":\"Platform Sale\",\"message\":\"Atelier Lagos sold Lagos Silk Dress ($250).\",\"read\":false,\"date\":\"2026-04-02T14:29:21.570Z\",\"type\":\"SYSTEM\",\"link\":\"TRANSACTIONS\"},{\"id\":\"notif_admin_ord_live_1775139549672\",\"userId\":\"7BqWaG4PXUYwUuoQe13P24xe7xs1\",\"title\":\"Platform Sale\",\"message\":\"Accra Avant-Garde sold Accra Leather Bag ($150).\",\"read\":false,\"date\":\"2026-04-02T14:19:10.246Z\",\"type\":\"SYSTEM\",\"link\":\"TRANSACTIONS\"},{\"id\":\"notif_admin_ord_live_1775139508668\",\"userId\":\"7BqWaG4PXUYwUuoQe13P24xe7xs1\",\"title\":\"Platform Sale\",\"message\":\"Atelier Lagos sold Lagos Silk Dress ($250).\",\"read\":false,\"date\":\"2026-04-02T14:18:34.529Z\",\"type\":\"SYSTEM\",\"link\":\"TRANSACTIONS\"},{\"id\":\"notif_admin_ord_live_1775138859671\",\"userId\":\"7BqWaG4PXUYwUuoQe13P24xe7xs1\",\"title\":\"Platform Sale\",\"message\":\"Atelier Lagos sold Lagos Silk Dress ($250).\",\"read\":false,\"date\":\"2026-04-02T14:07:40.512Z\",\"type\":\"SYSTEM\",\"link\":\"TRANSACTIONS\"},{\"id\":\"notif_admin_ord_live_1775138744669\",\"userId\":\"7BqWaG4PXUYwUuoQe13P24xe7xs1\",\"title\":\"Platform Sale\",\"message\":\"Atelier Lagos sold Lagos Silk Dress ($250).\",\"read\":false,\"date\":\"2026-04-02T14:05:45.234Z\",\"type\":\"SYSTEM\",\"link\":\"TRANSACTIONS\"},{\"id\":\"notif_admin_ord_live_1775138584670\",\"userId\":\"7BqWaG4PXUYwUuoQe13P24xe7xs1\",\"title\":\"Platform Sale\",\"message\":\"Atelier Lagos sold Lagos Silk Dress ($250).\",\"read\":false,\"date\":\"2026-04-02T14:03:05.378Z\",\"type\":\"SYSTEM\",\"link\":\"TRANSACTIONS\"},{\"id\":\"notif_admin_ord_live_1775138522673\",\"userId\":\"7BqWaG4PXUYwUuoQe13P24xe7xs1\",\"title\":\"Platform Sale\",\"message\":\"Atelier Lagos sold Lagos Silk Dress ($250).\",\"read\":false,\"date\":\"2026-04-02T14:02:03.390Z\",\"type\":\"SYSTEM\",\"link\":\"TRANSACTIONS\"},{\"id\":\"notif_admin_ord_live_1775138484672\",\"userId\":\"7BqWaG4PXUYwUuoQe13P24xe7xs1\",\"title\":\"Platform Sale\",\"message\":\"Accra Avant-Garde sold Accra Leather Bag ($150).\",\"read\":false,\"date\":\"2026-04-02T14:01:25.259Z\",\"type\":\"SYSTEM\",\"link\":\"TRANSACTIONS\"},{\"id\":\"notif_admin_ord_live_1775138413670\",\"userId\":\"7BqWaG4PXUYwUuoQe13P24xe7xs1\",\"title\":\"Platform Sale\",\"message\":\"Accra Avant-Garde sold Accra Leather Bag ($150).\",\"read\":false,\"date\":\"2026-04-02T14:00:14.541Z\",\"type\":\"SYSTEM\",\"link\":\"TRANSACTIONS\"},{\"id\":\"notif_admin_ord_live_1775138222675\",\"userId\":\"7BqWaG4PXUYwUuoQe13P24xe7xs1\",\"title\":\"Platform Sale\",\"message\":\"Accra Avant-Garde sold Obsidian Wide Trousers ($450).\",\"read\":false,\"date\":\"2026-04-02T13:57:03.286Z\",\"type\":\"SYSTEM\",\"link\":\"TRANSACTIONS\"},{\"id\":\"notif_admin_ord_live_1775138097676\",\"userId\":\"7BqWaG4PXUYwUuoQe13P24xe7xs1\",\"title\":\"Platform Sale\",\"message\":\"Accra Avant-Garde sold Obsidian Wide Trousers ($450).\",\"read\":false,\"date\":\"2026-04-02T13:54:58.278Z\",\"type\":\"SYSTEM\",\"link\":\"TRANSACTIONS\"},{\"id\":\"notif_admin_ord_live_1775137870677\",\"userId\":\"7BqWaG4PXUYwUuoQe13P24xe7xs1\",\"title\":\"Platform Sale\",\"message\":\"Atelier Lagos sold Lagos Silk Dress ($250).\",\"read\":false,\"date\":\"2026-04-02T13:51:11.324Z\",\"type\":\"SYSTEM\",\"link\":\"TRANSACTIONS\"},{\"id\":\"notif_admin_ord_live_1775136748688\",\"userId\":\"7BqWaG4PXUYwUuoQe13P24xe7xs1\",\"title\":\"Platform Sale\",\"message\":\"Accra Avant-Garde sold Accra Leather Bag ($150).\",\"read\":false,\"date\":\"2026-04-02T13:32:29.634Z\",\"type\":\"SYSTEM\",\"link\":\"TRANSACTIONS\"},{\"id\":\"notif_admin_ord_live_1775136292670\",\"userId\":\"7BqWaG4PXUYwUuoQe13P24xe7xs1\",\"title\":\"Platform Sale\",\"message\":\"Accra Avant-Garde sold Obsidian Wide Trousers ($450).\",\"read\":false,\"date\":\"2026-04-02T13:24:59.450Z\",\"type\":\"SYSTEM\",\"link\":\"TRANSACTIONS\"},{\"id\":\"notif_admin_ord_live_1775136199677\",\"userId\":\"7BqWaG4PXUYwUuoQe13P24xe7xs1\",\"title\":\"Platform Sale\",\"message\":\"Accra Avant-Garde sold Obsidian Wide Trousers ($450).\",\"read\":false,\"date\":\"2026-04-02T13:23:20.694Z\",\"type\":\"SYSTEM\",\"link\":\"TRANSACTIONS\"},{\"id\":\"notif_admin_ord_live_1775136088674\",\"userId\":\"7BqWaG4PXUYwUuoQe13P24xe7xs1\",\"title\":\"Platform Sale\",\"message\":\"Accra Avant-Garde sold Obsidian Wide Trousers ($450).\",\"read\":false,\"date\":\"2026-04-02T13:21:30.009Z\",\"type\":\"SYSTEM\",\"link\":\"TRANSACTIONS\"},{\"id\":\"notif_admin_ord_live_1775135824690\",\"userId\":\"7BqWaG4PXUYwUuoQe13P24xe7xs1\",\"title\":\"Platform Sale\",\"message\":\"Accra Avant-Garde sold Obsidian Wide Trousers ($450).\",\"read\":false,\"date\":\"2026-04-02T13:17:05.685Z\",\"type\":\"SYSTEM\",\"link\":\"TRANSACTIONS\"},{\"id\":\"notif_admin_ord_live_1775134214668\",\"userId\":\"7BqWaG4PXUYwUuoQe13P24xe7xs1\",\"title\":\"Platform Sale\",\"message\":\"Atelier Lagos sold Lagos Silk Dress ($250).\",\"read\":false,\"date\":\"2026-04-02T12:50:15.297Z\",\"type\":\"SYSTEM\",\"link\":\"TRANSACTIONS\"},{\"id\":\"notif_admin_ord_live_1775134037677\",\"userId\":\"7BqWaG4PXUYwUuoQe13P24xe7xs1\",\"title\":\"Platform Sale\",\"message\":\"Accra Avant-Garde sold Obsidian Wide Trousers ($450).\",\"read\":false,\"date\":\"2026-04-02T12:47:18.764Z\",\"type\":\"SYSTEM\",\"link\":\"TRANSACTIONS\"}]"}
